Archive member included to satisfy reference by file (symbol)

c:/program files (x86)/gnu tools arm embedded/7 2018-q2-update/bin/../lib/gcc/arm-none-eabi/7.3.1/thumb/v6-m\libgcc.a(_udivsi3.o)
                              ./system/src/cmsis/system_stm32f0xx.o (__aeabi_uidiv)
c:/program files (x86)/gnu tools arm embedded/7 2018-q2-update/bin/../lib/gcc/arm-none-eabi/7.3.1/thumb/v6-m\libgcc.a(_dvmd_tls.o)
                              c:/program files (x86)/gnu tools arm embedded/7 2018-q2-update/bin/../lib/gcc/arm-none-eabi/7.3.1/thumb/v6-m\libgcc.a(_udivsi3.o) (__aeabi_idiv0)
c:/program files (x86)/gnu tools arm embedded/7 2018-q2-update/bin/../lib/gcc/arm-none-eabi/7.3.1/../../../../arm-none-eabi/lib/thumb/v6-m\libg.a(lib_a-errno.o)
                              ./system/src/newlib/_sbrk.o (__errno)
c:/program files (x86)/gnu tools arm embedded/7 2018-q2-update/bin/../lib/gcc/arm-none-eabi/7.3.1/../../../../arm-none-eabi/lib/thumb/v6-m\libg.a(lib_a-impure.o)
                              c:/program files (x86)/gnu tools arm embedded/7 2018-q2-update/bin/../lib/gcc/arm-none-eabi/7.3.1/../../../../arm-none-eabi/lib/thumb/v6-m\libg.a(lib_a-errno.o) (_impure_ptr)
c:/program files (x86)/gnu tools arm embedded/7 2018-q2-update/bin/../lib/gcc/arm-none-eabi/7.3.1/../../../../arm-none-eabi/lib/thumb/v6-m\libg.a(lib_a-init.o)
                              ./system/src/cmsis/startup_stm32f072xb.o (__libc_init_array)
c:/program files (x86)/gnu tools arm embedded/7 2018-q2-update/bin/../lib/gcc/arm-none-eabi/7.3.1/../../../../arm-none-eabi/lib/thumb/v6-m\libg.a(lib_a-strlen-stub.o)
                              ./system/src/diag/Trace.o (strlen)
c:/program files (x86)/gnu tools arm embedded/7 2018-q2-update/bin/../lib/gcc/arm-none-eabi/7.3.1/../../../../arm-none-eabi/lib/thumb/v6-m\libg.a(lib_a-vsnprintf.o)
                              ./system/src/diag/Trace.o (vsnprintf)
c:/program files (x86)/gnu tools arm embedded/7 2018-q2-update/bin/../lib/gcc/arm-none-eabi/7.3.1/../../../../arm-none-eabi/lib/thumb/v6-m\libg.a(lib_a-svfprintf.o)
                              c:/program files (x86)/gnu tools arm embedded/7 2018-q2-update/bin/../lib/gcc/arm-none-eabi/7.3.1/../../../../arm-none-eabi/lib/thumb/v6-m\libg.a(lib_a-vsnprintf.o) (_svfprintf_r)
c:/program files (x86)/gnu tools arm embedded/7 2018-q2-update/bin/../lib/gcc/arm-none-eabi/7.3.1/../../../../arm-none-eabi/lib/thumb/v6-m\libg.a(lib_a-dtoa.o)
                              c:/program files (x86)/gnu tools arm embedded/7 2018-q2-update/bin/../lib/gcc/arm-none-eabi/7.3.1/../../../../arm-none-eabi/lib/thumb/v6-m\libg.a(lib_a-svfprintf.o) (_dtoa_r)
c:/program files (x86)/gnu tools arm embedded/7 2018-q2-update/bin/../lib/gcc/arm-none-eabi/7.3.1/../../../../arm-none-eabi/lib/thumb/v6-m\libg.a(lib_a-freer.o)
                              c:/program files (x86)/gnu tools arm embedded/7 2018-q2-update/bin/../lib/gcc/arm-none-eabi/7.3.1/../../../../arm-none-eabi/lib/thumb/v6-m\libg.a(lib_a-svfprintf.o) (_free_r)
c:/program files (x86)/gnu tools arm embedded/7 2018-q2-update/bin/../lib/gcc/arm-none-eabi/7.3.1/../../../../arm-none-eabi/lib/thumb/v6-m\libg.a(lib_a-localeconv.o)
                              c:/program files (x86)/gnu tools arm embedded/7 2018-q2-update/bin/../lib/gcc/arm-none-eabi/7.3.1/../../../../arm-none-eabi/lib/thumb/v6-m\libg.a(lib_a-svfprintf.o) (_localeconv_r)
c:/program files (x86)/gnu tools arm embedded/7 2018-q2-update/bin/../lib/gcc/arm-none-eabi/7.3.1/../../../../arm-none-eabi/lib/thumb/v6-m\libg.a(lib_a-mallocr.o)
                              c:/program files (x86)/gnu tools arm embedded/7 2018-q2-update/bin/../lib/gcc/arm-none-eabi/7.3.1/../../../../arm-none-eabi/lib/thumb/v6-m\libg.a(lib_a-svfprintf.o) (_malloc_r)
c:/program files (x86)/gnu tools arm embedded/7 2018-q2-update/bin/../lib/gcc/arm-none-eabi/7.3.1/../../../../arm-none-eabi/lib/thumb/v6-m\libg.a(lib_a-memchr-stub.o)
                              c:/program files (x86)/gnu tools arm embedded/7 2018-q2-update/bin/../lib/gcc/arm-none-eabi/7.3.1/../../../../arm-none-eabi/lib/thumb/v6-m\libg.a(lib_a-svfprintf.o) (memchr)
c:/program files (x86)/gnu tools arm embedded/7 2018-q2-update/bin/../lib/gcc/arm-none-eabi/7.3.1/../../../../arm-none-eabi/lib/thumb/v6-m\libg.a(lib_a-memcpy-stub.o)
                              c:/program files (x86)/gnu tools arm embedded/7 2018-q2-update/bin/../lib/gcc/arm-none-eabi/7.3.1/../../../../arm-none-eabi/lib/thumb/v6-m\libg.a(lib_a-dtoa.o) (memcpy)
c:/program files (x86)/gnu tools arm embedded/7 2018-q2-update/bin/../lib/gcc/arm-none-eabi/7.3.1/../../../../arm-none-eabi/lib/thumb/v6-m\libg.a(lib_a-mlock.o)
                              c:/program files (x86)/gnu tools arm embedded/7 2018-q2-update/bin/../lib/gcc/arm-none-eabi/7.3.1/../../../../arm-none-eabi/lib/thumb/v6-m\libg.a(lib_a-freer.o) (__malloc_lock)
[...]
Memory Configuration

Name             Origin             Length             Attributes
RAM              0x20000000         0x00004000         xrw
CCMRAM           0x00000000         0x00000000         xrw
FLASH            0x08000000         0x00020000         xr
FLASHB1          0x00000000         0x00000000         xr
EXTMEMB0         0x00000000         0x00000000         xr
EXTMEMB1         0x00000000         0x00000000         xr
EXTMEMB2         0x00000000         0x00000000         xr
EXTMEMB3         0x00000000         0x00000000         xr
MEMORY_ARRAY     0x00000000         0x00000000         xrw
*default*        0x00000000         0xffffffff

Linker script and memory map

LOAD ./system/src/newlib/_cxx.o
LOAD ./system/src/newlib/_exit.o
LOAD ./system/src/newlib/_sbrk.o
LOAD ./system/src/newlib/_startup.o
LOAD ./system/src/newlib/_syscalls.o
LOAD ./system/src/newlib/assert.o
LOAD ./system/src/diag/Trace.o
LOAD ./system/src/diag/trace_impl.o
LOAD ./system/src/cortexm/_initialize_hardware.o
LOAD ./system/src/cortexm/_reset_hardware.o
LOAD ./system/src/cortexm/exception_handlers.o
LOAD ./system/src/cmsis/startup_stm32f072xb.o
LOAD ./system/src/cmsis/system_stm32f0xx.o
LOAD ./system/src/STM32F0xx/stm32f0xx_hal.o
LOAD ./system/src/STM32F0xx/stm32f0xx_hal_adc.o
LOAD ./system/src/STM32F0xx/stm32f0xx_hal_adc_ex.o
LOAD ./system/src/STM32F0xx/stm32f0xx_hal_can.o
LOAD ./system/src/STM32F0xx/stm32f0xx_hal_cec.o
LOAD ./system/src/STM32F0xx/stm32f0xx_hal_comp.o
LOAD ./system/src/STM32F0xx/stm32f0xx_hal_cortex.o
LOAD ./system/src/STM32F0xx/stm32f0xx_hal_crc.o
LOAD ./system/src/STM32F0xx/stm32f0xx_hal_crc_ex.o
LOAD ./system/src/STM32F0xx/stm32f0xx_hal_dac.o
LOAD ./system/src/STM32F0xx/stm32f0xx_hal_dac_ex.o
LOAD ./system/src/STM32F0xx/stm32f0xx_hal_dma.o
LOAD ./system/src/STM32F0xx/stm32f0xx_hal_flash.o
LOAD ./system/src/STM32F0xx/stm32f0xx_hal_flash_ex.o
LOAD ./system/src/STM32F0xx/stm32f0xx_hal_gpio.o
LOAD ./system/src/STM32F0xx/stm32f0xx_hal_i2c.o
LOAD ./system/src/STM32F0xx/stm32f0xx_hal_i2c_ex.o
LOAD ./system/src/STM32F0xx/stm32f0xx_hal_i2s.o
LOAD ./system/src/STM32F0xx/stm32f0xx_hal_irda.o
LOAD ./system/src/STM32F0xx/stm32f0xx_hal_iwdg.o
LOAD ./system/src/STM32F0xx/stm32f0xx_hal_pcd.o
LOAD ./system/src/STM32F0xx/stm32f0xx_hal_pcd_ex.o
LOAD ./system/src/STM32F0xx/stm32f0xx_hal_pwr.o
LOAD ./system/src/STM32F0xx/stm32f0xx_hal_pwr_ex.o
LOAD ./system/src/STM32F0xx/stm32f0xx_hal_rcc.o
LOAD ./system/src/STM32F0xx/stm32f0xx_hal_rcc_ex.o
LOAD ./system/src/STM32F0xx/stm32f0xx_hal_rtc.o
LOAD ./system/src/STM32F0xx/stm32f0xx_hal_rtc_ex.o
LOAD ./system/src/STM32F0xx/stm32f0xx_hal_smartcard.o
LOAD ./system/src/STM32F0xx/stm32f0xx_hal_smartcard_ex.o
LOAD ./system/src/STM32F0xx/stm32f0xx_hal_smbus.o
LOAD ./system/src/STM32F0xx/stm32f0xx_hal_spi.o
LOAD ./system/src/STM32F0xx/stm32f0xx_hal_spi_ex.o
LOAD ./system/src/STM32F0xx/stm32f0xx_hal_tim.o
LOAD ./system/src/STM32F0xx/stm32f0xx_hal_tim_ex.o
LOAD ./system/src/STM32F0xx/stm32f0xx_hal_tsc.o
LOAD ./system/src/STM32F0xx/stm32f0xx_hal_uart.o
LOAD ./system/src/STM32F0xx/stm32f0xx_hal_uart_ex.o
LOAD ./system/src/STM32F0xx/stm32f0xx_hal_usart.o
LOAD ./system/src/STM32F0xx/stm32f0xx_hal_wwdg.o
LOAD ./system/src/STM32F0xx/stm32f0xx_ll_adc.o
LOAD ./system/src/STM32F0xx/stm32f0xx_ll_comp.o
LOAD ./system/src/STM32F0xx/stm32f0xx_ll_crc.o
LOAD ./system/src/STM32F0xx/stm32f0xx_ll_crs.o
LOAD ./system/src/STM32F0xx/stm32f0xx_ll_dac.o
LOAD ./system/src/STM32F0xx/stm32f0xx_ll_dma.o
LOAD ./system/src/STM32F0xx/stm32f0xx_ll_exti.o
LOAD ./system/src/STM32F0xx/stm32f0xx_ll_gpio.o
LOAD ./system/src/STM32F0xx/stm32f0xx_ll_i2c.o
LOAD ./system/src/STM32F0xx/stm32f0xx_ll_pwr.o
LOAD ./system/src/STM32F0xx/stm32f0xx_ll_rcc.o
LOAD ./system/src/STM32F0xx/stm32f0xx_ll_rtc.o
LOAD ./system/src/STM32F0xx/stm32f0xx_ll_spi.o
LOAD ./system/src/STM32F0xx/stm32f0xx_ll_tim.o
LOAD ./system/src/STM32F0xx/stm32f0xx_ll_usart.o
LOAD ./system/src/STM32F0xx/stm32f0xx_ll_utils.o
LOAD ./src/main.o
LOAD ./src/stm32f0xx_hal_msp.o
LOAD ./src/stm32f0xx_it.o
LOAD c:/program files (x86)/gnu tools arm embedded/7 2018-q2-update/bin/../lib/gcc/arm-none-eabi/7.3.1/../../../../arm-none-eabi/lib/thumb/v6-m\libstdc++.a
LOAD c:/program files (x86)/gnu tools arm embedded/7 2018-q2-update/bin/../lib/gcc/arm-none-eabi/7.3.1/../../../../arm-none-eabi/lib/thumb/v6-m\libm.a
START GROUP
LOAD c:/program files (x86)/gnu tools arm embedded/7 2018-q2-update/bin/../lib/gcc/arm-none-eabi/7.3.1/thumb/v6-m\libgcc.a
LOAD c:/program files (x86)/gnu tools arm embedded/7 2018-q2-update/bin/../lib/gcc/arm-none-eabi/7.3.1/../../../../arm-none-eabi/lib/thumb/v6-m\libg.a
LOAD c:/program files (x86)/gnu tools arm embedded/7 2018-q2-update/bin/../lib/gcc/arm-none-eabi/7.3.1/../../../../arm-none-eabi/lib/thumb/v6-m\libc.a
END GROUP
                0x20004000                __stack = (ORIGIN (RAM) + LENGTH (RAM))
                0x20004000                _estack = __stack
                0x00000400                __Main_Stack_Size = 0x400
                [!provide]                PROVIDE (_Main_Stack_Size = __Main_Stack_Size)
                0x20003c00                __Main_Stack_Limit = (__stack - __Main_Stack_Size)
                [!provide]                PROVIDE (_Main_Stack_Limit = __Main_Stack_Limit)
                0x00000100                _Minimum_Stack_Size = 0x100
                0x20000c8c                PROVIDE (_Heap_Begin = _end_noinit)
                0x20003c00                PROVIDE (_Heap_Limit = (__stack - __Main_Stack_Size))

.isr_vector     0x08000000      0x228
 FILL mask 0xff
                0x08000000                __vectors_start = ABSOLUTE (.)
                0x08000000                __vectors_start__ = ABSOLUTE (.)
 *(.isr_vector)
 .isr_vector    0x08000000       0xc0 ./system/src/cmsis/startup_stm32f072xb.o
                0x08000000                g_pfnVectors
 *(.cfmconfig)
 *(.after_vectors .after_vectors.*)
 .after_vectors
                0x080000c0      0x118 ./system/src/newlib/_startup.o
                0x080000c0                _start
 .after_vectors
                0x080001d8       0x50 ./system/src/cortexm/exception_handlers.o
                0x080001d8                Reset_Handler
                0x080001fa                HardFault_Handler_C

.inits          0x08000228       0x28
                0x08000228                __data_regions_array_start = .
                0x08000228        0x4 LONG 0x80098b8 LOADADDR (.data)
                0x0800022c        0x4 LONG 0x20000000 ADDR (.data)
                0x08000230        0x4 LONG 0x200009c0 (ADDR (.data) + SIZEOF (.data))
                0x08000234        0x4 LONG 0x80098b8 LOADADDR (.data_CCMRAM)
                0x08000238        0x4 LONG 0x0 ADDR (.data_CCMRAM)
                0x0800023c        0x4 LONG 0x0 (ADDR (.data_CCMRAM) + SIZEOF (.data_CCMRAM))
                0x08000240                __data_regions_array_end = .
                0x08000240                __bss_regions_array_start = .
                0x08000240        0x4 LONG 0x200009c0 ADDR (.bss)
                0x08000244        0x4 LONG 0x20000c8c (ADDR (.bss) + SIZEOF (.bss))
                0x08000248        0x4 LONG 0x0 ADDR (.bss_CCMRAM)
                0x0800024c        0x4 LONG 0x0 (ADDR (.bss_CCMRAM) + SIZEOF (.bss_CCMRAM))
                0x08000250                __bss_regions_array_end = .
 *(.init)
 *(.fini)
                0x08000250                . = ALIGN (0x4)
                0x08000250                PROVIDE (__preinit_array_start = .)
 *(.preinit_array_sysinit .preinit_array_sysinit.*)
 *(.preinit_array_platform .preinit_array_platform.*)
 *(.preinit_array .preinit_array.*)
                0x08000250                PROVIDE (__preinit_array_end = .)
                0x08000250                . = ALIGN (0x4)
                0x08000250                PROVIDE (__init_array_start = .)
 *(SORT_BY_NAME(.init_array.*))
 *(.init_array)
                0x08000250                PROVIDE (__init_array_end = .)
                0x08000250                . = ALIGN (0x4)
                0x08000250                PROVIDE (__fini_array_start = .)
 *(SORT_BY_NAME(.fini_array.*))
 *(.fini_array)
                0x08000250                PROVIDE (__fini_array_end = .)

.flashtext
 *(.flashtext .flashtext.*)

.text           0x08000250     0x9660
 *(.text .text.*)
 .text._exit    0x08000250        0x2 ./system/src/newlib/_exit.o
                0x08000250                _exit
 *fill*         0x08000252        0x2 
 .text._sbrk    0x08000254       0x48 ./system/src/newlib/_sbrk.o
                0x08000254                _sbrk
 .text.__initialize_args
                0x0800029c       0x10 ./system/src/newlib/_syscalls.o
                0x0800029c                __initialize_args
 .text.trace_printf
                0x080002ac       0x2c ./system/src/diag/Trace.o
                0x080002ac                trace_printf
 .text._trace_write_semihosting_debug
                0x080002d8       0x60 ./system/src/diag/trace_impl.o
 .text.trace_write
                0x08000338        0x8 ./system/src/diag/trace_impl.o
                0x08000338                trace_write
 .text.__initialize_hardware_early
                0x08000340        0x8 ./system/src/cortexm/_initialize_hardware.o
                0x08000340                __initialize_hardware_early
 .text.__initialize_hardware
                0x08000348        0x8 ./system/src/cortexm/_initialize_hardware.o
                0x08000348                __initialize_hardware
 .text.dumpExceptionStack
                0x08000350       0x88 ./system/src/cortexm/exception_handlers.o
                0x08000350                dumpExceptionStack
 .text.Default_Handler
                0x080003d8        0x2 ./system/src/cmsis/startup_stm32f072xb.o
                0x080003d8                TIM1_CC_IRQHandler
                0x080003d8                TSC_IRQHandler
                0x080003d8                ADC1_COMP_IRQHandler
                0x080003d8                I2C1_IRQHandler
                0x080003d8                RCC_CRS_IRQHandler
                0x080003d8                SPI1_IRQHandler
                0x080003d8                TIM6_DAC_IRQHandler
                0x080003d8                USART3_4_IRQHandler
                0x080003d8                EXTI2_3_IRQHandler
                0x080003d8                I2C2_IRQHandler
                0x080003d8                TIM17_IRQHandler
                0x080003d8                CEC_CAN_IRQHandler
                0x080003d8                RTC_IRQHandler
                0x080003d8                PVD_VDDIO2_IRQHandler
                0x080003d8                DMA1_Channel4_5_6_7_IRQHandler
                0x080003d8                TIM16_IRQHandler
                0x080003d8                TIM3_IRQHandler
                0x080003d8                EXTI4_15_IRQHandler
                0x080003d8                DMA1_Channel1_IRQHandler
                0x080003d8                Default_Handler
                0x080003d8                TIM14_IRQHandler
                0x080003d8                TIM7_IRQHandler
                0x080003d8                TIM15_IRQHandler
                0x080003d8                EXTI0_1_IRQHandler
                0x080003d8                USB_IRQHandler
                0x080003d8                SPI2_IRQHandler
                0x080003d8                WWDG_IRQHandler
                0x080003d8                TIM2_IRQHandler
                0x080003d8                DMA1_Channel2_3_IRQHandler
                0x080003d8                USART2_IRQHandler
                0x080003d8                FLASH_IRQHandler
                0x080003d8                USART1_IRQHandler
                0x080003d8                TIM1_BRK_UP_TRG_COM_IRQHandler
 *fill*         0x080003da        0x2 
 .text.SystemInit
                0x080003dc       0x60 ./system/src/cmsis/system_stm32f0xx.o
                0x080003dc                SystemInit
 .text.SystemCoreClockUpdate
                0x0800043c       0xb0 ./system/src/cmsis/system_stm32f0xx.o
                0x0800043c                SystemCoreClockUpdate
 .text.HAL_InitTick
                0x080004ec       0x24 ./system/src/STM32F0xx/stm32f0xx_hal.o
                0x080004ec                HAL_InitTick
 .text.HAL_Init
                0x08000510       0x20 ./system/src/STM32F0xx/stm32f0xx_hal.o
                0x08000510                HAL_Init
 .text.HAL_IncTick
                0x08000530       0x10 ./system/src/STM32F0xx/stm32f0xx_hal.o
                0x08000530                HAL_IncTick
 .text.HAL_GetTick
                0x08000540        0xc ./system/src/STM32F0xx/stm32f0xx_hal.o
                0x08000540                HAL_GetTick
 .text.HAL_Delay
                0x0800054c       0x22 ./system/src/STM32F0xx/stm32f0xx_hal.o
                0x0800054c                HAL_Delay
 *fill*         0x0800056e        0x2 
 .text.HAL_ADC_Init
                0x08000570      0x304 ./system/src/STM32F0xx/stm32f0xx_hal_adc.o
                0x08000570                HAL_ADC_Init
 .text.HAL_ADC_ConfigChannel
                0x08000874      0x1f0 ./system/src/STM32F0xx/stm32f0xx_hal_adc.o
                0x08000874                HAL_ADC_ConfigChannel
 .text.HAL_NVIC_SetPriority
                0x08000a64       0x78 ./system/src/STM32F0xx/stm32f0xx_hal_cortex.o
                0x08000a64                HAL_NVIC_SetPriority
 .text.HAL_SYSTICK_Config
                0x08000adc       0x38 ./system/src/STM32F0xx/stm32f0xx_hal_cortex.o
                0x08000adc                HAL_SYSTICK_Config
 .text.HAL_SYSTICK_CLKSourceConfig
                0x08000b14       0x3c ./system/src/STM32F0xx/stm32f0xx_hal_cortex.o
                0x08000b14                HAL_SYSTICK_CLKSourceConfig
 .text.HAL_SYSTICK_Callback
                0x08000b50        0x2 ./system/src/STM32F0xx/stm32f0xx_hal_cortex.o
                0x08000b50                HAL_SYSTICK_Callback
 .text.HAL_SYSTICK_IRQHandler
                0x08000b52        0x8 ./system/src/STM32F0xx/stm32f0xx_hal_cortex.o
                0x08000b52                HAL_SYSTICK_IRQHandler
 *fill*         0x08000b5a        0x2 
 .text.HAL_GPIO_Init
                0x08000b5c      0x2a8 ./system/src/STM32F0xx/stm32f0xx_hal_gpio.o
                0x08000b5c                HAL_GPIO_Init
 .text.HAL_GPIO_WritePin
                0x08000e04       0x38 ./system/src/STM32F0xx/stm32f0xx_hal_gpio.o
                0x08000e04                HAL_GPIO_WritePin
 .text.HAL_GPIO_TogglePin
                0x08000e3c       0x20 ./system/src/STM32F0xx/stm32f0xx_hal_gpio.o
                0x08000e3c                HAL_GPIO_TogglePin
 .text.HAL_I2C_Init
                0x08000e5c      0x1a0 ./system/src/STM32F0xx/stm32f0xx_hal_i2c.o
                0x08000e5c                HAL_I2C_Init
 .text.HAL_I2CEx_ConfigAnalogFilter
                0x08000ffc       0x94 ./system/src/STM32F0xx/stm32f0xx_hal_i2c_ex.o
                0x08000ffc                HAL_I2CEx_ConfigAnalogFilter
 .text.HAL_I2CEx_ConfigDigitalFilter
                0x08001090       0x88 ./system/src/STM32F0xx/stm32f0xx_hal_i2c_ex.o
                0x08001090                HAL_I2CEx_ConfigDigitalFilter
 .text.HAL_RCC_OscConfig
                0x08001118      0x6b0 ./system/src/STM32F0xx/stm32f0xx_hal_rcc.o
                0x08001118                HAL_RCC_OscConfig
 .text.HAL_RCC_GetSysClockFreq
                0x080017c8       0xa0 ./system/src/STM32F0xx/stm32f0xx_hal_rcc.o
                0x080017c8                HAL_RCC_GetSysClockFreq
 .text.HAL_RCC_ClockConfig
                0x08001868      0x23c ./system/src/STM32F0xx/stm32f0xx_hal_rcc.o
                0x08001868                HAL_RCC_ClockConfig
 .text.HAL_RCC_GetHCLKFreq
                0x08001aa4        0xc ./system/src/STM32F0xx/stm32f0xx_hal_rcc.o
                0x08001aa4                HAL_RCC_GetHCLKFreq
 .text.HAL_RCC_GetPCLK1Freq
                0x08001ab0       0x20 ./system/src/STM32F0xx/stm32f0xx_hal_rcc.o
                0x08001ab0                HAL_RCC_GetPCLK1Freq
 .text.HAL_RCCEx_PeriphCLKConfig
                0x08001ad0      0x224 ./system/src/STM32F0xx/stm32f0xx_hal_rcc_ex.o
                0x08001ad0                HAL_RCCEx_PeriphCLKConfig
 .text.HAL_SPI_Init
                0x08001cf4      0x280 ./system/src/STM32F0xx/stm32f0xx_hal_spi.o
                0x08001cf4                HAL_SPI_Init
 .text.UART_SetConfig
                0x08001f74      0x324 ./system/src/STM32F0xx/stm32f0xx_hal_uart.o
                0x08001f74                UART_SetConfig
 .text.UART_AdvFeatureConfig
                0x08002298      0x234 ./system/src/STM32F0xx/stm32f0xx_hal_uart.o
                0x08002298                UART_AdvFeatureConfig
 .text.UART_WaitOnFlagUntilTimeout
                0x080024cc       0x6c ./system/src/STM32F0xx/stm32f0xx_hal_uart.o
                0x080024cc                UART_WaitOnFlagUntilTimeout
 .text.UART_CheckIdleState
                0x08002538       0x84 ./system/src/STM32F0xx/stm32f0xx_hal_uart.o
                0x08002538                UART_CheckIdleState
 .text.HAL_UART_Init
                0x080025bc       0xd8 ./system/src/STM32F0xx/stm32f0xx_hal_uart.o
                0x080025bc                HAL_UART_Init
 .text.MX_GPIO_Init
                0x08002694       0xfc ./src/main.o
 .text._Error_Handler
                0x08002790        0x2 ./src/main.o
                0x08002790                _Error_Handler
 *fill*         0x08002792        0x2 
 .text.MX_ADC_Init
                0x08002794       0xbc ./src/main.o
 .text.MX_I2C2_Init
                0x08002850       0x70 ./src/main.o
 .text.MX_SPI1_Init
                0x080028c0       0x58 ./src/main.o
 .text.MX_USART1_UART_Init
                0x08002918       0x44 ./src/main.o
 .text.MX_USART3_UART_Init
                0x0800295c       0x44 ./src/main.o
 .text.SystemClock_Config
                0x080029a0       0xa0 ./src/main.o
                0x080029a0                SystemClock_Config
 .text.main     0x08002a40       0x38 ./src/main.o
                0x08002a40                main
 .text.assert_failed
                0x08002a78        0x2 ./src/main.o
                0x08002a78                assert_failed
 *fill*         0x08002a7a        0x2 
 .text.HAL_MspInit
                0x08002a7c       0x54 ./src/stm32f0xx_hal_msp.o
                0x08002a7c                HAL_MspInit
 .text.HAL_ADC_MspInit
                0x08002ad0       0x48 ./src/stm32f0xx_hal_msp.o
                0x08002ad0                HAL_ADC_MspInit
 .text.HAL_I2C_MspInit
                0x08002b18       0x50 ./src/stm32f0xx_hal_msp.o
                0x08002b18                HAL_I2C_MspInit
 .text.HAL_SPI_MspInit
                0x08002b68       0x4c ./src/stm32f0xx_hal_msp.o
                0x08002b68                HAL_SPI_MspInit
 .text.HAL_UART_MspInit
                0x08002bb4       0x90 ./src/stm32f0xx_hal_msp.o
                0x08002bb4                HAL_UART_MspInit
 .text.NMI_Handler
                0x08002c44        0x2 ./src/stm32f0xx_it.o
                0x08002c44                NMI_Handler
 .text.HardFault_Handler
                0x08002c46        0x2 ./src/stm32f0xx_it.o
                0x08002c46                HardFault_Handler
 .text.SVC_Handler
                0x08002c48        0x2 ./src/stm32f0xx_it.o
                0x08002c48                SVC_Handler
 .text.PendSV_Handler
                0x08002c4a        0x2 ./src/stm32f0xx_it.o
                0x08002c4a                PendSV_Handler
 .text.SysTick_Handler
                0x08002c4c        0xc ./src/stm32f0xx_it.o
                0x08002c4c                SysTick_Handler
 .text          0x08002c58      0x114 c:/program files (x86)/gnu tools arm embedded/7 2018-q2-update/bin/../lib/gcc/arm-none-eabi/7.3.1/thumb/v6-m\libgcc.a(_udivsi3.o)
                0x08002c58                __aeabi_uidiv
                0x08002c58                __udivsi3
                0x08002d64                __aeabi_uidivmod
 .text          0x08002d6c        0x4 c:/program files (x86)/gnu tools arm embedded/7 2018-q2-update/bin/../lib/gcc/arm-none-eabi/7.3.1/thumb/v6-m\libgcc.a(_dvmd_tls.o)
                0x08002d6c                __aeabi_idiv0
                0x08002d6c                __aeabi_ldiv0
 .text.__errno  0x08002d70        0xc c:/program files (x86)/gnu tools arm embedded/7 2018-q2-update/bin/../lib/gcc/arm-none-eabi/7.3.1/../../../../arm-none-eabi/lib/thumb/v6-m\libg.a(lib_a-errno.o)
                0x08002d70                __errno
 .text.strlen   0x08002d7c       0x64 c:/program files (x86)/gnu tools arm embedded/7 2018-q2-update/bin/../lib/gcc/arm-none-eabi/7.3.1/../../../../arm-none-eabi/lib/thumb/v6-m\libg.a(lib_a-strlen-stub.o)
                0x08002d7c                strlen
 .text._vsnprintf_r
                0x08002de0       0x74 c:/program files (x86)/gnu tools arm embedded/7 2018-q2-update/bin/../lib/gcc/arm-none-eabi/7.3.1/../../../../arm-none-eabi/lib/thumb/v6-m\libg.a(lib_a-vsnprintf.o)
                0x08002de0                _vsnprintf_r
 .text.vsnprintf
                0x08002e54       0x20 c:/program files (x86)/gnu tools arm embedded/7 2018-q2-update/bin/../lib/gcc/arm-none-eabi/7.3.1/../../../../arm-none-eabi/lib/thumb/v6-m\libg.a(lib_a-vsnprintf.o)
                0x08002e54                vsnprintf
 .text._svfprintf_r
                0x08002e74     0x1b6c c:/program files (x86)/gnu tools arm embedded/7 2018-q2-update/bin/../lib/gcc/arm-none-eabi/7.3.1/../../../../arm-none-eabi/lib/thumb/v6-m\libg.a(lib_a-svfprintf.o)
                0x08002e74                _svfprintf_r
 .text.quorem   0x080049e0      0x154 c:/program files (x86)/gnu tools arm embedded/7 2018-q2-update/bin/../lib/gcc/arm-none-eabi/7.3.1/../../../../arm-none-eabi/lib/thumb/v6-m\libg.a(lib_a-dtoa.o)
 .text._dtoa_r  0x08004b34      0xf4c c:/program files (x86)/gnu tools arm embedded/7 2018-q2-update/bin/../lib/gcc/arm-none-eabi/7.3.1/../../../../arm-none-eabi/lib/thumb/v6-m\libg.a(lib_a-dtoa.o)
                0x08004b34                _dtoa_r
 .text._malloc_trim_r
                0x08005a80       0xa0 c:/program files (x86)/gnu tools arm embedded/7 2018-q2-update/bin/../lib/gcc/arm-none-eabi/7.3.1/../../../../arm-none-eabi/lib/thumb/v6-m\libg.a(lib_a-freer.o)
                0x08005a80                _malloc_trim_r
 .text._free_r  0x08005b20      0x1d4 c:/program files (x86)/gnu tools arm embedded/7 2018-q2-update/bin/../lib/gcc/arm-none-eabi/7.3.1/../../../../arm-none-eabi/lib/thumb/v6-m\libg.a(lib_a-freer.o)
                0x08005b20                _free_r
 .text._localeconv_r
                0x08005cf4       0x18 c:/program files (x86)/gnu tools arm embedded/7 2018-q2-update/bin/../lib/gcc/arm-none-eabi/7.3.1/../../../../arm-none-eabi/lib/thumb/v6-m\libg.a(lib_a-localeconv.o)
                0x08005cf4                _localeconv_r
 .text._malloc_r
                0x08005d0c      0x554 c:/program files (x86)/gnu tools arm embedded/7 2018-q2-update/bin/../lib/gcc/arm-none-eabi/7.3.1/../../../../arm-none-eabi/lib/thumb/v6-m\libg.a(lib_a-mallocr.o)
                0x08005d0c                _malloc_r
 .text.memchr   0x08006260       0x80 c:/program files (x86)/gnu tools arm embedded/7 2018-q2-update/bin/../lib/gcc/arm-none-eabi/7.3.1/../../../../arm-none-eabi/lib/thumb/v6-m\libg.a(lib_a-memchr-stub.o)
                0x08006260                memchr
 .text.memcpy   0x080062e0       0x88 c:/program files (x86)/gnu tools arm embedded/7 2018-q2-update/bin/../lib/gcc/arm-none-eabi/7.3.1/../../../../arm-none-eabi/lib/thumb/v6-m\libg.a(lib_a-memcpy-stub.o)
                0x080062e0                memcpy
 .text.__malloc_lock
                0x08006368       0x10 c:/program files (x86)/gnu tools arm embedded/7 2018-q2-update/bin/../lib/gcc/arm-none-eabi/7.3.1/../../../../arm-none-eabi/lib/thumb/v6-m\libg.a(lib_a-mlock.o)
                0x08006368                __malloc_lock
 .text.__malloc_unlock
                0x08006378       0x10 c:/program files (x86)/gnu tools arm embedded/7 2018-q2-update/bin/../lib/gcc/arm-none-eabi/7.3.1/../../../../arm-none-eabi/lib/thumb/v6-m\libg.a(lib_a-mlock.o)
                0x08006378                __malloc_unlock
 .text._Balloc  0x08006388       0x50 c:/program files (x86)/gnu tools arm embedded/7 2018-q2-update/bin/../lib/gcc/arm-none-eabi/7.3.1/../../../../arm-none-eabi/lib/thumb/v6-m\libg.a(lib_a-mprec.o)
                0x08006388                _Balloc
 .text._Bfree   0x080063d8       0x14 c:/program files (x86)/gnu tools arm embedded/7 2018-q2-update/bin/../lib/gcc/arm-none-eabi/7.3.1/../../../../arm-none-eabi/lib/thumb/v6-m\libg.a(lib_a-mprec.o)
                0x080063d8                _Bfree
 .text.__multadd
                0x080063ec       0x8c c:/program files (x86)/gnu tools arm embedded/7 2018-q2-update/bin/../lib/gcc/arm-none-eabi/7.3.1/../../../../arm-none-eabi/lib/thumb/v6-m\libg.a(lib_a-mprec.o)
                0x080063ec                __multadd
 .text.__hi0bits
                0x08006478       0x38 c:/program files (x86)/gnu tools arm embedded/7 2018-q2-update/bin/../lib/gcc/arm-none-eabi/7.3.1/../../../../arm-none-eabi/lib/thumb/v6-m\libg.a(lib_a-mprec.o)
                0x08006478                __hi0bits
 .text.__lo0bits
                0x080064b0       0x5c c:/program files (x86)/gnu tools arm embedded/7 2018-q2-update/bin/../lib/gcc/arm-none-eabi/7.3.1/../../../../arm-none-eabi/lib/thumb/v6-m\libg.a(lib_a-mprec.o)
                0x080064b0                __lo0bits
 .text.__i2b    0x0800650c       0x14 c:/program files (x86)/gnu tools arm embedded/7 2018-q2-update/bin/../lib/gcc/arm-none-eabi/7.3.1/../../../../arm-none-eabi/lib/thumb/v6-m\libg.a(lib_a-mprec.o)
                0x0800650c                __i2b
 .text.__multiply
                0x08006520      0x178 c:/program files (x86)/gnu tools arm embedded/7 2018-q2-update/bin/../lib/gcc/arm-none-eabi/7.3.1/../../../../arm-none-eabi/lib/thumb/v6-m\libg.a(lib_a-mprec.o)
                0x08006520                __multiply
 .text.__pow5mult
                0x08006698       0xc0 c:/program files (x86)/gnu tools arm embedded/7 2018-q2-update/bin/../lib/gcc/arm-none-eabi/7.3.1/../../../../arm-none-eabi/lib/thumb/v6-m\libg.a(lib_a-mprec.o)
                0x08006698                __pow5mult
 .text.__lshift
                0x08006758       0xc8 c:/program files (x86)/gnu tools arm embedded/7 2018-q2-update/bin/../lib/gcc/arm-none-eabi/7.3.1/../../../../arm-none-eabi/lib/thumb/v6-m\libg.a(lib_a-mprec.o)
                0x08006758                __lshift
 .text.__mcmp   0x08006820       0x34 c:/program files (x86)/gnu tools arm embedded/7 2018-q2-update/bin/../lib/gcc/arm-none-eabi/7.3.1/../../../../arm-none-eabi/lib/thumb/v6-m\libg.a(lib_a-mprec.o)
                0x08006820                __mcmp
 .text.__mdiff  0x08006854      0x124 c:/program files (x86)/gnu tools arm embedded/7 2018-q2-update/bin/../lib/gcc/arm-none-eabi/7.3.1/../../../../arm-none-eabi/lib/thumb/v6-m\libg.a(lib_a-mprec.o)
                0x08006854                __mdiff
 .text.__d2b    0x08006978       0xbc c:/program files (x86)/gnu tools arm embedded/7 2018-q2-update/bin/../lib/gcc/arm-none-eabi/7.3.1/../../../../arm-none-eabi/lib/thumb/v6-m\libg.a(lib_a-mprec.o)
                0x08006978                __d2b
 .text.frexp    0x08006a34       0x64 c:/program files (x86)/gnu tools arm embedded/7 2018-q2-update/bin/../lib/gcc/arm-none-eabi/7.3.1/../../../../arm-none-eabi/lib/thumb/v6-m\libg.a(lib_a-s_frexp.o)
                0x08006a34                frexp
 .text._sbrk_r  0x08006a98       0x24 c:/program files (x86)/gnu tools arm embedded/7 2018-q2-update/bin/../lib/gcc/arm-none-eabi/7.3.1/../../../../arm-none-eabi/lib/thumb/v6-m\libg.a(lib_a-sbrkr.o)
                0x08006a98                _sbrk_r
 .text.strncpy  0x08006abc       0x8c c:/program files (x86)/gnu tools arm embedded/7 2018-q2-update/bin/../lib/gcc/arm-none-eabi/7.3.1/../../../../arm-none-eabi/lib/thumb/v6-m\libg.a(lib_a-strncpy.o)
                0x08006abc                strncpy
 .text.__ssprint_r
                0x08006b48      0x118 c:/program files (x86)/gnu tools arm embedded/7 2018-q2-update/bin/../lib/gcc/arm-none-eabi/7.3.1/../../../../arm-none-eabi/lib/thumb/v6-m\libg.a(lib_a-svfiprintf.o)
                0x08006b48                __ssprint_r
 .text._calloc_r
                0x08006c60       0x58 c:/program files (x86)/gnu tools arm embedded/7 2018-q2-update/bin/../lib/gcc/arm-none-eabi/7.3.1/../../../../arm-none-eabi/lib/thumb/v6-m\libg.a(lib_a-callocr.o)
                0x08006c60                _calloc_r
 .text.__retarget_lock_acquire_recursive
                0x08006cb8        0x4 c:/program files (x86)/gnu tools arm embedded/7 2018-q2-update/bin/../lib/gcc/arm-none-eabi/7.3.1/../../../../arm-none-eabi/lib/thumb/v6-m\libg.a(lib_a-lock.o)
                0x08006cb8                __retarget_lock_acquire_recursive
 .text.__retarget_lock_release_recursive
                0x08006cbc        0x4 c:/program files (x86)/gnu tools arm embedded/7 2018-q2-update/bin/../lib/gcc/arm-none-eabi/7.3.1/../../../../arm-none-eabi/lib/thumb/v6-m\libg.a(lib_a-lock.o)
                0x08006cbc                __retarget_lock_release_recursive
 .text.__ascii_mbtowc
                0x08006cc0       0x2c c:/program files (x86)/gnu tools arm embedded/7 2018-q2-update/bin/../lib/gcc/arm-none-eabi/7.3.1/../../../../arm-none-eabi/lib/thumb/v6-m\libg.a(lib_a-mbtowc_r.o)
                0x08006cc0                __ascii_mbtowc
 .text.memmove  0x08006cec       0x9c c:/program files (x86)/gnu tools arm embedded/7 2018-q2-update/bin/../lib/gcc/arm-none-eabi/7.3.1/../../../../arm-none-eabi/lib/thumb/v6-m\libg.a(lib_a-memmove.o)
                0x08006cec                memmove
 .text.memset   0x08006d88       0x9c c:/program files (x86)/gnu tools arm embedded/7 2018-q2-update/bin/../lib/gcc/arm-none-eabi/7.3.1/../../../../arm-none-eabi/lib/thumb/v6-m\libg.a(lib_a-memset.o)
                0x08006d88                memset
 .text._realloc_r
                0x08006e24      0x3b0 c:/program files (x86)/gnu tools arm embedded/7 2018-q2-update/bin/../lib/gcc/arm-none-eabi/7.3.1/../../../../arm-none-eabi/lib/thumb/v6-m\libg.a(lib_a-reallocr.o)
                0x08006e24                _realloc_r
 .text.__ascii_wctomb
                0x080071d4       0x1c c:/program files (x86)/gnu tools arm embedded/7 2018-q2-update/bin/../lib/gcc/arm-none-eabi/7.3.1/../../../../arm-none-eabi/lib/thumb/v6-m\libg.a(lib_a-wctomb_r.o)
                0x080071d4                __ascii_wctomb
 .text          0x080071f0      0x1d4 c:/program files (x86)/gnu tools arm embedded/7 2018-q2-update/bin/../lib/gcc/arm-none-eabi/7.3.1/thumb/v6-m\libgcc.a(_divsi3.o)
                0x080071f0                __divsi3
                0x080071f0                __aeabi_idiv
                0x080073bc                __aeabi_idivmod
 .text          0x080073c4       0x7c c:/program files (x86)/gnu tools arm embedded/7 2018-q2-update/bin/../lib/gcc/arm-none-eabi/7.3.1/thumb/v6-m\libgcc.a(_arm_cmpdf2.o)
                0x080073c4                __aeabi_cdrcmple
                0x080073d4                __aeabi_cdcmple
                0x080073d4                __aeabi_cdcmpeq
                0x080073e4                __aeabi_dcmpeq
                0x080073f0                __aeabi_dcmplt
                0x08007404                __aeabi_dcmple
                0x08007418                __aeabi_dcmpgt
                0x0800742c                __aeabi_dcmpge
 .text          0x08007440       0x40 c:/program files (x86)/gnu tools arm embedded/7 2018-q2-update/bin/../lib/gcc/arm-none-eabi/7.3.1/thumb/v6-m\libgcc.a(_aeabi_uldivmod.o)
                0x08007440                __aeabi_uldivmod
 .text          0x08007480      0x184 c:/program files (x86)/gnu tools arm embedded/7 2018-q2-update/bin/../lib/gcc/arm-none-eabi/7.3.1/thumb/v6-m\libgcc.a(_udivmoddi4.o)
                0x08007480                __udivmoddi4
 .text          0x08007604      0x638 c:/program files (x86)/gnu tools arm embedded/7 2018-q2-update/bin/../lib/gcc/arm-none-eabi/7.3.1/thumb/v6-m\libgcc.a(adddf3.o)
                0x08007604                __aeabi_dadd
 .text          0x08007c3c      0x604 c:/program files (x86)/gnu tools arm embedded/7 2018-q2-update/bin/../lib/gcc/arm-none-eabi/7.3.1/thumb/v6-m\libgcc.a(divdf3.o)
                0x08007c3c                __aeabi_ddiv
 .text          0x08008240       0x78 c:/program files (x86)/gnu tools arm embedded/7 2018-q2-update/bin/../lib/gcc/arm-none-eabi/7.3.1/thumb/v6-m\libgcc.a(eqdf2.o)
                0x08008240                __nedf2
                0x08008240                __eqdf2
 .text          0x080082b8       0xc8 c:/program files (x86)/gnu tools arm embedded/7 2018-q2-update/bin/../lib/gcc/arm-none-eabi/7.3.1/thumb/v6-m\libgcc.a(gedf2.o)
                0x080082b8                __gedf2
                0x080082b8                __gtdf2
 .text          0x08008380       0xd0 c:/program files (x86)/gnu tools arm embedded/7 2018-q2-update/bin/../lib/gcc/arm-none-eabi/7.3.1/thumb/v6-m\libgcc.a(ledf2.o)
                0x08008380                __ledf2
                0x08008380                __ltdf2
 .text          0x08008450      0x4e4 c:/program files (x86)/gnu tools arm embedded/7 2018-q2-update/bin/../lib/gcc/arm-none-eabi/7.3.1/thumb/v6-m\libgcc.a(muldf3.o)
                0x08008450                __aeabi_dmul
 .text          0x08008934      0x690 c:/program files (x86)/gnu tools arm embedded/7 2018-q2-update/bin/../lib/gcc/arm-none-eabi/7.3.1/thumb/v6-m\libgcc.a(subdf3.o)
                0x08008934                __aeabi_dsub
 .text          0x08008fc4       0x38 c:/program files (x86)/gnu tools arm embedded/7 2018-q2-update/bin/../lib/gcc/arm-none-eabi/7.3.1/thumb/v6-m\libgcc.a(unorddf2.o)
                0x08008fc4                __aeabi_dcmpun
 .text          0x08008ffc       0x6c c:/program files (x86)/gnu tools arm embedded/7 2018-q2-update/bin/../lib/gcc/arm-none-eabi/7.3.1/thumb/v6-m\libgcc.a(fixdfsi.o)
                0x08008ffc                __aeabi_d2iz
 .text          0x08009068       0x74 c:/program files (x86)/gnu tools arm embedded/7 2018-q2-update/bin/../lib/gcc/arm-none-eabi/7.3.1/thumb/v6-m\libgcc.a(floatsidf.o)
                0x08009068                __aeabi_i2d
 .text          0x080090dc       0x64 c:/program files (x86)/gnu tools arm embedded/7 2018-q2-update/bin/../lib/gcc/arm-none-eabi/7.3.1/thumb/v6-m\libgcc.a(floatunsidf.o)
                0x080090dc                __aeabi_ui2d
 .text          0x08009140       0x3c c:/program files (x86)/gnu tools arm embedded/7 2018-q2-update/bin/../lib/gcc/arm-none-eabi/7.3.1/thumb/v6-m\libgcc.a(_clzsi2.o)
                0x08009140                __clzsi2
 .text          0x0800917c       0x18 c:/program files (x86)/gnu tools arm embedded/7 2018-q2-update/bin/../lib/gcc/arm-none-eabi/7.3.1/thumb/v6-m\libgcc.a(_clzdi2.o)
                0x0800917c                __clzdi2
 *(.rodata .rodata.* .constdata .constdata.*)
 .rodata.dumpExceptionStack.str1.4
                0x08009194       0xae ./system/src/cortexm/exception_handlers.o
 *fill*         0x08009242        0x2 
 .rodata.str1.4
                0x08009244        0xd ./system/src/cortexm/exception_handlers.o
 *fill*         0x08009251        0x3 
 .rodata.AHBPrescTable
                0x08009254       0x10 ./system/src/cmsis/system_stm32f0xx.o
                0x08009254                AHBPrescTable
 .rodata.APBPrescTable
                0x08009264        0x8 ./system/src/cmsis/system_stm32f0xx.o
                0x08009264                APBPrescTable
 .rodata.ADC_ConversionStop.str1.4
                0x0800926c       0x2c ./system/src/STM32F0xx/stm32f0xx_hal_adc.o
 .rodata.HAL_NVIC_SetPriority.str1.4
                0x08009298       0x2f ./system/src/STM32F0xx/stm32f0xx_hal_cortex.o
 *fill*         0x080092c7        0x1 
 .rodata.HAL_GPIO_Init.str1.4
                0x080092c8       0x2d ./system/src/STM32F0xx/stm32f0xx_hal_gpio.o
 *fill*         0x080092f5        0x3 
 .rodata.I2C_TransferConfig.str1.4
                0x080092f8       0x2c ./system/src/STM32F0xx/stm32f0xx_hal_i2c.o
 .rodata.HAL_I2CEx_ConfigAnalogFilter.str1.4
                0x08009324       0x2f ./system/src/STM32F0xx/stm32f0xx_hal_i2c_ex.o
 *fill*         0x08009353        0x1 
 .rodata        0x08009354       0x20 ./system/src/STM32F0xx/stm32f0xx_hal_rcc.o
 .rodata.HAL_RCC_OscConfig.str1.4
                0x08009374       0x2c ./system/src/STM32F0xx/stm32f0xx_hal_rcc.o
 .rodata.HAL_RCCEx_PeriphCLKConfig.str1.4
                0x080093a0       0x2f ./system/src/STM32F0xx/stm32f0xx_hal_rcc_ex.o
 *fill*         0x080093cf        0x1 
 .rodata.HAL_SPI_Init.str1.4
                0x080093d0       0x2c ./system/src/STM32F0xx/stm32f0xx_hal_spi.o
 .rodata.HAL_UART_DeInit.str1.4
                0x080093fc       0x2d ./system/src/STM32F0xx/stm32f0xx_hal_uart.o
 *fill*         0x08009429        0x3 
 .rodata.MX_ADC_Init.str1.4
                0x0800942c        0xe ./src/main.o
 *fill*         0x0800943a        0x2 
 .rodata._svfprintf_r
                0x0800943c      0x16c c:/program files (x86)/gnu tools arm embedded/7 2018-q2-update/bin/../lib/gcc/arm-none-eabi/7.3.1/../../../../arm-none-eabi/lib/thumb/v6-m\libg.a(lib_a-svfprintf.o)
 .rodata._svfprintf_r.str1.4
                0x080095a8       0x42 c:/program files (x86)/gnu tools arm embedded/7 2018-q2-update/bin/../lib/gcc/arm-none-eabi/7.3.1/../../../../arm-none-eabi/lib/thumb/v6-m\libg.a(lib_a-svfprintf.o)
 *fill*         0x080095ea        0x2 
 .rodata.blanks.7315
                0x080095ec       0x10 c:/program files (x86)/gnu tools arm embedded/7 2018-q2-update/bin/../lib/gcc/arm-none-eabi/7.3.1/../../../../arm-none-eabi/lib/thumb/v6-m\libg.a(lib_a-svfprintf.o)
 .rodata.zeroes.7316
                0x080095fc       0x10 c:/program files (x86)/gnu tools arm embedded/7 2018-q2-update/bin/../lib/gcc/arm-none-eabi/7.3.1/../../../../arm-none-eabi/lib/thumb/v6-m\libg.a(lib_a-svfprintf.o)
 .rodata._dtoa_r.str1.4
                0x0800960c       0x10 c:/program files (x86)/gnu tools arm embedded/7 2018-q2-update/bin/../lib/gcc/arm-none-eabi/7.3.1/../../../../arm-none-eabi/lib/thumb/v6-m\libg.a(lib_a-dtoa.o)
                                 0x12 (size before relaxing)
 *fill*         0x0800961c        0x4 
 .rodata.__mprec_bigtens
                0x08009620       0x28 c:/program files (x86)/gnu tools arm embedded/7 2018-q2-update/bin/../lib/gcc/arm-none-eabi/7.3.1/../../../../arm-none-eabi/lib/thumb/v6-m\libg.a(lib_a-mprec.o)
                0x08009620                __mprec_bigtens
 .rodata.__mprec_tens
                0x08009648       0xc8 c:/program files (x86)/gnu tools arm embedded/7 2018-q2-update/bin/../lib/gcc/arm-none-eabi/7.3.1/../../../../arm-none-eabi/lib/thumb/v6-m\libg.a(lib_a-mprec.o)
                0x08009648                __mprec_tens
 .rodata.p05.6092
                0x08009710        0xc c:/program files (x86)/gnu tools arm embedded/7 2018-q2-update/bin/../lib/gcc/arm-none-eabi/7.3.1/../../../../arm-none-eabi/lib/thumb/v6-m\libg.a(lib_a-mprec.o)
 .rodata._setlocale_r.str1.4
                0x0800971c        0xa c:/program files (x86)/gnu tools arm embedded/7 2018-q2-update/bin/../lib/gcc/arm-none-eabi/7.3.1/../../../../arm-none-eabi/lib/thumb/v6-m\libg.a(lib_a-locale.o)
                                  0xd (size before relaxing)
 *fill*         0x08009726        0x2 
 .rodata.str1.4
                0x08009728        0x4 c:/program files (x86)/gnu tools arm embedded/7 2018-q2-update/bin/../lib/gcc/arm-none-eabi/7.3.1/../../../../arm-none-eabi/lib/thumb/v6-m\libg.a(lib_a-locale.o)
                                  0x2 (size before relaxing)
 .rodata._ctype_
                0x0800972c      0x101 c:/program files (x86)/gnu tools arm embedded/7 2018-q2-update/bin/../lib/gcc/arm-none-eabi/7.3.1/../../../../arm-none-eabi/lib/thumb/v6-m\libg.a(lib_a-ctype_.o)
                0x0800972c                _ctype_
 *fill*         0x0800982d        0x3 
 .rodata        0x08009830       0x40 c:/program files (x86)/gnu tools arm embedded/7 2018-q2-update/bin/../lib/gcc/arm-none-eabi/7.3.1/thumb/v6-m\libgcc.a(divdf3.o)
 .rodata        0x08009870       0x40 c:/program files (x86)/gnu tools arm embedded/7 2018-q2-update/bin/../lib/gcc/arm-none-eabi/7.3.1/thumb/v6-m\libgcc.a(muldf3.o)
 *(vtable)
 *(.eh_frame*)
 *(.glue_7)
 .glue_7        0x080098b0        0x0 linker stubs
 *(.glue_7t)
 .glue_7t       0x080098b0        0x0 linker stubs

.vfp11_veneer   0x080098b0        0x0
 .vfp11_veneer  0x080098b0        0x0 linker stubs

.v4_bx          0x080098b0        0x0
 .v4_bx         0x080098b0        0x0 linker stubs

.iplt           0x080098b0        0x0
 .iplt          0x080098b0        0x0 ./system/src/newlib/_exit.o

.ARM.extab
 *(.ARM.extab* .gnu.linkonce.armextab.*)
                0x080098b0                . = ALIGN (0x4)
                0x080098b0                __exidx_start = .

.ARM.exidx      0x080098b0        0x8
 *(.ARM.exidx* .gnu.linkonce.armexidx.*)
 .ARM.exidx     0x080098b0        0x8 c:/program files (x86)/gnu tools arm embedded/7 2018-q2-update/bin/../lib/gcc/arm-none-eabi/7.3.1/thumb/v6-m\libgcc.a(_udivmoddi4.o)
                0x080098b8                __exidx_end = .

.rel.dyn        0x080098b8        0x0
 .rel.iplt      0x080098b8        0x0 ./system/src/newlib/_exit.o
                0x080098b8                . = ALIGN (0x4)
                0x080098b8                _etext = .
                0x080098b8                __etext = .

.data_CCMRAM    0x00000000        0x0 load address 0x080098b8
 FILL mask 0xff
 *(.data.CCMRAM .data.CCMRAM.*)
                0x00000000                . = ALIGN (0x4)
                0x080098b8                _sidata = LOADADDR (.data)

.data           0x20000000      0x9c0 load address 0x080098b8
 FILL mask 0xff
                0x20000000                _sdata = .
                0x20000000                __data_start__ = .
 *(.data_begin .data_begin.*)
 .data_begin    0x20000000        0x4 ./system/src/newlib/_startup.o
 *(.data .data.*)
 .data.argv.4310
                0x20000004        0x8 ./system/src/newlib/_syscalls.o
 .data.SystemCoreClock
                0x2000000c        0x4 ./system/src/cmsis/system_stm32f0xx.o
                0x2000000c                SystemCoreClock
 .data._impure_ptr
                0x20000010        0x4 c:/program files (x86)/gnu tools arm embedded/7 2018-q2-update/bin/../lib/gcc/arm-none-eabi/7.3.1/../../../../arm-none-eabi/lib/thumb/v6-m\libg.a(lib_a-impure.o)
                0x20000010                _impure_ptr
 *fill*         0x20000014        0x4 ff
 .data.impure_data
                0x20000018      0x428 c:/program files (x86)/gnu tools arm embedded/7 2018-q2-update/bin/../lib/gcc/arm-none-eabi/7.3.1/../../../../arm-none-eabi/lib/thumb/v6-m\libg.a(lib_a-impure.o)
 .data.__malloc_av_
                0x20000440      0x408 c:/program files (x86)/gnu tools arm embedded/7 2018-q2-update/bin/../lib/gcc/arm-none-eabi/7.3.1/../../../../arm-none-eabi/lib/thumb/v6-m\libg.a(lib_a-mallocr.o)
                0x20000440                __malloc_av_
 .data.__malloc_sbrk_base
                0x20000848        0x4 c:/program files (x86)/gnu tools arm embedded/7 2018-q2-update/bin/../lib/gcc/arm-none-eabi/7.3.1/../../../../arm-none-eabi/lib/thumb/v6-m\libg.a(lib_a-mallocr.o)
                0x20000848                __malloc_sbrk_base
 .data.__malloc_trim_threshold
                0x2000084c        0x4 c:/program files (x86)/gnu tools arm embedded/7 2018-q2-update/bin/../lib/gcc/arm-none-eabi/7.3.1/../../../../arm-none-eabi/lib/thumb/v6-m\libg.a(lib_a-mallocr.o)
                0x2000084c                __malloc_trim_threshold
 .data.__global_locale
                0x20000850      0x16c c:/program files (x86)/gnu tools arm embedded/7 2018-q2-update/bin/../lib/gcc/arm-none-eabi/7.3.1/../../../../arm-none-eabi/lib/thumb/v6-m\libg.a(lib_a-locale.o)
                0x20000850                __global_locale
 *(.data_end .data_end.*)
 .data_end      0x200009bc        0x4 ./system/src/newlib/_startup.o
                0x200009c0                . = ALIGN (0x4)
                0x200009c0                _edata = .
                0x200009c0                __data_end__ = .

.igot.plt       0x200009c0        0x0 load address 0x0800a278
 .igot.plt      0x200009c0        0x0 ./system/src/newlib/_exit.o

.bss_CCMRAM     0x00000000        0x0
 *(.bss.CCMRAM .bss.CCMRAM.*)

.bss            0x200009c0      0x2cc
                0x200009c0                __bss_start__ = .
                0x200009c0                _sbss = .
 *(.bss_begin .bss_begin.*)
 .bss_begin     0x200009c0        0x4 ./system/src/newlib/_startup.o
 *(.bss .bss.*)
 .bss.current_heap_end.3961
                0x200009c4        0x4 ./system/src/newlib/_sbrk.o
 .bss.name.4309
                0x200009c8        0x1 ./system/src/newlib/_syscalls.o
 *fill*         0x200009c9        0x3 
 .bss.buf.5205  0x200009cc       0x80 ./system/src/diag/Trace.o
 .bss.__malloc_current_mallinfo
                0x20000a4c       0x28 c:/program files (x86)/gnu tools arm embedded/7 2018-q2-update/bin/../lib/gcc/arm-none-eabi/7.3.1/../../../../arm-none-eabi/lib/thumb/v6-m\libg.a(lib_a-mallocr.o)
                0x20000a4c                __malloc_current_mallinfo
 .bss.__malloc_max_sbrked_mem
                0x20000a74        0x4 c:/program files (x86)/gnu tools arm embedded/7 2018-q2-update/bin/../lib/gcc/arm-none-eabi/7.3.1/../../../../arm-none-eabi/lib/thumb/v6-m\libg.a(lib_a-mallocr.o)
                0x20000a74                __malloc_max_sbrked_mem
 .bss.__malloc_max_total_mem
                0x20000a78        0x4 c:/program files (x86)/gnu tools arm embedded/7 2018-q2-update/bin/../lib/gcc/arm-none-eabi/7.3.1/../../../../arm-none-eabi/lib/thumb/v6-m\libg.a(lib_a-mallocr.o)
                0x20000a78                __malloc_max_total_mem
 .bss.__malloc_top_pad
                0x20000a7c        0x4 c:/program files (x86)/gnu tools arm embedded/7 2018-q2-update/bin/../lib/gcc/arm-none-eabi/7.3.1/../../../../arm-none-eabi/lib/thumb/v6-m\libg.a(lib_a-mallocr.o)
                0x20000a7c                __malloc_top_pad
 *(COMMON)
 COMMON         0x20000a80        0x4 ./system/src/newlib/_syscalls.o
                0x20000a80                errno
 COMMON         0x20000a84        0x4 ./system/src/STM32F0xx/stm32f0xx_hal.o
                0x20000a84                uwTick
 COMMON         0x20000a88      0x1dc ./src/main.o
                0x20000a88                huart3
                0x20000af8                hi2c2
                0x20000b44                huart1
                0x20000bb4                hspi1
                0x20000c18                hadc
 COMMON         0x20000c64       0x21 c:/program files (x86)/gnu tools arm embedded/7 2018-q2-update/bin/../lib/gcc/arm-none-eabi/7.3.1/../../../../arm-none-eabi/lib/thumb/v6-m\libg.a(lib_a-lock.o)
                0x20000c64                __lock___atexit_recursive_mutex
                0x20000c68                __lock___arc4random_mutex
                0x20000c6c                __lock___env_recursive_mutex
                0x20000c70                __lock___sinit_recursive_mutex
                0x20000c74                __lock___malloc_recursive_mutex
                0x20000c78                __lock___at_quick_exit_mutex
                0x20000c7c                __lock___dd_hash_mutex
                0x20000c80                __lock___tz_mutex
                0x20000c84                __lock___sfp_recursive_mutex
 *(.bss_end .bss_end.*)
 *fill*         0x20000c85        0x3 
 .bss_end       0x20000c88        0x4 ./system/src/newlib/_startup.o
                0x20000c8c                . = ALIGN (0x4)
                0x20000c8c                __bss_end__ = .
                0x20000c8c                _ebss = .

.noinit_CCMRAM
 *(.noinit.CCMRAM .noinit.CCMRAM.*)

.noinit         0x20000c8c        0x0
                0x20000c8c                _noinit = .
 *(.noinit .noinit.*)
                0x20000c8c                . = ALIGN (0x4)
                0x20000c8c                _end_noinit = .
                [!provide]                PROVIDE (end = _end_noinit)
                [!provide]                PROVIDE (_end = _end_noinit)
                [!provide]                PROVIDE (__end = _end_noinit)
                [!provide]                PROVIDE (__end__ = _end_noinit)

._check_stack   0x20000c8c      0x100
                0x20000d8c                . = (. + _Minimum_Stack_Size)
 *fill*         0x20000c8c      0x100 

.b1text
 *(.b1text)
 *(.b1rodata)
 *(.b1rodata.*)

.eb0text
 *(.eb0text)
 *(.eb0rodata)
 *(.eb0rodata.*)

.eb1text
 *(.eb1text)
 *(.eb1rodata)
 *(.eb1rodata.*)

.eb2text
 *(.eb2text)
 *(.eb2rodata)
 *(.eb2rodata.*)

.eb3text
 *(.eb3text)
 *(.eb3rodata)
 *(.eb3rodata.*)

.stab
 *(.stab)

.stabstr
 *(.stabstr)

.stab.excl
 *(.stab.excl)

.stab.exclstr
 *(.stab.exclstr)

.stab.index
 *(.stab.index)

.stab.indexstr
 *(.stab.indexstr)

.comment        0x00000000       0x7f
 *(.comment)
 .comment       0x00000000       0x7f ./system/src/newlib/_exit.o
                                 0x80 (size before relaxing)
 .comment       0x0000007f       0x80 ./system/src/newlib/_sbrk.o
 .comment       0x0000007f       0x80 ./system/src/newlib/_startup.o
 .comment       0x0000007f       0x80 ./system/src/newlib/_syscalls.o
 .comment       0x0000007f       0x80 ./system/src/diag/Trace.o
 .comment       0x0000007f       0x80 ./system/src/diag/trace_impl.o
 .comment       0x0000007f       0x80 ./system/src/cortexm/_initialize_hardware.o
 .comment       0x0000007f       0x80 ./system/src/cortexm/exception_handlers.o
 .comment       0x0000007f       0x80 ./system/src/cmsis/system_stm32f0xx.o
 .comment       0x0000007f       0x80 ./system/src/STM32F0xx/stm32f0xx_hal.o
 .comment       0x0000007f       0x80 ./system/src/STM32F0xx/stm32f0xx_hal_adc.o
 .comment       0x0000007f       0x80 ./system/src/STM32F0xx/stm32f0xx_hal_cortex.o
 .comment       0x0000007f       0x80 ./system/src/STM32F0xx/stm32f0xx_hal_gpio.o
 .comment       0x0000007f       0x80 ./system/src/STM32F0xx/stm32f0xx_hal_i2c.o
 .comment       0x0000007f       0x80 ./system/src/STM32F0xx/stm32f0xx_hal_i2c_ex.o
 .comment       0x0000007f       0x80 ./system/src/STM32F0xx/stm32f0xx_hal_rcc.o
 .comment       0x0000007f       0x80 ./system/src/STM32F0xx/stm32f0xx_hal_rcc_ex.o
 .comment       0x0000007f       0x80 ./system/src/STM32F0xx/stm32f0xx_hal_spi.o
 .comment       0x0000007f       0x80 ./system/src/STM32F0xx/stm32f0xx_hal_uart.o
 .comment       0x0000007f       0x80 ./src/main.o
 .comment       0x0000007f       0x80 ./src/stm32f0xx_hal_msp.o
 .comment       0x0000007f       0x80 ./src/stm32f0xx_it.o

.ARM.attributes
                0x00000000       0x2f
 .ARM.attributes
                0x00000000       0x31 ./system/src/newlib/_exit.o
 .ARM.attributes
                0x00000031       0x31 ./system/src/newlib/_sbrk.o
 .ARM.attributes
                0x00000062       0x31 ./system/src/newlib/_startup.o
 .ARM.attributes
                0x00000093       0x31 ./system/src/newlib/_syscalls.o
 .ARM.attributes
                0x000000c4       0x31 ./system/src/diag/Trace.o
 .ARM.attributes
                0x000000f5       0x31 ./system/src/diag/trace_impl.o
 .ARM.attributes
                0x00000126       0x31 ./system/src/cortexm/_initialize_hardware.o
 .ARM.attributes
                0x00000157       0x31 ./system/src/cortexm/exception_handlers.o
 .ARM.attributes
                0x00000188       0x21 ./system/src/cmsis/startup_stm32f072xb.o
 .ARM.attributes
                0x000001a9       0x31 ./system/src/cmsis/system_stm32f0xx.o
 .ARM.attributes
                0x000001da       0x31 ./system/src/STM32F0xx/stm32f0xx_hal.o
 .ARM.attributes
                0x0000020b       0x31 ./system/src/STM32F0xx/stm32f0xx_hal_adc.o
 .ARM.attributes
                0x0000023c       0x31 ./system/src/STM32F0xx/stm32f0xx_hal_cortex.o
 .ARM.attributes
                0x0000026d       0x31 ./system/src/STM32F0xx/stm32f0xx_hal_gpio.o
 .ARM.attributes
                0x0000029e       0x31 ./system/src/STM32F0xx/stm32f0xx_hal_i2c.o
 .ARM.attributes
                0x000002cf       0x31 ./system/src/STM32F0xx/stm32f0xx_hal_i2c_ex.o
 .ARM.attributes
                0x00000300       0x31 ./system/src/STM32F0xx/stm32f0xx_hal_rcc.o
 .ARM.attributes
                0x00000331       0x31 ./system/src/STM32F0xx/stm32f0xx_hal_rcc_ex.o
 .ARM.attributes
                0x00000362       0x31 ./system/src/STM32F0xx/stm32f0xx_hal_spi.o
 .ARM.attributes
                0x00000393       0x31 ./system/src/STM32F0xx/stm32f0xx_hal_uart.o
 .ARM.attributes
                0x000003c4       0x31 ./src/main.o
 .ARM.attributes
                0x000003f5       0x31 ./src/stm32f0xx_hal_msp.o
 .ARM.attributes
                0x00000426       0x31 ./src/stm32f0xx_it.o
 .ARM.attributes
                0x00000457       0x1e c:/program files (x86)/gnu tools arm embedded/7 2018-q2-update/bin/../lib/gcc/arm-none-eabi/7.3.1/thumb/v6-m\libgcc.a(_udivsi3.o)
 .ARM.attributes
                0x00000475       0x1e c:/program files (x86)/gnu tools arm embedded/7 2018-q2-update/bin/../lib/gcc/arm-none-eabi/7.3.1/thumb/v6-m\libgcc.a(_dvmd_tls.o)
 .ARM.attributes
                0x00000493       0x2c c:/program files (x86)/gnu tools arm embedded/7 2018-q2-update/bin/../lib/gcc/arm-none-eabi/7.3.1/../../../../arm-none-eabi/lib/thumb/v6-m\libg.a(lib_a-errno.o)
 .ARM.attributes
                0x000004bf       0x2c c:/program files (x86)/gnu tools arm embedded/7 2018-q2-update/bin/../lib/gcc/arm-none-eabi/7.3.1/../../../../arm-none-eabi/lib/thumb/v6-m\libg.a(lib_a-impure.o)
 .ARM.attributes
                0x000004eb       0x2c c:/program files (x86)/gnu tools arm embedded/7 2018-q2-update/bin/../lib/gcc/arm-none-eabi/7.3.1/../../../../arm-none-eabi/lib/thumb/v6-m\libg.a(lib_a-strlen-stub.o)
 .ARM.attributes
                0x00000517       0x2c c:/program files (x86)/gnu tools arm embedded/7 2018-q2-update/bin/../lib/gcc/arm-none-eabi/7.3.1/../../../../arm-none-eabi/lib/thumb/v6-m\libg.a(lib_a-vsnprintf.o)
 .ARM.attributes
                0x00000543       0x2c c:/program files (x86)/gnu tools arm embedded/7 2018-q2-update/bin/../lib/gcc/arm-none-eabi/7.3.1/../../../../arm-none-eabi/lib/thumb/v6-m\libg.a(lib_a-svfprintf.o)
 .ARM.attributes
                0x0000056f       0x2c c:/program files (x86)/gnu tools arm embedded/7 2018-q2-update/bin/../lib/gcc/arm-none-eabi/7.3.1/../../../../arm-none-eabi/lib/thumb/v6-m\libg.a(lib_a-dtoa.o)
 .ARM.attributes
                0x0000059b       0x2c c:/program files (x86)/gnu tools arm embedded/7 2018-q2-update/bin/../lib/gcc/arm-none-eabi/7.3.1/../../../../arm-none-eabi/lib/thumb/v6-m\libg.a(lib_a-freer.o)
 .ARM.attributes
                0x000005c7       0x2c c:/program files (x86)/gnu tools arm embedded/7 2018-q2-update/bin/../lib/gcc/arm-none-eabi/7.3.1/../../../../arm-none-eabi/lib/thumb/v6-m\libg.a(lib_a-localeconv.o)
 .ARM.attributes
                0x000005f3       0x2c c:/program files (x86)/gnu tools arm embedded/7 2018-q2-update/bin/../lib/gcc/arm-none-eabi/7.3.1/../../../../arm-none-eabi/lib/thumb/v6-m\libg.a(lib_a-mallocr.o)
 .ARM.attributes
                0x0000061f       0x2c c:/program files (x86)/gnu tools arm embedded/7 2018-q2-update/bin/../lib/gcc/arm-none-eabi/7.3.1/../../../../arm-none-eabi/lib/thumb/v6-m\libg.a(lib_a-memchr-stub.o)
 .ARM.attributes
                0x0000064b       0x2c c:/program files (x86)/gnu tools arm embedded/7 2018-q2-update/bin/../lib/gcc/arm-none-eabi/7.3.1/../../../../arm-none-eabi/lib/thumb/v6-m\libg.a(lib_a-memcpy-stub.o)
 .ARM.attributes
                0x00000677       0x2c c:/program files (x86)/gnu tools arm embedded/7 2018-q2-update/bin/../lib/gcc/arm-none-eabi/7.3.1/../../../../arm-none-eabi/lib/thumb/v6-m\libg.a(lib_a-mlock.o)
 .ARM.attributes
                0x000006a3       0x2c c:/program files (x86)/gnu tools arm embedded/7 2018-q2-update/bin/../lib/gcc/arm-none-eabi/7.3.1/../../../../arm-none-eabi/lib/thumb/v6-m\libg.a(lib_a-mprec.o)
 .ARM.attributes
                0x000006cf       0x2c c:/program files (x86)/gnu tools arm embedded/7 2018-q2-update/bin/../lib/gcc/arm-none-eabi/7.3.1/../../../../arm-none-eabi/lib/thumb/v6-m\libg.a(lib_a-s_frexp.o)
 .ARM.attributes
                0x000006fb       0x2c c:/program files (x86)/gnu tools arm embedded/7 2018-q2-update/bin/../lib/gcc/arm-none-eabi/7.3.1/../../../../arm-none-eabi/lib/thumb/v6-m\libg.a(lib_a-sbrkr.o)
 .ARM.attributes
                0x00000727       0x2c c:/program files (x86)/gnu tools arm embedded/7 2018-q2-update/bin/../lib/gcc/arm-none-eabi/7.3.1/../../../../arm-none-eabi/lib/thumb/v6-m\libg.a(lib_a-strncpy.o)
 .ARM.attributes
                0x00000753       0x2c c:/program files (x86)/gnu tools arm embedded/7 2018-q2-update/bin/../lib/gcc/arm-none-eabi/7.3.1/../../../../arm-none-eabi/lib/thumb/v6-m\libg.a(lib_a-svfiprintf.o)
 .ARM.attributes
                0x0000077f       0x2c c:/program files (x86)/gnu tools arm embedded/7 2018-q2-update/bin/../lib/gcc/arm-none-eabi/7.3.1/../../../../arm-none-eabi/lib/thumb/v6-m\libg.a(lib_a-callocr.o)
 .ARM.attributes
                0x000007ab       0x2c c:/program files (x86)/gnu tools arm embedded/7 2018-q2-update/bin/../lib/gcc/arm-none-eabi/7.3.1/../../../../arm-none-eabi/lib/thumb/v6-m\libg.a(lib_a-locale.o)
 .ARM.attributes
                0x000007d7       0x2c c:/program files (x86)/gnu tools arm embedded/7 2018-q2-update/bin/../lib/gcc/arm-none-eabi/7.3.1/../../../../arm-none-eabi/lib/thumb/v6-m\libg.a(lib_a-lock.o)
 .ARM.attributes
                0x00000803       0x2c c:/program files (x86)/gnu tools arm embedded/7 2018-q2-update/bin/../lib/gcc/arm-none-eabi/7.3.1/../../../../arm-none-eabi/lib/thumb/v6-m\libg.a(lib_a-mbtowc_r.o)
 .ARM.attributes
                0x0000082f       0x2c c:/program files (x86)/gnu tools arm embedded/7 2018-q2-update/bin/../lib/gcc/arm-none-eabi/7.3.1/../../../../arm-none-eabi/lib/thumb/v6-m\libg.a(lib_a-memmove.o)
 .ARM.attributes
                0x0000085b       0x2c c:/program files (x86)/gnu tools arm embedded/7 2018-q2-update/bin/../lib/gcc/arm-none-eabi/7.3.1/../../../../arm-none-eabi/lib/thumb/v6-m\libg.a(lib_a-memset.o)
 .ARM.attributes
                0x00000887       0x2c c:/program files (x86)/gnu tools arm embedded/7 2018-q2-update/bin/../lib/gcc/arm-none-eabi/7.3.1/../../../../arm-none-eabi/lib/thumb/v6-m\libg.a(lib_a-reallocr.o)
 .ARM.attributes
                0x000008b3       0x2c c:/program files (x86)/gnu tools arm embedded/7 2018-q2-update/bin/../lib/gcc/arm-none-eabi/7.3.1/../../../../arm-none-eabi/lib/thumb/v6-m\libg.a(lib_a-wctomb_r.o)
 .ARM.attributes
                0x000008df       0x2c c:/program files (x86)/gnu tools arm embedded/7 2018-q2-update/bin/../lib/gcc/arm-none-eabi/7.3.1/../../../../arm-none-eabi/lib/thumb/v6-m\libg.a(lib_a-ctype_.o)
 .ARM.attributes
                0x0000090b       0x1e c:/program files (x86)/gnu tools arm embedded/7 2018-q2-update/bin/../lib/gcc/arm-none-eabi/7.3.1/thumb/v6-m\libgcc.a(_divsi3.o)
 .ARM.attributes
                0x00000929       0x1e c:/program files (x86)/gnu tools arm embedded/7 2018-q2-update/bin/../lib/gcc/arm-none-eabi/7.3.1/thumb/v6-m\libgcc.a(_arm_cmpdf2.o)
 .ARM.attributes
                0x00000947       0x1e c:/program files (x86)/gnu tools arm embedded/7 2018-q2-update/bin/../lib/gcc/arm-none-eabi/7.3.1/thumb/v6-m\libgcc.a(_aeabi_uldivmod.o)
 .ARM.attributes
                0x00000965       0x2c c:/program files (x86)/gnu tools arm embedded/7 2018-q2-update/bin/../lib/gcc/arm-none-eabi/7.3.1/thumb/v6-m\libgcc.a(_udivmoddi4.o)
 .ARM.attributes
                0x00000991       0x2c c:/program files (x86)/gnu tools arm embedded/7 2018-q2-update/bin/../lib/gcc/arm-none-eabi/7.3.1/thumb/v6-m\libgcc.a(adddf3.o)
 .ARM.attributes
                0x000009bd       0x2c c:/program files (x86)/gnu tools arm embedded/7 2018-q2-update/bin/../lib/gcc/arm-none-eabi/7.3.1/thumb/v6-m\libgcc.a(divdf3.o)
 .ARM.attributes
                0x000009e9       0x2c c:/program files (x86)/gnu tools arm embedded/7 2018-q2-update/bin/../lib/gcc/arm-none-eabi/7.3.1/thumb/v6-m\libgcc.a(eqdf2.o)
 .ARM.attributes
                0x00000a15       0x2c c:/program files (x86)/gnu tools arm embedded/7 2018-q2-update/bin/../lib/gcc/arm-none-eabi/7.3.1/thumb/v6-m\libgcc.a(gedf2.o)
 .ARM.attributes
                0x00000a41       0x2c c:/program files (x86)/gnu tools arm embedded/7 2018-q2-update/bin/../lib/gcc/arm-none-eabi/7.3.1/thumb/v6-m\libgcc.a(ledf2.o)
 .ARM.attributes
                0x00000a6d       0x2c c:/program files (x86)/gnu tools arm embedded/7 2018-q2-update/bin/../lib/gcc/arm-none-eabi/7.3.1/thumb/v6-m\libgcc.a(muldf3.o)
 .ARM.attributes
                0x00000a99       0x2c c:/program files (x86)/gnu tools arm embedded/7 2018-q2-update/bin/../lib/gcc/arm-none-eabi/7.3.1/thumb/v6-m\libgcc.a(subdf3.o)
 .ARM.attributes
                0x00000ac5       0x2c c:/program files (x86)/gnu tools arm embedded/7 2018-q2-update/bin/../lib/gcc/arm-none-eabi/7.3.1/thumb/v6-m\libgcc.a(unorddf2.o)
 .ARM.attributes
                0x00000af1       0x2c c:/program files (x86)/gnu tools arm embedded/7 2018-q2-update/bin/../lib/gcc/arm-none-eabi/7.3.1/thumb/v6-m\libgcc.a(fixdfsi.o)
 .ARM.attributes
                0x00000b1d       0x2c c:/program files (x86)/gnu tools arm embedded/7 2018-q2-update/bin/../lib/gcc/arm-none-eabi/7.3.1/thumb/v6-m\libgcc.a(floatsidf.o)
 .ARM.attributes
                0x00000b49       0x2c c:/program files (x86)/gnu tools arm embedded/7 2018-q2-update/bin/../lib/gcc/arm-none-eabi/7.3.1/thumb/v6-m\libgcc.a(floatunsidf.o)
 .ARM.attributes
                0x00000b75       0x1e c:/program files (x86)/gnu tools arm embedded/7 2018-q2-update/bin/../lib/gcc/arm-none-eabi/7.3.1/thumb/v6-m\libgcc.a(_clzsi2.o)
 .ARM.attributes
                0x00000b93       0x1e c:/program files (x86)/gnu tools arm embedded/7 2018-q2-update/bin/../lib/gcc/arm-none-eabi/7.3.1/thumb/v6-m\libgcc.a(_clzdi2.o)

.debug
 *(.debug)

.line
 *(.line)

.debug_srcinfo
 *(.debug_srcinfo)

.debug_sfnames
 *(.debug_sfnames)

.debug_aranges  0x00000000      0xcc8
 *(.debug_aranges)
 .debug_aranges
                0x00000000       0x28 ./system/src/newlib/_exit.o
 .debug_aranges
                0x00000028       0x20 ./system/src/newlib/_sbrk.o
 .debug_aranges
                0x00000048       0x40 ./system/src/newlib/_startup.o
 .debug_aranges
                0x00000088       0x30 ./system/src/newlib/_syscalls.o
 .debug_aranges
                0x000000b8       0x38 ./system/src/diag/Trace.o
 .debug_aranges
                0x000000f0       0x30 ./system/src/diag/trace_impl.o
 .debug_aranges
                0x00000120       0x28 ./system/src/cortexm/_initialize_hardware.o
 .debug_aranges
                0x00000148       0x58 ./system/src/cortexm/exception_handlers.o
 .debug_aranges
                0x000001a0       0x28 ./system/src/cmsis/startup_stm32f072xb.o
 .debug_aranges
                0x000001c8       0x28 ./system/src/cmsis/system_stm32f0xx.o
 .debug_aranges
                0x000001f0       0xb8 ./system/src/STM32F0xx/stm32f0xx_hal.o
 .debug_aranges
                0x000002a8       0xf8 ./system/src/STM32F0xx/stm32f0xx_hal_adc.o
 .debug_aranges
                0x000003a0       0x78 ./system/src/STM32F0xx/stm32f0xx_hal_cortex.o
 .debug_aranges
                0x00000418       0x58 ./system/src/STM32F0xx/stm32f0xx_hal_gpio.o
 .debug_aranges
                0x00000470      0x260 ./system/src/STM32F0xx/stm32f0xx_hal_i2c.o
 .debug_aranges
                0x000006d0       0x48 ./system/src/STM32F0xx/stm32f0xx_hal_i2c_ex.o
 .debug_aranges
                0x00000718       0x80 ./system/src/STM32F0xx/stm32f0xx_hal_rcc.o
 .debug_aranges
                0x00000798       0x78 ./system/src/STM32F0xx/stm32f0xx_hal_rcc_ex.o
 .debug_aranges
                0x00000810      0x1d8 ./system/src/STM32F0xx/stm32f0xx_hal_spi.o
 .debug_aranges
                0x000009e8      0x1d8 ./system/src/STM32F0xx/stm32f0xx_hal_uart.o
 .debug_aranges
                0x00000bc0       0x68 ./src/main.o
 .debug_aranges
                0x00000c28       0x60 ./src/stm32f0xx_hal_msp.o
 .debug_aranges
                0x00000c88       0x40 ./src/stm32f0xx_it.o

.debug_pubnames
 *(.debug_pubnames)

.debug_info     0x00000000    0x18f93
 *(.debug_info .gnu.linkonce.wi.*)
 .debug_info    0x00000000      0x956 ./system/src/newlib/_exit.o
 .debug_info    0x00000956      0x942 ./system/src/newlib/_sbrk.o
 .debug_info    0x00001298      0x42e ./system/src/newlib/_startup.o
 .debug_info    0x000016c6      0xa19 ./system/src/newlib/_syscalls.o
 .debug_info    0x000020df      0xb2a ./system/src/diag/Trace.o
 .debug_info    0x00002c09      0x397 ./system/src/diag/trace_impl.o
 .debug_info    0x00002fa0      0x135 ./system/src/cortexm/_initialize_hardware.o
 .debug_info    0x000030d5      0xbde ./system/src/cortexm/exception_handlers.o
 .debug_info    0x00003cb3       0x22 ./system/src/cmsis/startup_stm32f072xb.o
 .debug_info    0x00003cd5      0x235 ./system/src/cmsis/system_stm32f0xx.o
 .debug_info    0x00003f0a      0xe81 ./system/src/STM32F0xx/stm32f0xx_hal.o
 .debug_info    0x00004d8b     0x1b25 ./system/src/STM32F0xx/stm32f0xx_hal_adc.o
 .debug_info    0x000068b0     0x10b3 ./system/src/STM32F0xx/stm32f0xx_hal_cortex.o
 .debug_info    0x00007963     0x1011 ./system/src/STM32F0xx/stm32f0xx_hal_gpio.o
 .debug_info    0x00008974     0x3c50 ./system/src/STM32F0xx/stm32f0xx_hal_i2c.o
 .debug_info    0x0000c5c4     0x1166 ./system/src/STM32F0xx/stm32f0xx_hal_i2c_ex.o
 .debug_info    0x0000d72a     0x147b ./system/src/STM32F0xx/stm32f0xx_hal_rcc.o
 .debug_info    0x0000eba5     0x10ae ./system/src/STM32F0xx/stm32f0xx_hal_rcc_ex.o
 .debug_info    0x0000fc53     0x291a ./system/src/STM32F0xx/stm32f0xx_hal_spi.o
 .debug_info    0x0001256d     0x234d ./system/src/STM32F0xx/stm32f0xx_hal_uart.o
 .debug_info    0x000148ba     0x219c ./src/main.o
 .debug_info    0x00016a56     0x1bbb ./src/stm32f0xx_hal_msp.o
 .debug_info    0x00018611      0x982 ./src/stm32f0xx_it.o

.debug_abbrev   0x00000000     0x3505
 *(.debug_abbrev)
 .debug_abbrev  0x00000000      0x1f3 ./system/src/newlib/_exit.o
 .debug_abbrev  0x000001f3      0x1fc ./system/src/newlib/_sbrk.o
 .debug_abbrev  0x000003ef      0x1b3 ./system/src/newlib/_startup.o
 .debug_abbrev  0x000005a2      0x234 ./system/src/newlib/_syscalls.o
 .debug_abbrev  0x000007d6      0x276 ./system/src/diag/Trace.o
 .debug_abbrev  0x00000a4c      0x1ca ./system/src/diag/trace_impl.o
 .debug_abbrev  0x00000c16       0x9a ./system/src/cortexm/_initialize_hardware.o
 .debug_abbrev  0x00000cb0      0x28f ./system/src/cortexm/exception_handlers.o
 .debug_abbrev  0x00000f3f       0x12 ./system/src/cmsis/startup_stm32f072xb.o
 .debug_abbrev  0x00000f51      0x100 ./system/src/cmsis/system_stm32f0xx.o
 .debug_abbrev  0x00001051      0x2f6 ./system/src/STM32F0xx/stm32f0xx_hal.o
 .debug_abbrev  0x00001347      0x2f0 ./system/src/STM32F0xx/stm32f0xx_hal_adc.o
 .debug_abbrev  0x00001637      0x374 ./system/src/STM32F0xx/stm32f0xx_hal_cortex.o
 .debug_abbrev  0x000019ab      0x2de ./system/src/STM32F0xx/stm32f0xx_hal_gpio.o
 .debug_abbrev  0x00001c89      0x2df ./system/src/STM32F0xx/stm32f0xx_hal_i2c.o
 .debug_abbrev  0x00001f68      0x274 ./system/src/STM32F0xx/stm32f0xx_hal_i2c_ex.o
 .debug_abbrev  0x000021dc      0x2e8 ./system/src/STM32F0xx/stm32f0xx_hal_rcc.o
 .debug_abbrev  0x000024c4      0x2ff ./system/src/STM32F0xx/stm32f0xx_hal_rcc_ex.o
 .debug_abbrev  0x000027c3      0x315 ./system/src/STM32F0xx/stm32f0xx_hal_spi.o
 .debug_abbrev  0x00002ad8      0x2cb ./system/src/STM32F0xx/stm32f0xx_hal_uart.o
 .debug_abbrev  0x00002da3      0x2e5 ./src/main.o
 .debug_abbrev  0x00003088      0x28c ./src/stm32f0xx_hal_msp.o
 .debug_abbrev  0x00003314      0x1f1 ./src/stm32f0xx_it.o

.debug_line     0x00000000     0xb662
 *(.debug_line)
 .debug_line    0x00000000      0x373 ./system/src/newlib/_exit.o
 .debug_line    0x00000373      0x327 ./system/src/newlib/_sbrk.o
 .debug_line    0x0000069a      0x3e1 ./system/src/newlib/_startup.o
 .debug_line    0x00000a7b      0x448 ./system/src/newlib/_syscalls.o
 .debug_line    0x00000ec3      0x3ef ./system/src/diag/Trace.o
 .debug_line    0x000012b2      0x471 ./system/src/diag/trace_impl.o
 .debug_line    0x00001723      0x191 ./system/src/cortexm/_initialize_hardware.o
 .debug_line    0x000018b4      0x4ca ./system/src/cortexm/exception_handlers.o
 .debug_line    0x00001d7e       0x8c ./system/src/cmsis/startup_stm32f072xb.o
 .debug_line    0x00001e0a      0x19f ./system/src/cmsis/system_stm32f0xx.o
 .debug_line    0x00001fa9      0x7db ./system/src/STM32F0xx/stm32f0xx_hal.o
 .debug_line    0x00002784      0xdd9 ./system/src/STM32F0xx/stm32f0xx_hal_adc.o
 .debug_line    0x0000355d      0x805 ./system/src/STM32F0xx/stm32f0xx_hal_cortex.o
 .debug_line    0x00003d62      0x8c0 ./system/src/STM32F0xx/stm32f0xx_hal_gpio.o
 .debug_line    0x00004622     0x18aa ./system/src/STM32F0xx/stm32f0xx_hal_i2c.o
 .debug_line    0x00005ecc      0x81d ./system/src/STM32F0xx/stm32f0xx_hal_i2c_ex.o
 .debug_line    0x000066e9      0xada ./system/src/STM32F0xx/stm32f0xx_hal_rcc.o
 .debug_line    0x000071c3      0x99e ./system/src/STM32F0xx/stm32f0xx_hal_rcc_ex.o
 .debug_line    0x00007b61     0x1339 ./system/src/STM32F0xx/stm32f0xx_hal_spi.o
 .debug_line    0x00008e9a     0x1214 ./system/src/STM32F0xx/stm32f0xx_hal_uart.o
 .debug_line    0x0000a0ae      0x7a0 ./src/main.o
 .debug_line    0x0000a84e      0x75a ./src/stm32f0xx_hal_msp.o
 .debug_line    0x0000afa8      0x6ba ./src/stm32f0xx_it.o

.debug_frame    0x00000000     0x2bf4
 *(.debug_frame)
 .debug_frame   0x00000000       0x38 ./system/src/newlib/_exit.o
 .debug_frame   0x00000038       0x28 ./system/src/newlib/_sbrk.o
 .debug_frame   0x00000060       0x80 ./system/src/newlib/_startup.o
 .debug_frame   0x000000e0       0x50 ./system/src/newlib/_syscalls.o
 .debug_frame   0x00000130       0x78 ./system/src/diag/Trace.o
 .debug_frame   0x000001a8       0x60 ./system/src/diag/trace_impl.o
 .debug_frame   0x00000208       0x40 ./system/src/cortexm/_initialize_hardware.o
 .debug_frame   0x00000248       0xb0 ./system/src/cortexm/exception_handlers.o
 .debug_frame   0x000002f8       0x38 ./system/src/cmsis/system_stm32f0xx.o
 .debug_frame   0x00000330      0x174 ./system/src/STM32F0xx/stm32f0xx_hal.o
 .debug_frame   0x000004a4      0x2b0 ./system/src/STM32F0xx/stm32f0xx_hal_adc.o
 .debug_frame   0x00000754      0x114 ./system/src/STM32F0xx/stm32f0xx_hal_cortex.o
 .debug_frame   0x00000868       0xfc ./system/src/STM32F0xx/stm32f0xx_hal_gpio.o
 .debug_frame   0x00000964      0x79c ./system/src/STM32F0xx/stm32f0xx_hal_i2c.o
 .debug_frame   0x00001100       0xc0 ./system/src/STM32F0xx/stm32f0xx_hal_i2c_ex.o
 .debug_frame   0x000011c0      0x13c ./system/src/STM32F0xx/stm32f0xx_hal_rcc.o
 .debug_frame   0x000012fc      0x10c ./system/src/STM32F0xx/stm32f0xx_hal_rcc_ex.o
 .debug_frame   0x00001408      0x584 ./system/src/STM32F0xx/stm32f0xx_hal_spi.o
 .debug_frame   0x0000198c      0x508 ./system/src/STM32F0xx/stm32f0xx_hal_uart.o
 .debug_frame   0x00001e94       0xf8 ./src/main.o
 .debug_frame   0x00001f8c       0xe8 ./src/stm32f0xx_hal_msp.o
 .debug_frame   0x00002074       0x68 ./src/stm32f0xx_it.o
 .debug_frame   0x000020dc       0x20 c:/program files (x86)/gnu tools arm embedded/7 2018-q2-update/bin/../lib/gcc/arm-none-eabi/7.3.1/thumb/v6-m\libgcc.a(_udivsi3.o)
 .debug_frame   0x000020fc       0x20 c:/program files (x86)/gnu tools arm embedded/7 2018-q2-update/bin/../lib/gcc/arm-none-eabi/7.3.1/../../../../arm-none-eabi/lib/thumb/v6-m\libg.a(lib_a-errno.o)
 .debug_frame   0x0000211c       0x28 c:/program files (x86)/gnu tools arm embedded/7 2018-q2-update/bin/../lib/gcc/arm-none-eabi/7.3.1/../../../../arm-none-eabi/lib/thumb/v6-m\libg.a(lib_a-strlen-stub.o)
 .debug_frame   0x00002144       0x48 c:/program files (x86)/gnu tools arm embedded/7 2018-q2-update/bin/../lib/gcc/arm-none-eabi/7.3.1/../../../../arm-none-eabi/lib/thumb/v6-m\libg.a(lib_a-vsnprintf.o)
 .debug_frame   0x0000218c       0x3c c:/program files (x86)/gnu tools arm embedded/7 2018-q2-update/bin/../lib/gcc/arm-none-eabi/7.3.1/../../../../arm-none-eabi/lib/thumb/v6-m\libg.a(lib_a-svfprintf.o)
 .debug_frame   0x000021c8       0x68 c:/program files (x86)/gnu tools arm embedded/7 2018-q2-update/bin/../lib/gcc/arm-none-eabi/7.3.1/../../../../arm-none-eabi/lib/thumb/v6-m\libg.a(lib_a-dtoa.o)
 .debug_frame   0x00002230       0x58 c:/program files (x86)/gnu tools arm embedded/7 2018-q2-update/bin/../lib/gcc/arm-none-eabi/7.3.1/../../../../arm-none-eabi/lib/thumb/v6-m\libg.a(lib_a-freer.o)
 .debug_frame   0x00002288       0x40 c:/program files (x86)/gnu tools arm embedded/7 2018-q2-update/bin/../lib/gcc/arm-none-eabi/7.3.1/../../../../arm-none-eabi/lib/thumb/v6-m\libg.a(lib_a-localeconv.o)
 .debug_frame   0x000022c8       0x3c c:/program files (x86)/gnu tools arm embedded/7 2018-q2-update/bin/../lib/gcc/arm-none-eabi/7.3.1/../../../../arm-none-eabi/lib/thumb/v6-m\libg.a(lib_a-mallocr.o)
 .debug_frame   0x00002304       0x2c c:/program files (x86)/gnu tools arm embedded/7 2018-q2-update/bin/../lib/gcc/arm-none-eabi/7.3.1/../../../../arm-none-eabi/lib/thumb/v6-m\libg.a(lib_a-memchr-stub.o)
 .debug_frame   0x00002330       0x30 c:/program files (x86)/gnu tools arm embedded/7 2018-q2-update/bin/../lib/gcc/arm-none-eabi/7.3.1/../../../../arm-none-eabi/lib/thumb/v6-m\libg.a(lib_a-memcpy-stub.o)
 .debug_frame   0x00002360       0x40 c:/program files (x86)/gnu tools arm embedded/7 2018-q2-update/bin/../lib/gcc/arm-none-eabi/7.3.1/../../../../arm-none-eabi/lib/thumb/v6-m\libg.a(lib_a-mlock.o)
 .debug_frame   0x000023a0      0x260 c:/program files (x86)/gnu tools arm embedded/7 2018-q2-update/bin/../lib/gcc/arm-none-eabi/7.3.1/../../../../arm-none-eabi/lib/thumb/v6-m\libg.a(lib_a-mprec.o)
 .debug_frame   0x00002600       0x2c c:/program files (x86)/gnu tools arm embedded/7 2018-q2-update/bin/../lib/gcc/arm-none-eabi/7.3.1/../../../../arm-none-eabi/lib/thumb/v6-m\libg.a(lib_a-s_frexp.o)
 .debug_frame   0x0000262c       0x2c c:/program files (x86)/gnu tools arm embedded/7 2018-q2-update/bin/../lib/gcc/arm-none-eabi/7.3.1/../../../../arm-none-eabi/lib/thumb/v6-m\libg.a(lib_a-sbrkr.o)
 .debug_frame   0x00002658       0x34 c:/program files (x86)/gnu tools arm embedded/7 2018-q2-update/bin/../lib/gcc/arm-none-eabi/7.3.1/../../../../arm-none-eabi/lib/thumb/v6-m\libg.a(lib_a-strncpy.o)
 .debug_frame   0x0000268c       0x68 c:/program files (x86)/gnu tools arm embedded/7 2018-q2-update/bin/../lib/gcc/arm-none-eabi/7.3.1/../../../../arm-none-eabi/lib/thumb/v6-m\libg.a(lib_a-svfiprintf.o)
 .debug_frame   0x000026f4       0x28 c:/program files (x86)/gnu tools arm embedded/7 2018-q2-update/bin/../lib/gcc/arm-none-eabi/7.3.1/../../../../arm-none-eabi/lib/thumb/v6-m\libg.a(lib_a-callocr.o)
 .debug_frame   0x0000271c       0x74 c:/program files (x86)/gnu tools arm embedded/7 2018-q2-update/bin/../lib/gcc/arm-none-eabi/7.3.1/../../../../arm-none-eabi/lib/thumb/v6-m\libg.a(lib_a-locale.o)
 .debug_frame   0x00002790       0xb0 c:/program files (x86)/gnu tools arm embedded/7 2018-q2-update/bin/../lib/gcc/arm-none-eabi/7.3.1/../../../../arm-none-eabi/lib/thumb/v6-m\libg.a(lib_a-lock.o)
 .debug_frame   0x00002840       0x40 c:/program files (x86)/gnu tools arm embedded/7 2018-q2-update/bin/../lib/gcc/arm-none-eabi/7.3.1/../../../../arm-none-eabi/lib/thumb/v6-m\libg.a(lib_a-mbtowc_r.o)
 .debug_frame   0x00002880       0x30 c:/program files (x86)/gnu tools arm embedded/7 2018-q2-update/bin/../lib/gcc/arm-none-eabi/7.3.1/../../../../arm-none-eabi/lib/thumb/v6-m\libg.a(lib_a-memmove.o)
 .debug_frame   0x000028b0       0x30 c:/program files (x86)/gnu tools arm embedded/7 2018-q2-update/bin/../lib/gcc/arm-none-eabi/7.3.1/../../../../arm-none-eabi/lib/thumb/v6-m\libg.a(lib_a-memset.o)
 .debug_frame   0x000028e0       0x3c c:/program files (x86)/gnu tools arm embedded/7 2018-q2-update/bin/../lib/gcc/arm-none-eabi/7.3.1/../../../../arm-none-eabi/lib/thumb/v6-m\libg.a(lib_a-reallocr.o)
 .debug_frame   0x0000291c       0x3c c:/program files (x86)/gnu tools arm embedded/7 2018-q2-update/bin/../lib/gcc/arm-none-eabi/7.3.1/../../../../arm-none-eabi/lib/thumb/v6-m\libg.a(lib_a-wctomb_r.o)
 .debug_frame   0x00002958       0x20 c:/program files (x86)/gnu tools arm embedded/7 2018-q2-update/bin/../lib/gcc/arm-none-eabi/7.3.1/thumb/v6-m\libgcc.a(_divsi3.o)
 .debug_frame   0x00002978       0x3c c:/program files (x86)/gnu tools arm embedded/7 2018-q2-update/bin/../lib/gcc/arm-none-eabi/7.3.1/thumb/v6-m\libgcc.a(_udivmoddi4.o)
 .debug_frame   0x000029b4       0x38 c:/program files (x86)/gnu tools arm embedded/7 2018-q2-update/bin/../lib/gcc/arm-none-eabi/7.3.1/thumb/v6-m\libgcc.a(adddf3.o)
 .debug_frame   0x000029ec       0x3c c:/program files (x86)/gnu tools arm embedded/7 2018-q2-update/bin/../lib/gcc/arm-none-eabi/7.3.1/thumb/v6-m\libgcc.a(divdf3.o)
 .debug_frame   0x00002a28       0x38 c:/program files (x86)/gnu tools arm embedded/7 2018-q2-update/bin/../lib/gcc/arm-none-eabi/7.3.1/thumb/v6-m\libgcc.a(eqdf2.o)
 .debug_frame   0x00002a60       0x38 c:/program files (x86)/gnu tools arm embedded/7 2018-q2-update/bin/../lib/gcc/arm-none-eabi/7.3.1/thumb/v6-m\libgcc.a(gedf2.o)
 .debug_frame   0x00002a98       0x38 c:/program files (x86)/gnu tools arm embedded/7 2018-q2-update/bin/../lib/gcc/arm-none-eabi/7.3.1/thumb/v6-m\libgcc.a(ledf2.o)
 .debug_frame   0x00002ad0       0x3c c:/program files (x86)/gnu tools arm embedded/7 2018-q2-update/bin/../lib/gcc/arm-none-eabi/7.3.1/thumb/v6-m\libgcc.a(muldf3.o)
 .debug_frame   0x00002b0c       0x3c c:/program files (x86)/gnu tools arm embedded/7 2018-q2-update/bin/../lib/gcc/arm-none-eabi/7.3.1/thumb/v6-m\libgcc.a(subdf3.o)
 .debug_frame   0x00002b48       0x2c c:/program files (x86)/gnu tools arm embedded/7 2018-q2-update/bin/../lib/gcc/arm-none-eabi/7.3.1/thumb/v6-m\libgcc.a(unorddf2.o)
 .debug_frame   0x00002b74       0x2c c:/program files (x86)/gnu tools arm embedded/7 2018-q2-update/bin/../lib/gcc/arm-none-eabi/7.3.1/thumb/v6-m\libgcc.a(fixdfsi.o)
 .debug_frame   0x00002ba0       0x2c c:/program files (x86)/gnu tools arm embedded/7 2018-q2-update/bin/../lib/gcc/arm-none-eabi/7.3.1/thumb/v6-m\libgcc.a(floatsidf.o)
 .debug_frame   0x00002bcc       0x28 c:/program files (x86)/gnu tools arm embedded/7 2018-q2-update/bin/../lib/gcc/arm-none-eabi/7.3.1/thumb/v6-m\libgcc.a(floatunsidf.o)

.debug_str      0x00000000    0x7e1f1
 *(.debug_str)
 .debug_str     0x00000000     0x7b7b ./system/src/newlib/_exit.o
                               0x7d47 (size before relaxing)
 .debug_str     0x00007b7b      0x4f5 ./system/src/newlib/_sbrk.o
                               0x70f9 (size before relaxing)
 .debug_str     0x00008070      0xbbd ./system/src/newlib/_startup.o
                               0x6834 (size before relaxing)
 .debug_str     0x00008c2d      0xe8b ./system/src/newlib/_syscalls.o
                               0x7fd4 (size before relaxing)
 .debug_str     0x00009ab8      0x826 ./system/src/diag/Trace.o
                               0x84bf (size before relaxing)
 .debug_str     0x0000a2de    0x556e1 ./system/src/diag/trace_impl.o
                              0x5ccc5 (size before relaxing)
 .debug_str     0x0005f9bf       0x5e ./system/src/cortexm/_initialize_hardware.o
                              0x58b93 (size before relaxing)
 .debug_str     0x0005fa1d      0x109 ./system/src/cortexm/exception_handlers.o
                              0x5db7c (size before relaxing)
 .debug_str     0x0005fb26       0x38 ./system/src/cmsis/startup_stm32f072xb.o
                                 0x8e (size before relaxing)
 .debug_str     0x0005fb5e       0xd3 ./system/src/cmsis/system_stm32f0xx.o
                              0x58be3 (size before relaxing)
 .debug_str     0x0005fc31    0x1b289 ./system/src/STM32F0xx/stm32f0xx_hal.o
                              0x7843a (size before relaxing)
 .debug_str     0x0007aeba      0x6ff ./system/src/STM32F0xx/stm32f0xx_hal_adc.o
                              0x785eb (size before relaxing)
 .debug_str     0x0007b5b9      0x1ba ./system/src/STM32F0xx/stm32f0xx_hal_cortex.o
                              0x782ec (size before relaxing)
 .debug_str     0x0007b773      0x280 ./system/src/STM32F0xx/stm32f0xx_hal_gpio.o
                              0x7817b (size before relaxing)
 .debug_str     0x0007b9f3      0xfe7 ./system/src/STM32F0xx/stm32f0xx_hal_i2c.o
                              0x790c9 (size before relaxing)
 .debug_str     0x0007c9da       0xe7 ./system/src/STM32F0xx/stm32f0xx_hal_i2c_ex.o
                              0x78477 (size before relaxing)
 .debug_str     0x0007cac1      0x325 ./system/src/STM32F0xx/stm32f0xx_hal_rcc.o
                              0x782ea (size before relaxing)
 .debug_str     0x0007cde6      0x36c ./system/src/STM32F0xx/stm32f0xx_hal_rcc_ex.o
                              0x7830f (size before relaxing)
 .debug_str     0x0007d152      0x718 ./system/src/STM32F0xx/stm32f0xx_hal_spi.o
                              0x78814 (size before relaxing)
 .debug_str     0x0007d86a      0x88f ./system/src/STM32F0xx/stm32f0xx_hal_uart.o
                              0x78a8f (size before relaxing)
 .debug_str     0x0007e0f9       0xb5 ./src/main.o
                              0x78f46 (size before relaxing)
 .debug_str     0x0007e1ae       0x1b ./src/stm32f0xx_hal_msp.o
                              0x78bdc (size before relaxing)
 .debug_str     0x0007e1c9       0x28 ./src/stm32f0xx_it.o
                              0x77ec4 (size before relaxing)

.debug_loc      0x00000000     0x953c
 *(.debug_loc)
 .debug_loc     0x00000000       0x99 ./system/src/newlib/_sbrk.o
 .debug_loc     0x00000099      0x1a9 ./system/src/newlib/_startup.o
 .debug_loc     0x00000242       0x63 ./system/src/newlib/_syscalls.o
 .debug_loc     0x000002a5       0xf6 ./system/src/diag/Trace.o
 .debug_loc     0x0000039b      0x10a ./system/src/diag/trace_impl.o
 .debug_loc     0x000004a5       0x94 ./system/src/cortexm/exception_handlers.o
 .debug_loc     0x00000539      0x12b ./system/src/cmsis/system_stm32f0xx.o
 .debug_loc     0x00000664       0x7c ./system/src/STM32F0xx/stm32f0xx_hal.o
 .debug_loc     0x000006e0      0xb0c ./system/src/STM32F0xx/stm32f0xx_hal_adc.o
 .debug_loc     0x000011ec      0x406 ./system/src/STM32F0xx/stm32f0xx_hal_cortex.o
 .debug_loc     0x000015f2      0x4e1 ./system/src/STM32F0xx/stm32f0xx_hal_gpio.o
 .debug_loc     0x00001ad3     0x38da ./system/src/STM32F0xx/stm32f0xx_hal_i2c.o
 .debug_loc     0x000053ad      0x222 ./system/src/STM32F0xx/stm32f0xx_hal_i2c_ex.o
 .debug_loc     0x000055cf      0x595 ./system/src/STM32F0xx/stm32f0xx_hal_rcc.o
 .debug_loc     0x00005b64      0x624 ./system/src/STM32F0xx/stm32f0xx_hal_rcc_ex.o
 .debug_loc     0x00006188     0x1a0c ./system/src/STM32F0xx/stm32f0xx_hal_spi.o
 .debug_loc     0x00007b94     0x17a6 ./system/src/STM32F0xx/stm32f0xx_hal_uart.o
 .debug_loc     0x0000933a      0x202 ./src/stm32f0xx_hal_msp.o

.debug_macinfo
 *(.debug_macinfo)

.debug_weaknames
 *(.debug_weaknames)

.debug_funcnames
 *(.debug_funcnames)

.debug_typenames
 *(.debug_typenames)

.debug_varnames
 *(.debug_varnames)
OUTPUT(ReflowOvenFirmware_V1.0.elf elf32-littlearm)

.debug_ranges   0x00000000      0xc50
 .debug_ranges  0x00000000       0x18 ./system/src/newlib/_exit.o
 .debug_ranges  0x00000018       0x10 ./system/src/newlib/_sbrk.o
 .debug_ranges  0x00000028       0x78 ./system/src/newlib/_startup.o
 .debug_ranges  0x000000a0       0x20 ./system/src/newlib/_syscalls.o
 .debug_ranges  0x000000c0       0x28 ./system/src/diag/Trace.o
 .debug_ranges  0x000000e8       0x50 ./system/src/diag/trace_impl.o
 .debug_ranges  0x00000138       0x18 ./system/src/cortexm/_initialize_hardware.o
 .debug_ranges  0x00000150       0x48 ./system/src/cortexm/exception_handlers.o
 .debug_ranges  0x00000198       0x20 ./system/src/cmsis/startup_stm32f072xb.o
 .debug_ranges  0x000001b8       0x18 ./system/src/cmsis/system_stm32f0xx.o
 .debug_ranges  0x000001d0       0xa8 ./system/src/STM32F0xx/stm32f0xx_hal.o
 .debug_ranges  0x00000278       0xe8 ./system/src/STM32F0xx/stm32f0xx_hal_adc.o
 .debug_ranges  0x00000360       0xb0 ./system/src/STM32F0xx/stm32f0xx_hal_cortex.o
 .debug_ranges  0x00000410       0x48 ./system/src/STM32F0xx/stm32f0xx_hal_gpio.o
 .debug_ranges  0x00000458      0x250 ./system/src/STM32F0xx/stm32f0xx_hal_i2c.o
 .debug_ranges  0x000006a8       0x38 ./system/src/STM32F0xx/stm32f0xx_hal_i2c_ex.o
 .debug_ranges  0x000006e0       0x88 ./system/src/STM32F0xx/stm32f0xx_hal_rcc.o
 .debug_ranges  0x00000768       0x80 ./system/src/STM32F0xx/stm32f0xx_hal_rcc_ex.o
 .debug_ranges  0x000007e8      0x1c8 ./system/src/STM32F0xx/stm32f0xx_hal_spi.o
 .debug_ranges  0x000009b0      0x1c8 ./system/src/STM32F0xx/stm32f0xx_hal_uart.o
 .debug_ranges  0x00000b78       0x58 ./src/main.o
 .debug_ranges  0x00000bd0       0x50 ./src/stm32f0xx_hal_msp.o
 .debug_ranges  0x00000c20       0x30 ./src/stm32f0xx_it.o

.debug_macro    0x00000000    0x1866f
 .debug_macro   0x00000000      0x1b4 ./system/src/newlib/_exit.o
 .debug_macro   0x000001b4      0xa60 ./system/src/newlib/_exit.o
 .debug_macro   0x00000c14       0x34 ./system/src/newlib/_exit.o
 .debug_macro   0x00000c48      0x10e ./system/src/newlib/_exit.o
 .debug_macro   0x00000d56       0x8d ./system/src/newlib/_exit.o
 .debug_macro   0x00000de3       0x43 ./system/src/newlib/_exit.o
 .debug_macro   0x00000e26      0x330 ./system/src/newlib/_exit.o
 .debug_macro   0x00001156       0x35 ./system/src/newlib/_exit.o
 .debug_macro   0x0000118b      0x169 ./system/src/newlib/_sbrk.o
 .debug_macro   0x000012f4      0x174 ./system/src/newlib/_sbrk.o
 .debug_macro   0x00001468       0x10 ./system/src/newlib/_sbrk.o
 .debug_macro   0x00001478      0x23b ./system/src/newlib/_sbrk.o
 .debug_macro   0x000016b3      0x173 ./system/src/newlib/_startup.o
 .debug_macro   0x00001826      0x34e ./system/src/newlib/_startup.o
 .debug_macro   0x00001b74      0x217 ./system/src/newlib/_syscalls.o
 .debug_macro   0x00001d8b       0x1c ./system/src/newlib/_syscalls.o
 .debug_macro   0x00001da7       0x10 ./system/src/newlib/_syscalls.o
 .debug_macro   0x00001db7       0x10 ./system/src/newlib/_syscalls.o
 .debug_macro   0x00001dc7       0x10 ./system/src/newlib/_syscalls.o
 .debug_macro   0x00001dd7       0x35 ./system/src/newlib/_syscalls.o
 .debug_macro   0x00001e0c      0x122 ./system/src/newlib/_syscalls.o
 .debug_macro   0x00001f2e       0x88 ./system/src/newlib/_syscalls.o
 .debug_macro   0x00001fb6       0x2b ./system/src/newlib/_syscalls.o
 .debug_macro   0x00001fe1      0x118 ./system/src/newlib/_syscalls.o
 .debug_macro   0x000020f9      0x189 ./system/src/newlib/_syscalls.o
 .debug_macro   0x00002282       0x16 ./system/src/newlib/_syscalls.o
 .debug_macro   0x00002298      0x1fb ./system/src/diag/Trace.o
 .debug_macro   0x00002493       0x16 ./system/src/diag/Trace.o
 .debug_macro   0x000024a9       0x97 ./system/src/diag/Trace.o
 .debug_macro   0x00002540       0xfd ./system/src/diag/Trace.o
 .debug_macro   0x0000263d       0x10 ./system/src/diag/Trace.o
 .debug_macro   0x0000264d       0x16 ./system/src/diag/Trace.o
 .debug_macro   0x00002663      0x16f ./system/src/diag/Trace.o
 .debug_macro   0x000027d2       0x4c ./system/src/diag/Trace.o
 .debug_macro   0x0000281e       0x16 ./system/src/diag/Trace.o
 .debug_macro   0x00002834      0x1f9 ./system/src/diag/trace_impl.o
 .debug_macro   0x00002a2d       0x2e ./system/src/diag/trace_impl.o
 .debug_macro   0x00002a5b       0x22 ./system/src/diag/trace_impl.o
 .debug_macro   0x00002a7d       0x34 ./system/src/diag/trace_impl.o
 .debug_macro   0x00002ab1       0x26 ./system/src/diag/trace_impl.o
 .debug_macro   0x00002ad7      0x30d ./system/src/diag/trace_impl.o
 .debug_macro   0x00002de4     0xfe50 ./system/src/diag/trace_impl.o
 .debug_macro   0x00012c34       0x3c ./system/src/diag/trace_impl.o
 .debug_macro   0x00012c70       0x10 ./system/src/diag/trace_impl.o
 .debug_macro   0x00012c80       0xcf ./system/src/diag/trace_impl.o
 .debug_macro   0x00012d4f       0xbe ./system/src/diag/trace_impl.o
 .debug_macro   0x00012e0d       0x22 ./system/src/diag/trace_impl.o
 .debug_macro   0x00012e2f       0x8a ./system/src/cortexm/_initialize_hardware.o
 .debug_macro   0x00012eb9      0x243 ./system/src/cortexm/exception_handlers.o
 .debug_macro   0x000130fc       0x3a ./system/src/cortexm/exception_handlers.o
 .debug_macro   0x00013136       0x10 ./system/src/cortexm/exception_handlers.o
 .debug_macro   0x00013146       0x8c ./system/src/cmsis/system_stm32f0xx.o
 .debug_macro   0x000131d2      0x335 ./system/src/STM32F0xx/stm32f0xx_hal.o
 .debug_macro   0x00013507       0x10 ./system/src/STM32F0xx/stm32f0xx_hal.o
 .debug_macro   0x00013517       0xab ./system/src/STM32F0xx/stm32f0xx_hal.o
 .debug_macro   0x000135c2       0x50 ./system/src/STM32F0xx/stm32f0xx_hal.o
 .debug_macro   0x00013612      0x951 ./system/src/STM32F0xx/stm32f0xx_hal.o
 .debug_macro   0x00013f63      0x5f3 ./system/src/STM32F0xx/stm32f0xx_hal.o
 .debug_macro   0x00014556      0x13a ./system/src/STM32F0xx/stm32f0xx_hal.o
 .debug_macro   0x00014690      0x1a7 ./system/src/STM32F0xx/stm32f0xx_hal.o
 .debug_macro   0x00014837      0x22c ./system/src/STM32F0xx/stm32f0xx_hal.o
 .debug_macro   0x00014a63       0x34 ./system/src/STM32F0xx/stm32f0xx_hal.o
 .debug_macro   0x00014a97       0x43 ./system/src/STM32F0xx/stm32f0xx_hal.o
 .debug_macro   0x00014ada       0x28 ./system/src/STM32F0xx/stm32f0xx_hal.o
 .debug_macro   0x00014b02      0x33d ./system/src/STM32F0xx/stm32f0xx_hal.o
 .debug_macro   0x00014e3f       0xd4 ./system/src/STM32F0xx/stm32f0xx_hal.o
 .debug_macro   0x00014f13       0xb6 ./system/src/STM32F0xx/stm32f0xx_hal.o
 .debug_macro   0x00014fc9      0x217 ./system/src/STM32F0xx/stm32f0xx_hal.o
 .debug_macro   0x000151e0      0x202 ./system/src/STM32F0xx/stm32f0xx_hal.o
 .debug_macro   0x000153e2       0x61 ./system/src/STM32F0xx/stm32f0xx_hal.o
 .debug_macro   0x00015443       0x90 ./system/src/STM32F0xx/stm32f0xx_hal.o
 .debug_macro   0x000154d3       0x4d ./system/src/STM32F0xx/stm32f0xx_hal.o
 .debug_macro   0x00015520      0x16d ./system/src/STM32F0xx/stm32f0xx_hal.o
 .debug_macro   0x0001568d      0x2f0 ./system/src/STM32F0xx/stm32f0xx_hal.o
 .debug_macro   0x0001597d      0x38a ./system/src/STM32F0xx/stm32f0xx_hal.o
 .debug_macro   0x00015d07      0x209 ./system/src/STM32F0xx/stm32f0xx_hal.o
 .debug_macro   0x00015f10      0x129 ./system/src/STM32F0xx/stm32f0xx_hal.o
 .debug_macro   0x00016039      0x335 ./system/src/STM32F0xx/stm32f0xx_hal_adc.o
 .debug_macro   0x0001636e      0x311 ./system/src/STM32F0xx/stm32f0xx_hal_cortex.o
 .debug_macro   0x0001667f      0x349 ./system/src/STM32F0xx/stm32f0xx_hal_gpio.o
 .debug_macro   0x000169c8      0x3dd ./system/src/STM32F0xx/stm32f0xx_hal_i2c.o
 .debug_macro   0x00016da5      0x311 ./system/src/STM32F0xx/stm32f0xx_hal_i2c_ex.o
 .debug_macro   0x000170b6      0x323 ./system/src/STM32F0xx/stm32f0xx_hal_rcc.o
 .debug_macro   0x000173d9      0x323 ./system/src/STM32F0xx/stm32f0xx_hal_rcc_ex.o
 .debug_macro   0x000176fc      0x319 ./system/src/STM32F0xx/stm32f0xx_hal_spi.o
 .debug_macro   0x00017a15      0x319 ./system/src/STM32F0xx/stm32f0xx_hal_uart.o
 .debug_macro   0x00017d2e      0x315 ./src/main.o
 .debug_macro   0x00018043      0x311 ./src/stm32f0xx_hal_msp.o
 .debug_macro   0x00018354      0x31b ./src/stm32f0xx_it.o
