u8g_font.c:96:17:u8g_font_get_word	0	static
u8g_font.c:1035:12:u8g_font_calc_vref_font	0	static
u8g_font.c:1046:12:u8g_font_calc_vref_bottom	0	static
u8g_font.c:1057:12:u8g_font_calc_vref_top	0	static
u8g_font.c:1076:12:u8g_font_calc_vref_center	0	static
u8g_font.c:1100:6:u8g_font_get_charP	0	static
u8g_font.c:111:16:u8g_font_GetFormat.isra.0	0	static
u8g_font.c:117:16:u8g_font_GetFontGlyphStructureSize.isra.1	8	static
u8g_font.c:1095:6:u8g_font_get_char	0	static
u8g_font.c:148:9:u8g_font_GetCapitalAHeight	0	static
u8g_font.c:154:10:u8g_font_GetEncoding65Pos	8	static
u8g_font.c:160:10:u8g_font_GetEncoding97Pos	8	static
u8g_font.c:165:9:u8g_font_GetFontStartEncoding	0	static
u8g_font.c:170:9:u8g_font_GetFontEndEncoding	0	static
u8g_font.c:175:8:u8g_font_GetLowerGDescent	0	static
u8g_font.c:180:8:u8g_font_GetFontAscent	0	static
u8g_font.c:185:8:u8g_font_GetFontDescent	0	static
u8g_font.c:190:8:u8g_font_GetFontXAscent	0	static
u8g_font.c:195:8:u8g_font_GetFontXDescent	0	static
u8g_font.c:208:8:u8g_font_GetSize	24	static
u8g_font.c:248:9:u8g_GetFontBBXWidth	0	static
u8g_font.c:253:9:u8g_GetFontBBXHeight	0	static
u8g_font.c:259:8:u8g_GetFontBBXOffX	0	static
u8g_font.c:265:8:u8g_GetFontBBXOffY	0	static
u8g_font.c:271:9:u8g_GetFontCapitalAHeight	0	static
u8g_font.c:351:13:u8g_GetGlyph	40	static
u8g_font.c:1268:13:u8g_font_calc_str_min_box.part.2	16	static
u8g_font.c:421:9:u8g_IsGlyph	8	static
u8g_font.c:428:8:u8g_GetGlyphDeltaX	8	static
u8g_font.c:565:8:u8g_draw_glyph	48	static
u8g_font.c:611:8:u8g_DrawGlyph	24	static
u8g_font.c:617:8:u8g_draw_glyph90	48	static
u8g_font.c:662:8:u8g_DrawGlyph90	24	static
u8g_font.c:669:8:u8g_draw_glyph180	48	static
u8g_font.c:714:8:u8g_DrawGlyph180	24	static
u8g_font.c:721:8:u8g_draw_glyph270	56	static
u8g_font.c:768:8:u8g_DrawGlyph270	24	static
u8g_font.c:794:12:u8g_DrawStr	32	static
u8g_font.c:814:12:u8g_DrawStr90	32	static
u8g_font.c:831:12:u8g_DrawStr180	32	static
u8g_font.c:848:12:u8g_DrawStr270	32	static
u8g_font.c:865:12:u8g_DrawStrDir	8	static
u8g_font.c:881:12:u8g_DrawStrP	32	static
u8g_font.c:902:12:u8g_DrawStr90P	32	static
u8g_font.c:919:12:u8g_DrawStr180P	32	static
u8g_font.c:936:12:u8g_DrawStr270P	32	static
u8g_font.c:953:12:u8g_DrawStrFontBBX	32	static
u8g_font.c:961:8:u8g_DrawGlyphFontBBX	24	static
u8g_font.c:973:6:u8g_UpdateRefHeight	8	static
u8g_font.c:1004:6:u8g_SetFontRefHeightText	8	static
u8g_font.c:1010:6:u8g_SetFontRefHeightExtendedText	8	static
u8g_font.c:1017:6:u8g_SetFontRefHeightAll	8	static
u8g_font.c:1024:6:u8g_SetFontLineSpacingFactor	8	static
u8g_font.c:1040:6:u8g_SetFontPosBaseline	0	static
u8g_font.c:1052:6:u8g_SetFontPosBottom	0	static
u8g_font.c:1071:6:u8g_SetFontPosTop	0	static
u8g_font.c:1087:6:u8g_SetFontPosCenter	0	static
u8g_font.c:1108:12:u8g_font_calc_str_pixel_width	32	static
u8g_font.c:1170:12:u8g_GetStrPixelWidth	8	static
u8g_font.c:1175:12:u8g_GetStrPixelWidthP	8	static
u8g_font.c:1180:8:u8g_GetStrX	8	static
u8g_font.c:1186:8:u8g_GetStrXP	8	static
u8g_font.c:1195:12:u8g_GetStrWidth	16	static
u8g_font.c:1221:12:u8g_GetStrWidthP	16	static
u8g_font.c:1344:6:u8g_font_box_min	8	static
u8g_font.c:1350:6:u8g_font_box_left_gA	0	static
u8g_font.c:1356:6:u8g_font_box_all_gA	0	static
u8g_font.c:1381:6:u8g_GetStrMinBox	32	static
u8g_font.c:1397:6:u8g_GetStrAMinBox	40	static
u8g_font.c:1416:6:u8g_SetFont	8	static
u8g_font.c:1429:8:u8g_draw_aa_glyph	48	static
u8g_font.c:1475:8:u8g_DrawAAGlyph	24	static
u8g_font.c:1481:12:u8g_DrawAAStr	32	static
