19:08:41 **** Incremental Build of configuration Debug for project ReflowOvenController ****
Info: Internal Builder is used for build
arm-atollic-eabi-gcc -c -mthumb -mcpu=cortex-m0 -std=gnu11 -D__weak=__attribute__((weak)) -D__packed=__attribute__((__packed__)) -DUSE_HAL_DRIVER -DSTM32F072xB -I../../../Inc -I../../../Drivers/STM32F0xx_HAL_Driver/Inc -I../../../Drivers/STM32F0xx_HAL_Driver/Inc/Legacy -I../../../Middlewares/Third_Party/FreeRTOS/Source/portable/GCC/ARM_CM0 -I../../../Drivers/CMSIS/Device/ST/STM32F0xx/Include -I../../../Middlewares/Third_Party/FreeRTOS/Source/include -I../../../Middlewares/Third_Party/FreeRTOS/Source/CMSIS_RTOS -I../../../Drivers/CMSIS/Include -Os -ffunction-sections -fdata-sections -g -fstack-usage -Wall -specs=nano.specs -o src-roc\menus\menu_reflow.o ..\..\..\Src\roc\menus\menu_reflow.c 
arm-atollic-eabi-gcc -c -mthumb -mcpu=cortex-m0 -std=gnu11 -D__weak=__attribute__((weak)) -D__packed=__attribute__((__packed__)) -DUSE_HAL_DRIVER -DSTM32F072xB -I../../../Inc -I../../../Drivers/STM32F0xx_HAL_Driver/Inc -I../../../Drivers/STM32F0xx_HAL_Driver/Inc/Legacy -I../../../Middlewares/Third_Party/FreeRTOS/Source/portable/GCC/ARM_CM0 -I../../../Drivers/CMSIS/Device/ST/STM32F0xx/Include -I../../../Middlewares/Third_Party/FreeRTOS/Source/include -I../../../Middlewares/Third_Party/FreeRTOS/Source/CMSIS_RTOS -I../../../Drivers/CMSIS/Include -Os -ffunction-sections -fdata-sections -g -fstack-usage -Wall -specs=nano.specs -o src-roc\tempctrl.o ..\..\..\Src\roc\tempctrl.c 
arm-atollic-eabi-gcc -o ReflowOvenController.elf Application\TrueSTUDIO\startup_stm32f072xb.o Application\User\freertos.o Application\User\main.o Application\User\stm32f0xx_hal_msp.o Application\User\stm32f0xx_hal_timebase_TIM.o Application\User\stm32f0xx_it.o Drivers\CMSIS\system_stm32f0xx.o Drivers\STM32F0xx_HAL_Driver\stm32f0xx_hal.o Drivers\STM32F0xx_HAL_Driver\stm32f0xx_hal_adc.o Drivers\STM32F0xx_HAL_Driver\stm32f0xx_hal_adc_ex.o Drivers\STM32F0xx_HAL_Driver\stm32f0xx_hal_cortex.o Drivers\STM32F0xx_HAL_Driver\stm32f0xx_hal_dma.o Drivers\STM32F0xx_HAL_Driver\stm32f0xx_hal_flash.o Drivers\STM32F0xx_HAL_Driver\stm32f0xx_hal_flash_ex.o Drivers\STM32F0xx_HAL_Driver\stm32f0xx_hal_gpio.o Drivers\STM32F0xx_HAL_Driver\stm32f0xx_hal_i2c.o Drivers\STM32F0xx_HAL_Driver\stm32f0xx_hal_i2c_ex.o Drivers\STM32F0xx_HAL_Driver\stm32f0xx_hal_pwr.o Drivers\STM32F0xx_HAL_Driver\stm32f0xx_hal_pwr_ex.o Drivers\STM32F0xx_HAL_Driver\stm32f0xx_hal_rcc.o Drivers\STM32F0xx_HAL_Driver\stm32f0xx_hal_rcc_ex.o Drivers\STM32F0xx_HAL_Driver\stm32f0xx_hal_rtc.o Drivers\STM32F0xx_HAL_Driver\stm32f0xx_hal_rtc_ex.o Drivers\STM32F0xx_HAL_Driver\stm32f0xx_hal_spi.o Drivers\STM32F0xx_HAL_Driver\stm32f0xx_hal_spi_ex.o Drivers\STM32F0xx_HAL_Driver\stm32f0xx_hal_tim.o Drivers\STM32F0xx_HAL_Driver\stm32f0xx_hal_tim_ex.o Drivers\STM32F0xx_HAL_Driver\stm32f0xx_hal_uart.o Drivers\STM32F0xx_HAL_Driver\stm32f0xx_hal_uart_ex.o Middlewares\FreeRTOS\cmsis_os.o Middlewares\FreeRTOS\croutine.o Middlewares\FreeRTOS\event_groups.o Middlewares\FreeRTOS\heap_4.o Middlewares\FreeRTOS\list.o Middlewares\FreeRTOS\port.o Middlewares\FreeRTOS\queue.o Middlewares\FreeRTOS\tasks.o Middlewares\FreeRTOS\timers.o lib\u8g\chessengine.o lib\u8g\u8g_bitmap.o lib\u8g\u8g_circle.o lib\u8g\u8g_clip.o lib\u8g\u8g_com_api.o lib\u8g\u8g_com_api_16gr.o lib\u8g\u8g_com_arduino_attiny85_hw_spi.o lib\u8g\u8g_com_arduino_common.o lib\u8g\u8g_com_arduino_fast_parallel.o lib\u8g\u8g_com_arduino_hw_spi.o lib\u8g\u8g_com_arduino_hw_usart_spi.o lib\u8g\u8g_com_arduino_no_en_parallel.o lib\u8g\u8g_com_arduino_parallel.o lib\u8g\u8g_com_arduino_port_d_wr.o lib\u8g\u8g_com_arduino_ssd_i2c.o lib\u8g\u8g_com_arduino_st7920_custom.o lib\u8g\u8g_com_arduino_st7920_hw_spi.o lib\u8g\u8g_com_arduino_st7920_spi.o lib\u8g\u8g_com_arduino_std_sw_spi.o lib\u8g\u8g_com_arduino_sw_spi.o lib\u8g\u8g_com_arduino_t6963.o lib\u8g\u8g_com_atmega_hw_spi.o lib\u8g\u8g_com_atmega_parallel.o lib\u8g\u8g_com_atmega_st7920_hw_spi.o lib\u8g\u8g_com_atmega_st7920_spi.o lib\u8g\u8g_com_atmega_sw_spi.o lib\u8g\u8g_com_i2c.o lib\u8g\u8g_com_io.o lib\u8g\u8g_com_null.o lib\u8g\u8g_cursor.o lib\u8g\u8g_delay.o lib\u8g\u8g_dev_a2_micro_printer.o lib\u8g\u8g_dev_flipdisc_2x7.o lib\u8g\u8g_dev_gprof.o lib\u8g\u8g_dev_ht1632.o lib\u8g\u8g_dev_ili9325d_320x240.o lib\u8g\u8g_dev_ks0108_128x64.o lib\u8g\u8g_dev_lc7981_160x80.o lib\u8g\u8g_dev_lc7981_240x128.o lib\u8g\u8g_dev_lc7981_240x64.o lib\u8g\u8g_dev_lc7981_320x64.o lib\u8g\u8g_dev_null.o lib\u8g\u8g_dev_pcd8544_84x48.o lib\u8g\u8g_dev_pcf8812_96x65.o lib\u8g\u8g_dev_sbn1661_122x32.o lib\u8g\u8g_dev_ssd1306_128x32.o lib\u8g\u8g_dev_ssd1306_128x64.o lib\u8g\u8g_dev_ssd1309_128x64.o lib\u8g\u8g_dev_ssd1322_nhd31oled_bw.o lib\u8g\u8g_dev_ssd1322_nhd31oled_gr.o lib\u8g\u8g_dev_ssd1325_nhd27oled_bw.o lib\u8g\u8g_dev_ssd1325_nhd27oled_bw_new.o lib\u8g\u8g_dev_ssd1325_nhd27oled_gr.o lib\u8g\u8g_dev_ssd1325_nhd27oled_gr_new.o lib\u8g\u8g_dev_ssd1327_96x96_gr.o lib\u8g\u8g_dev_ssd1351_128x128.o lib\u8g\u8g_dev_st7565_64128n.o lib\u8g\u8g_dev_st7565_dogm128.o lib\u8g\u8g_dev_st7565_dogm132.o lib\u8g\u8g_dev_st7565_lm6059.o lib\u8g\u8g_dev_st7565_lm6063.o lib\u8g\u8g_dev_st7565_nhd_c12832.o lib\u8g\u8g_dev_st7565_nhd_c12864.o lib\u8g\u8g_dev_st7687_c144mvgd.o lib\u8g\u8g_dev_st7920_128x64.o lib\u8g\u8g_dev_st7920_192x32.o lib\u8g\u8g_dev_st7920_202x32.o lib\u8g\u8g_dev_t6963_128x64.o lib\u8g\u8g_dev_t6963_240x128.o lib\u8g\u8g_dev_t6963_240x64.o lib\u8g\u8g_dev_tls8204_84x48.o lib\u8g\u8g_dev_uc1601_c128032.o lib\u8g\u8g_dev_uc1610_dogxl160.o lib\u8g\u8g_dev_uc1701_dogs102.o lib\u8g\u8g_dev_uc1701_mini12864.o lib\u8g\u8g_ellipse.o lib\u8g\u8g_font.o lib\u8g\u8g_font_data.o lib\u8g\u8g_line.o lib\u8g\u8g_ll_api.o lib\u8g\u8g_page.o lib\u8g\u8g_pb.o lib\u8g\u8g_pb14v1.o lib\u8g\u8g_pb16h1.o lib\u8g\u8g_pb16h2.o lib\u8g\u8g_pb16v1.o lib\u8g\u8g_pb16v2.o lib\u8g\u8g_pb32h1.o lib\u8g\u8g_pb8h1.o lib\u8g\u8g_pb8h1f.o lib\u8g\u8g_pb8h2.o lib\u8g\u8g_pb8h8.o lib\u8g\u8g_pb8v1.o lib\u8g\u8g_pb8v2.o lib\u8g\u8g_pbxh16.o lib\u8g\u8g_pbxh24.o lib\u8g\u8g_rect.o lib\u8g\u8g_rot.o lib\u8g\u8g_scale.o lib\u8g\u8g_state.o lib\u8g\u8g_u16toa.o lib\u8g\u8g_u8toa.o lib\u8g\u8g_virtual_screen.o lib\u8g_v2\u8g2_bitmap.o lib\u8g_v2\u8g2_box.o lib\u8g_v2\u8g2_buffer.o lib\u8g_v2\u8g2_circle.o lib\u8g_v2\u8g2_cleardisplay.o lib\u8g_v2\u8g2_d_memory.o lib\u8g_v2\u8g2_d_setup.o lib\u8g_v2\u8g2_font.o lib\u8g_v2\u8g2_fonts.o lib\u8g_v2\u8g2_hvline.o lib\u8g_v2\u8g2_input_value.o lib\u8g_v2\u8g2_intersection.o lib\u8g_v2\u8g2_kerning.o lib\u8g_v2\u8g2_line.o lib\u8g_v2\u8g2_ll_hvline.o lib\u8g_v2\u8g2_message.o lib\u8g_v2\u8g2_polygon.o lib\u8g_v2\u8g2_selection_list.o lib\u8g_v2\u8g2_setup.o lib\u8g_v2\u8log.o lib\u8g_v2\u8log_u8g2.o lib\u8g_v2\u8log_u8x8.o lib\u8g_v2\u8x8_8x8.o lib\u8g_v2\u8x8_byte.o lib\u8g_v2\u8x8_cad.o lib\u8g_v2\u8x8_d_a2printer.o lib\u8g_v2\u8x8_d_il3820_296x128.o lib\u8g_v2\u8x8_d_ist3020.o lib\u8g_v2\u8x8_d_ks0108.o lib\u8g_v2\u8x8_d_lc7981.o lib\u8g_v2\u8x8_d_ld7032_60x32.o lib\u8g_v2\u8x8_d_ls013b7dh03.o lib\u8g_v2\u8x8_d_max7219.o lib\u8g_v2\u8x8_d_pcd8544_84x48.o lib\u8g_v2\u8x8_d_pcf8812.o lib\u8g_v2\u8x8_d_pcf8814_hx1230.o lib\u8g_v2\u8x8_d_sbn1661.o lib\u8g_v2\u8x8_d_sed1330.o lib\u8g_v2\u8x8_d_sh1106_64x32.o lib\u8g_v2\u8x8_d_sh1106_72x40.o lib\u8g_v2\u8x8_d_sh1107.o lib\u8g_v2\u8x8_d_sh1108.o lib\u8g_v2\u8x8_d_sh1122.o lib\u8g_v2\u8x8_d_ssd1305.o lib\u8g_v2\u8x8_d_ssd1306_128x32.o lib\u8g_v2\u8x8_d_ssd1306_128x64_noname.o lib\u8g_v2\u8x8_d_ssd1306_48x64.o lib\u8g_v2\u8x8_d_ssd1306_64x32.o lib\u8g_v2\u8x8_d_ssd1306_64x48.o lib\u8g_v2\u8x8_d_ssd1306_96x16.o lib\u8g_v2\u8x8_d_ssd1309.o lib\u8g_v2\u8x8_d_ssd1317.o lib\u8g_v2\u8x8_d_ssd1318.o lib\u8g_v2\u8x8_d_ssd1322.o lib\u8g_v2\u8x8_d_ssd1325.o lib\u8g_v2\u8x8_d_ssd1326.o lib\u8g_v2\u8x8_d_ssd1327.o lib\u8g_v2\u8x8_d_ssd1329.o lib\u8g_v2\u8x8_d_ssd1606_172x72.o lib\u8g_v2\u8x8_d_ssd1607_200x200.o lib\u8g_v2\u8x8_d_st75256.o lib\u8g_v2\u8x8_d_st7565.o lib\u8g_v2\u8x8_d_st7567.o lib\u8g_v2\u8x8_d_st7586s_erc240160.o lib\u8g_v2\u8x8_d_st7586s_s028hn118a.o lib\u8g_v2\u8x8_d_st7588.o lib\u8g_v2\u8x8_d_st7920.o lib\u8g_v2\u8x8_d_stdio.o lib\u8g_v2\u8x8_d_t6963.o lib\u8g_v2\u8x8_d_uc1601.o lib\u8g_v2\u8x8_d_uc1604.o lib\u8g_v2\u8x8_d_uc1608.o lib\u8g_v2\u8x8_d_uc1610.o lib\u8g_v2\u8x8_d_uc1611.o lib\u8g_v2\u8x8_d_uc1617.o lib\u8g_v2\u8x8_d_uc1638.o lib\u8g_v2\u8x8_d_uc1701_dogs102.o lib\u8g_v2\u8x8_d_uc1701_mini12864.o lib\u8g_v2\u8x8_debounce.o lib\u8g_v2\u8x8_display.o lib\u8g_v2\u8x8_fonts.o lib\u8g_v2\u8x8_gpio.o lib\u8g_v2\u8x8_input_value.o lib\u8g_v2\u8x8_message.o lib\u8g_v2\u8x8_selection_list.o lib\u8g_v2\u8x8_setup.o lib\u8g_v2\u8x8_string.o lib\u8g_v2\u8x8_u16toa.o lib\u8g_v2\u8x8_u8toa.o src-roc\debug.o src-roc\display.o src-roc\menu.o src-roc\menus\menu_credits.o src-roc\menus\menu_main.o src-roc\menus\menu_reflow.o src-roc\menus\menu_reflow_confirm.o src-roc\menus\menu_reflow_profiles.o src-roc\menus\menu_startup.o src-roc\reflow_profiles.o src-roc\rot_encoder.o src-roc\ssr.o src-roc\tc.o src-roc\tempctrl.o src-roc\u8g_arm.o -mthumb -mcpu=cortex-m0 -T../STM32F072RB_FLASH.ld -specs=nosys.specs -static -Wl,-Map=ReflowOvenController.map -Wl,--gc-sections -Wl,--defsym=malloc_getpagesize_P=0x80 -Wl,--start-group -lc -lm -Wl,--end-group -specs=nano.specs 
C:\Program Files (x86)\Atollic\TrueSTUDIO for STM32 9.3.0\ide\jre\bin\java -jar C:\Program Files (x86)\Atollic\TrueSTUDIO for STM32 9.3.0\Tools\arm-atollic-reports.jar sizeinfo list ReflowOvenController.elf 
Generate build reports...
Print size information
   text	   data	    bss	    dec	    hex	filename
  37668	    172	  11704	  49544	   c188	ReflowOvenController.elf
Print size information done
Generate listing file
Output sent to: ReflowOvenController.list
Generate listing file done
Generate build reports done
arm-atollic-eabi-objcopy.exe -O ihex ReflowOvenController.elf ReflowOvenController.hex 
Info: Nothing to build for ReflowOvenController
