Archive member included to satisfy reference by file (symbol)

c:/program files (x86)/atollic/truestudio for stm32 9.3.0/armtools/bin/../lib/gcc/arm-atollic-eabi/6.3.1/../../../../arm-atollic-eabi/lib/armv6-m\libc_nano.a(lib_a-init.o)
                              Application\TrueSTUDIO\startup_stm32f072xb.o (__libc_init_array)
c:/program files (x86)/atollic/truestudio for stm32 9.3.0/armtools/bin/../lib/gcc/arm-atollic-eabi/6.3.1/../../../../arm-atollic-eabi/lib/armv6-m\libc_nano.a(lib_a-memcpy-stub.o)
                              Drivers\STM32F0xx_HAL_Driver\stm32f0xx_hal_rcc.o (memcpy)
c:/program files (x86)/atollic/truestudio for stm32 9.3.0/armtools/bin/../lib/gcc/arm-atollic-eabi/6.3.1/../../../../arm-atollic-eabi/lib/armv6-m\libc_nano.a(lib_a-memset.o)
                              Middlewares\FreeRTOS\cmsis_os.o (memset)
c:/program files (x86)/atollic/truestudio for stm32 9.3.0/armtools/bin/../lib/gcc/arm-atollic-eabi/6.3.1/../../../../arm-atollic-eabi/lib/armv6-m\libc_nano.a(lib_a-putchar.o)
                              lib\u8g_v2\u8x8_d_stdio.o (putchar)
c:/program files (x86)/atollic/truestudio for stm32 9.3.0/armtools/bin/../lib/gcc/arm-atollic-eabi/6.3.1/../../../../arm-atollic-eabi/lib/armv6-m\libc_nano.a(lib_a-sprintf.o)
                              src-roc\menus\menu_reflow.o (sprintf)
c:/program files (x86)/atollic/truestudio for stm32 9.3.0/armtools/bin/../lib/gcc/arm-atollic-eabi/6.3.1/../../../../arm-atollic-eabi/lib/armv6-m\libc_nano.a(lib_a-strcpy.o)
                              src-roc\menus\menu_reflow.o (strcpy)
c:/program files (x86)/atollic/truestudio for stm32 9.3.0/armtools/bin/../lib/gcc/arm-atollic-eabi/6.3.1/../../../../arm-atollic-eabi/lib/armv6-m\libc_nano.a(lib_a-strlen.o)
                              src-roc\debug.o (strlen)
c:/program files (x86)/atollic/truestudio for stm32 9.3.0/armtools/bin/../lib/gcc/arm-atollic-eabi/6.3.1/../../../../arm-atollic-eabi/lib/armv6-m\libc_nano.a(lib_a-findfp.o)
                              c:/program files (x86)/atollic/truestudio for stm32 9.3.0/armtools/bin/../lib/gcc/arm-atollic-eabi/6.3.1/../../../../arm-atollic-eabi/lib/armv6-m\libc_nano.a(lib_a-putchar.o) (__sinit)
c:/program files (x86)/atollic/truestudio for stm32 9.3.0/armtools/bin/../lib/gcc/arm-atollic-eabi/6.3.1/../../../../arm-atollic-eabi/lib/armv6-m\libc_nano.a(lib_a-fwalk.o)
                              c:/program files (x86)/atollic/truestudio for stm32 9.3.0/armtools/bin/../lib/gcc/arm-atollic-eabi/6.3.1/../../../../arm-atollic-eabi/lib/armv6-m\libc_nano.a(lib_a-findfp.o) (_fwalk)
c:/program files (x86)/atollic/truestudio for stm32 9.3.0/armtools/bin/../lib/gcc/arm-atollic-eabi/6.3.1/../../../../arm-atollic-eabi/lib/armv6-m\libc_nano.a(lib_a-impure.o)
                              c:/program files (x86)/atollic/truestudio for stm32 9.3.0/armtools/bin/../lib/gcc/arm-atollic-eabi/6.3.1/../../../../arm-atollic-eabi/lib/armv6-m\libc_nano.a(lib_a-findfp.o) (_global_impure_ptr)
c:/program files (x86)/atollic/truestudio for stm32 9.3.0/armtools/bin/../lib/gcc/arm-atollic-eabi/6.3.1/../../../../arm-atollic-eabi/lib/armv6-m\libc_nano.a(lib_a-nano-mallocr.o)
                              c:/program files (x86)/atollic/truestudio for stm32 9.3.0/armtools/bin/../lib/gcc/arm-atollic-eabi/6.3.1/../../../../arm-atollic-eabi/lib/armv6-m\libc_nano.a(lib_a-findfp.o) (_malloc_r)
c:/program files (x86)/atollic/truestudio for stm32 9.3.0/armtools/bin/../lib/gcc/arm-atollic-eabi/6.3.1/../../../../arm-atollic-eabi/lib/armv6-m\libc_nano.a(lib_a-nano-svfprintf.o)
                              c:/program files (x86)/atollic/truestudio for stm32 9.3.0/armtools/bin/../lib/gcc/arm-atollic-eabi/6.3.1/../../../../arm-atollic-eabi/lib/armv6-m\libc_nano.a(lib_a-sprintf.o) (_svfprintf_r)
c:/program files (x86)/atollic/truestudio for stm32 9.3.0/armtools/bin/../lib/gcc/arm-atollic-eabi/6.3.1/../../../../arm-atollic-eabi/lib/armv6-m\libc_nano.a(lib_a-nano-vfprintf_i.o)
                              c:/program files (x86)/atollic/truestudio for stm32 9.3.0/armtools/bin/../lib/gcc/arm-atollic-eabi/6.3.1/../../../../arm-atollic-eabi/lib/armv6-m\libc_nano.a(lib_a-nano-svfprintf.o) (_printf_i)
c:/program files (x86)/atollic/truestudio for stm32 9.3.0/armtools/bin/../lib/gcc/arm-atollic-eabi/6.3.1/../../../../arm-atollic-eabi/lib/armv6-m\libc_nano.a(lib_a-putc.o)
                              c:/program files (x86)/atollic/truestudio for stm32 9.3.0/armtools/bin/../lib/gcc/arm-atollic-eabi/6.3.1/../../../../arm-atollic-eabi/lib/armv6-m\libc_nano.a(lib_a-putchar.o) (_putc_r)
c:/program files (x86)/atollic/truestudio for stm32 9.3.0/armtools/bin/../lib/gcc/arm-atollic-eabi/6.3.1/../../../../arm-atollic-eabi/lib/armv6-m\libc_nano.a(lib_a-sbrkr.o)
                              c:/program files (x86)/atollic/truestudio for stm32 9.3.0/armtools/bin/../lib/gcc/arm-atollic-eabi/6.3.1/../../../../arm-atollic-eabi/lib/armv6-m\libc_nano.a(lib_a-nano-mallocr.o) (_sbrk_r)
[...]
Memory Configuration

Name             Origin             Length             Attributes
RAM              0x20000000         0x00004000         xrw
FLASH            0x08000000         0x00020000         xr
*default*        0x00000000         0xffffffff

Linker script and memory map

LOAD c:/program files (x86)/atollic/truestudio for stm32 9.3.0/armtools/bin/../lib/gcc/arm-atollic-eabi/6.3.1/armv6-m/crti.o
LOAD c:/program files (x86)/atollic/truestudio for stm32 9.3.0/armtools/bin/../lib/gcc/arm-atollic-eabi/6.3.1/armv6-m/crtbegin.o
LOAD Application\TrueSTUDIO\startup_stm32f072xb.o
LOAD Application\User\freertos.o
LOAD Application\User\main.o
LOAD Application\User\stm32f0xx_hal_msp.o
LOAD Application\User\stm32f0xx_hal_timebase_TIM.o
LOAD Application\User\stm32f0xx_it.o
LOAD Drivers\CMSIS\system_stm32f0xx.o
LOAD Drivers\STM32F0xx_HAL_Driver\stm32f0xx_hal.o
LOAD Drivers\STM32F0xx_HAL_Driver\stm32f0xx_hal_adc.o
LOAD Drivers\STM32F0xx_HAL_Driver\stm32f0xx_hal_adc_ex.o
LOAD Drivers\STM32F0xx_HAL_Driver\stm32f0xx_hal_cortex.o
LOAD Drivers\STM32F0xx_HAL_Driver\stm32f0xx_hal_dma.o
LOAD Drivers\STM32F0xx_HAL_Driver\stm32f0xx_hal_flash.o
LOAD Drivers\STM32F0xx_HAL_Driver\stm32f0xx_hal_flash_ex.o
LOAD Drivers\STM32F0xx_HAL_Driver\stm32f0xx_hal_gpio.o
LOAD Drivers\STM32F0xx_HAL_Driver\stm32f0xx_hal_i2c.o
LOAD Drivers\STM32F0xx_HAL_Driver\stm32f0xx_hal_i2c_ex.o
LOAD Drivers\STM32F0xx_HAL_Driver\stm32f0xx_hal_pwr.o
LOAD Drivers\STM32F0xx_HAL_Driver\stm32f0xx_hal_pwr_ex.o
LOAD Drivers\STM32F0xx_HAL_Driver\stm32f0xx_hal_rcc.o
LOAD Drivers\STM32F0xx_HAL_Driver\stm32f0xx_hal_rcc_ex.o
LOAD Drivers\STM32F0xx_HAL_Driver\stm32f0xx_hal_rtc.o
LOAD Drivers\STM32F0xx_HAL_Driver\stm32f0xx_hal_rtc_ex.o
LOAD Drivers\STM32F0xx_HAL_Driver\stm32f0xx_hal_spi.o
LOAD Drivers\STM32F0xx_HAL_Driver\stm32f0xx_hal_spi_ex.o
LOAD Drivers\STM32F0xx_HAL_Driver\stm32f0xx_hal_tim.o
LOAD Drivers\STM32F0xx_HAL_Driver\stm32f0xx_hal_tim_ex.o
LOAD Drivers\STM32F0xx_HAL_Driver\stm32f0xx_hal_uart.o
LOAD Drivers\STM32F0xx_HAL_Driver\stm32f0xx_hal_uart_ex.o
LOAD Middlewares\FreeRTOS\cmsis_os.o
LOAD Middlewares\FreeRTOS\croutine.o
LOAD Middlewares\FreeRTOS\event_groups.o
LOAD Middlewares\FreeRTOS\heap_4.o
LOAD Middlewares\FreeRTOS\list.o
LOAD Middlewares\FreeRTOS\port.o
LOAD Middlewares\FreeRTOS\queue.o
LOAD Middlewares\FreeRTOS\tasks.o
LOAD Middlewares\FreeRTOS\timers.o
LOAD lib\u8g\chessengine.o
LOAD lib\u8g\u8g_bitmap.o
LOAD lib\u8g\u8g_circle.o
LOAD lib\u8g\u8g_clip.o
LOAD lib\u8g\u8g_com_api.o
LOAD lib\u8g\u8g_com_api_16gr.o
LOAD lib\u8g\u8g_com_arduino_attiny85_hw_spi.o
LOAD lib\u8g\u8g_com_arduino_common.o
LOAD lib\u8g\u8g_com_arduino_fast_parallel.o
LOAD lib\u8g\u8g_com_arduino_hw_spi.o
LOAD lib\u8g\u8g_com_arduino_hw_usart_spi.o
LOAD lib\u8g\u8g_com_arduino_no_en_parallel.o
LOAD lib\u8g\u8g_com_arduino_parallel.o
LOAD lib\u8g\u8g_com_arduino_port_d_wr.o
LOAD lib\u8g\u8g_com_arduino_ssd_i2c.o
LOAD lib\u8g\u8g_com_arduino_st7920_custom.o
LOAD lib\u8g\u8g_com_arduino_st7920_hw_spi.o
LOAD lib\u8g\u8g_com_arduino_st7920_spi.o
LOAD lib\u8g\u8g_com_arduino_std_sw_spi.o
LOAD lib\u8g\u8g_com_arduino_sw_spi.o
LOAD lib\u8g\u8g_com_arduino_t6963.o
LOAD lib\u8g\u8g_com_atmega_hw_spi.o
LOAD lib\u8g\u8g_com_atmega_parallel.o
LOAD lib\u8g\u8g_com_atmega_st7920_hw_spi.o
LOAD lib\u8g\u8g_com_atmega_st7920_spi.o
LOAD lib\u8g\u8g_com_atmega_sw_spi.o
LOAD lib\u8g\u8g_com_i2c.o
LOAD lib\u8g\u8g_com_io.o
LOAD lib\u8g\u8g_com_null.o
LOAD lib\u8g\u8g_cursor.o
LOAD lib\u8g\u8g_delay.o
LOAD lib\u8g\u8g_dev_a2_micro_printer.o
LOAD lib\u8g\u8g_dev_flipdisc_2x7.o
LOAD lib\u8g\u8g_dev_gprof.o
LOAD lib\u8g\u8g_dev_ht1632.o
LOAD lib\u8g\u8g_dev_ili9325d_320x240.o
LOAD lib\u8g\u8g_dev_ks0108_128x64.o
LOAD lib\u8g\u8g_dev_lc7981_160x80.o
LOAD lib\u8g\u8g_dev_lc7981_240x128.o
LOAD lib\u8g\u8g_dev_lc7981_240x64.o
LOAD lib\u8g\u8g_dev_lc7981_320x64.o
LOAD lib\u8g\u8g_dev_null.o
LOAD lib\u8g\u8g_dev_pcd8544_84x48.o
LOAD lib\u8g\u8g_dev_pcf8812_96x65.o
LOAD lib\u8g\u8g_dev_sbn1661_122x32.o
LOAD lib\u8g\u8g_dev_ssd1306_128x32.o
LOAD lib\u8g\u8g_dev_ssd1306_128x64.o
LOAD lib\u8g\u8g_dev_ssd1309_128x64.o
LOAD lib\u8g\u8g_dev_ssd1322_nhd31oled_bw.o
LOAD lib\u8g\u8g_dev_ssd1322_nhd31oled_gr.o
LOAD lib\u8g\u8g_dev_ssd1325_nhd27oled_bw.o
LOAD lib\u8g\u8g_dev_ssd1325_nhd27oled_bw_new.o
LOAD lib\u8g\u8g_dev_ssd1325_nhd27oled_gr.o
LOAD lib\u8g\u8g_dev_ssd1325_nhd27oled_gr_new.o
LOAD lib\u8g\u8g_dev_ssd1327_96x96_gr.o
LOAD lib\u8g\u8g_dev_ssd1351_128x128.o
LOAD lib\u8g\u8g_dev_st7565_64128n.o
LOAD lib\u8g\u8g_dev_st7565_dogm128.o
LOAD lib\u8g\u8g_dev_st7565_dogm132.o
LOAD lib\u8g\u8g_dev_st7565_lm6059.o
LOAD lib\u8g\u8g_dev_st7565_lm6063.o
LOAD lib\u8g\u8g_dev_st7565_nhd_c12832.o
LOAD lib\u8g\u8g_dev_st7565_nhd_c12864.o
LOAD lib\u8g\u8g_dev_st7687_c144mvgd.o
LOAD lib\u8g\u8g_dev_st7920_128x64.o
LOAD lib\u8g\u8g_dev_st7920_192x32.o
LOAD lib\u8g\u8g_dev_st7920_202x32.o
LOAD lib\u8g\u8g_dev_t6963_128x64.o
LOAD lib\u8g\u8g_dev_t6963_240x128.o
LOAD lib\u8g\u8g_dev_t6963_240x64.o
LOAD lib\u8g\u8g_dev_tls8204_84x48.o
LOAD lib\u8g\u8g_dev_uc1601_c128032.o
LOAD lib\u8g\u8g_dev_uc1610_dogxl160.o
LOAD lib\u8g\u8g_dev_uc1701_dogs102.o
LOAD lib\u8g\u8g_dev_uc1701_mini12864.o
LOAD lib\u8g\u8g_ellipse.o
LOAD lib\u8g\u8g_font.o
LOAD lib\u8g\u8g_font_data.o
LOAD lib\u8g\u8g_line.o
LOAD lib\u8g\u8g_ll_api.o
LOAD lib\u8g\u8g_page.o
LOAD lib\u8g\u8g_pb.o
LOAD lib\u8g\u8g_pb14v1.o
LOAD lib\u8g\u8g_pb16h1.o
LOAD lib\u8g\u8g_pb16h2.o
LOAD lib\u8g\u8g_pb16v1.o
LOAD lib\u8g\u8g_pb16v2.o
LOAD lib\u8g\u8g_pb32h1.o
LOAD lib\u8g\u8g_pb8h1.o
LOAD lib\u8g\u8g_pb8h1f.o
LOAD lib\u8g\u8g_pb8h2.o
LOAD lib\u8g\u8g_pb8h8.o
LOAD lib\u8g\u8g_pb8v1.o
LOAD lib\u8g\u8g_pb8v2.o
LOAD lib\u8g\u8g_pbxh16.o
LOAD lib\u8g\u8g_pbxh24.o
LOAD lib\u8g\u8g_rect.o
LOAD lib\u8g\u8g_rot.o
LOAD lib\u8g\u8g_scale.o
LOAD lib\u8g\u8g_state.o
LOAD lib\u8g\u8g_u16toa.o
LOAD lib\u8g\u8g_u8toa.o
LOAD lib\u8g\u8g_virtual_screen.o
LOAD lib\u8g_v2\u8g2_bitmap.o
LOAD lib\u8g_v2\u8g2_box.o
LOAD lib\u8g_v2\u8g2_buffer.o
LOAD lib\u8g_v2\u8g2_circle.o
LOAD lib\u8g_v2\u8g2_cleardisplay.o
LOAD lib\u8g_v2\u8g2_d_memory.o
LOAD lib\u8g_v2\u8g2_d_setup.o
LOAD lib\u8g_v2\u8g2_font.o
LOAD lib\u8g_v2\u8g2_fonts.o
LOAD lib\u8g_v2\u8g2_hvline.o
LOAD lib\u8g_v2\u8g2_input_value.o
LOAD lib\u8g_v2\u8g2_intersection.o
LOAD lib\u8g_v2\u8g2_kerning.o
LOAD lib\u8g_v2\u8g2_line.o
LOAD lib\u8g_v2\u8g2_ll_hvline.o
LOAD lib\u8g_v2\u8g2_message.o
LOAD lib\u8g_v2\u8g2_polygon.o
LOAD lib\u8g_v2\u8g2_selection_list.o
LOAD lib\u8g_v2\u8g2_setup.o
LOAD lib\u8g_v2\u8log.o
LOAD lib\u8g_v2\u8log_u8g2.o
LOAD lib\u8g_v2\u8log_u8x8.o
LOAD lib\u8g_v2\u8x8_8x8.o
LOAD lib\u8g_v2\u8x8_byte.o
LOAD lib\u8g_v2\u8x8_cad.o
LOAD lib\u8g_v2\u8x8_d_a2printer.o
LOAD lib\u8g_v2\u8x8_d_il3820_296x128.o
LOAD lib\u8g_v2\u8x8_d_ist3020.o
LOAD lib\u8g_v2\u8x8_d_ks0108.o
LOAD lib\u8g_v2\u8x8_d_lc7981.o
LOAD lib\u8g_v2\u8x8_d_ld7032_60x32.o
LOAD lib\u8g_v2\u8x8_d_ls013b7dh03.o
LOAD lib\u8g_v2\u8x8_d_max7219.o
LOAD lib\u8g_v2\u8x8_d_pcd8544_84x48.o
LOAD lib\u8g_v2\u8x8_d_pcf8812.o
LOAD lib\u8g_v2\u8x8_d_pcf8814_hx1230.o
LOAD lib\u8g_v2\u8x8_d_sbn1661.o
LOAD lib\u8g_v2\u8x8_d_sed1330.o
LOAD lib\u8g_v2\u8x8_d_sh1106_64x32.o
LOAD lib\u8g_v2\u8x8_d_sh1106_72x40.o
LOAD lib\u8g_v2\u8x8_d_sh1107.o
LOAD lib\u8g_v2\u8x8_d_sh1108.o
LOAD lib\u8g_v2\u8x8_d_sh1122.o
LOAD lib\u8g_v2\u8x8_d_ssd1305.o
LOAD lib\u8g_v2\u8x8_d_ssd1306_128x32.o
LOAD lib\u8g_v2\u8x8_d_ssd1306_128x64_noname.o
LOAD lib\u8g_v2\u8x8_d_ssd1306_48x64.o
LOAD lib\u8g_v2\u8x8_d_ssd1306_64x32.o
LOAD lib\u8g_v2\u8x8_d_ssd1306_64x48.o
LOAD lib\u8g_v2\u8x8_d_ssd1306_96x16.o
LOAD lib\u8g_v2\u8x8_d_ssd1309.o
LOAD lib\u8g_v2\u8x8_d_ssd1317.o
LOAD lib\u8g_v2\u8x8_d_ssd1318.o
LOAD lib\u8g_v2\u8x8_d_ssd1322.o
LOAD lib\u8g_v2\u8x8_d_ssd1325.o
LOAD lib\u8g_v2\u8x8_d_ssd1326.o
LOAD lib\u8g_v2\u8x8_d_ssd1327.o
LOAD lib\u8g_v2\u8x8_d_ssd1329.o
LOAD lib\u8g_v2\u8x8_d_ssd1606_172x72.o
LOAD lib\u8g_v2\u8x8_d_ssd1607_200x200.o
LOAD lib\u8g_v2\u8x8_d_st75256.o
LOAD lib\u8g_v2\u8x8_d_st7565.o
LOAD lib\u8g_v2\u8x8_d_st7567.o
LOAD lib\u8g_v2\u8x8_d_st7586s_erc240160.o
LOAD lib\u8g_v2\u8x8_d_st7586s_s028hn118a.o
LOAD lib\u8g_v2\u8x8_d_st7588.o
LOAD lib\u8g_v2\u8x8_d_st7920.o
LOAD lib\u8g_v2\u8x8_d_stdio.o
LOAD lib\u8g_v2\u8x8_d_t6963.o
LOAD lib\u8g_v2\u8x8_d_uc1601.o
LOAD lib\u8g_v2\u8x8_d_uc1604.o
LOAD lib\u8g_v2\u8x8_d_uc1608.o
LOAD lib\u8g_v2\u8x8_d_uc1610.o
LOAD lib\u8g_v2\u8x8_d_uc1611.o
LOAD lib\u8g_v2\u8x8_d_uc1617.o
LOAD lib\u8g_v2\u8x8_d_uc1638.o
LOAD lib\u8g_v2\u8x8_d_uc1701_dogs102.o
LOAD lib\u8g_v2\u8x8_d_uc1701_mini12864.o
LOAD lib\u8g_v2\u8x8_debounce.o
LOAD lib\u8g_v2\u8x8_display.o
LOAD lib\u8g_v2\u8x8_fonts.o
LOAD lib\u8g_v2\u8x8_gpio.o
LOAD lib\u8g_v2\u8x8_input_value.o
LOAD lib\u8g_v2\u8x8_message.o
LOAD lib\u8g_v2\u8x8_selection_list.o
LOAD lib\u8g_v2\u8x8_setup.o
LOAD lib\u8g_v2\u8x8_string.o
LOAD lib\u8g_v2\u8x8_u16toa.o
LOAD lib\u8g_v2\u8x8_u8toa.o
LOAD src-roc\debug.o
LOAD src-roc\display.o
LOAD src-roc\menu.o
LOAD src-roc\menus\menu_credits.o
LOAD src-roc\menus\menu_main.o
LOAD src-roc\menus\menu_reflow.o
LOAD src-roc\menus\menu_reflow_confirm.o
LOAD src-roc\menus\menu_reflow_profiles.o
LOAD src-roc\menus\menu_startup.o
LOAD src-roc\reflow_profiles.o
LOAD src-roc\rot_encoder.o
LOAD src-roc\ssr.o
LOAD src-roc\tc.o
LOAD src-roc\tempctrl.o
LOAD src-roc\u8g_arm.o
                0x00000080                malloc_getpagesize_P = 0x80
START GROUP
LOAD c:/program files (x86)/atollic/truestudio for stm32 9.3.0/armtools/bin/../lib/gcc/arm-atollic-eabi/6.3.1/../../../../arm-atollic-eabi/lib/armv6-m\libc_nano.a
LOAD c:/program files (x86)/atollic/truestudio for stm32 9.3.0/armtools/bin/../lib/gcc/arm-atollic-eabi/6.3.1/../../../../arm-atollic-eabi/lib/armv6-m\libm.a
END GROUP
START GROUP
LOAD c:/program files (x86)/atollic/truestudio for stm32 9.3.0/armtools/bin/../lib/gcc/arm-atollic-eabi/6.3.1/armv6-m\libgcc.a
LOAD c:/program files (x86)/atollic/truestudio for stm32 9.3.0/armtools/bin/../lib/gcc/arm-atollic-eabi/6.3.1/../../../../arm-atollic-eabi/lib/armv6-m\libc_nano.a
END GROUP
START GROUP
LOAD c:/program files (x86)/atollic/truestudio for stm32 9.3.0/armtools/bin/../lib/gcc/arm-atollic-eabi/6.3.1/armv6-m\libgcc.a
LOAD c:/program files (x86)/atollic/truestudio for stm32 9.3.0/armtools/bin/../lib/gcc/arm-atollic-eabi/6.3.1/../../../../arm-atollic-eabi/lib/armv6-m\libc_nano.a
LOAD c:/program files (x86)/atollic/truestudio for stm32 9.3.0/armtools/bin/../lib/gcc/arm-atollic-eabi/6.3.1/../../../../arm-atollic-eabi/lib/armv6-m\libnosys.a
END GROUP
START GROUP
LOAD c:/program files (x86)/atollic/truestudio for stm32 9.3.0/armtools/bin/../lib/gcc/arm-atollic-eabi/6.3.1/armv6-m\libgcc.a
LOAD c:/program files (x86)/atollic/truestudio for stm32 9.3.0/armtools/bin/../lib/gcc/arm-atollic-eabi/6.3.1/../../../../arm-atollic-eabi/lib/armv6-m\libc_nano.a
LOAD c:/program files (x86)/atollic/truestudio for stm32 9.3.0/armtools/bin/../lib/gcc/arm-atollic-eabi/6.3.1/../../../../arm-atollic-eabi/lib/armv6-m\libnosys.a
END GROUP
LOAD c:/program files (x86)/atollic/truestudio for stm32 9.3.0/armtools/bin/../lib/gcc/arm-atollic-eabi/6.3.1/armv6-m/crtend.o
LOAD c:/program files (x86)/atollic/truestudio for stm32 9.3.0/armtools/bin/../lib/gcc/arm-atollic-eabi/6.3.1/armv6-m/crtn.o
                0x20004000                _estack = 0x20004000
                0x00000200                _Min_Heap_Size = 0x200
                0x00000400                _Min_Stack_Size = 0x400

.isr_vector     0x08000000       0xc0
                0x08000000                . = ALIGN (0x4)
 *(.isr_vector)
 .isr_vector    0x08000000       0xc0 Application\TrueSTUDIO\startup_stm32f072xb.o
                0x08000000                g_pfnVectors
                0x080000c0                . = ALIGN (0x4)

.text           0x080000c0     0x7cc8
                0x080000c0                . = ALIGN (0x4)
 *(.text)
 .text          0x080000c0       0x48 c:/program files (x86)/atollic/truestudio for stm32 9.3.0/armtools/bin/../lib/gcc/arm-atollic-eabi/6.3.1/armv6-m/crtbegin.o
 .text          0x08000108        0xe c:/program files (x86)/atollic/truestudio for stm32 9.3.0/armtools/bin/../lib/gcc/arm-atollic-eabi/6.3.1/../../../../arm-atollic-eabi/lib/armv6-m\libc_nano.a(lib_a-strlen.o)
                0x08000108                strlen
 *fill*         0x08000116        0x2 
 .text          0x08000118       0x14 c:/program files (x86)/atollic/truestudio for stm32 9.3.0/armtools/bin/../lib/gcc/arm-atollic-eabi/6.3.1/armv6-m\libgcc.a(_thumb1_case_sqi.o)
                0x08000118                __gnu_thumb1_case_sqi
 .text          0x0800012c       0x14 c:/program files (x86)/atollic/truestudio for stm32 9.3.0/armtools/bin/../lib/gcc/arm-atollic-eabi/6.3.1/armv6-m\libgcc.a(_thumb1_case_uqi.o)
                0x0800012c                __gnu_thumb1_case_uqi
 .text          0x08000140      0x114 c:/program files (x86)/atollic/truestudio for stm32 9.3.0/armtools/bin/../lib/gcc/arm-atollic-eabi/6.3.1/armv6-m\libgcc.a(_udivsi3.o)
                0x08000140                __udivsi3
                0x08000140                __aeabi_uidiv
                0x0800024c                __aeabi_uidivmod
 .text          0x08000254        0x4 c:/program files (x86)/atollic/truestudio for stm32 9.3.0/armtools/bin/../lib/gcc/arm-atollic-eabi/6.3.1/armv6-m\libgcc.a(_dvmd_tls.o)
                0x08000254                __aeabi_idiv0
                0x08000254                __aeabi_ldiv0
 .text          0x08000258       0x7c c:/program files (x86)/atollic/truestudio for stm32 9.3.0/armtools/bin/../lib/gcc/arm-atollic-eabi/6.3.1/armv6-m\libgcc.a(_arm_cmpdf2.o)
                0x08000258                __aeabi_cdrcmple
                0x08000268                __aeabi_cdcmpeq
                0x08000268                __aeabi_cdcmple
                0x08000278                __aeabi_dcmpeq
                0x08000284                __aeabi_dcmplt
                0x08000298                __aeabi_dcmple
                0x080002ac                __aeabi_dcmpgt
                0x080002c0                __aeabi_dcmpge
 .text          0x080002d4       0x30 c:/program files (x86)/atollic/truestudio for stm32 9.3.0/armtools/bin/../lib/gcc/arm-atollic-eabi/6.3.1/armv6-m\libgcc.a(_fixunssfsi.o)
                0x080002d4                __aeabi_f2uiz
                0x080002d4                __fixunssfsi
 .text          0x08000304      0x324 c:/program files (x86)/atollic/truestudio for stm32 9.3.0/armtools/bin/../lib/gcc/arm-atollic-eabi/6.3.1/armv6-m\libgcc.a(addsf3.o)
                0x08000304                __aeabi_fadd
 .text          0x08000628      0x290 c:/program files (x86)/atollic/truestudio for stm32 9.3.0/armtools/bin/../lib/gcc/arm-atollic-eabi/6.3.1/armv6-m\libgcc.a(divsf3.o)
                0x08000628                __aeabi_fdiv
 .text          0x080008b8      0x240 c:/program files (x86)/atollic/truestudio for stm32 9.3.0/armtools/bin/../lib/gcc/arm-atollic-eabi/6.3.1/armv6-m\libgcc.a(mulsf3.o)
                0x080008b8                __aeabi_fmul
 .text          0x08000af8      0x338 c:/program files (x86)/atollic/truestudio for stm32 9.3.0/armtools/bin/../lib/gcc/arm-atollic-eabi/6.3.1/armv6-m\libgcc.a(subsf3.o)
                0x08000af8                __aeabi_fsub
 .text          0x08000e30       0x40 c:/program files (x86)/atollic/truestudio for stm32 9.3.0/armtools/bin/../lib/gcc/arm-atollic-eabi/6.3.1/armv6-m\libgcc.a(fixsfsi.o)
                0x08000e30                __aeabi_f2iz
 .text          0x08000e70       0xa0 c:/program files (x86)/atollic/truestudio for stm32 9.3.0/armtools/bin/../lib/gcc/arm-atollic-eabi/6.3.1/armv6-m\libgcc.a(floatsisf.o)
                0x08000e70                __aeabi_i2f
 .text          0x08000f10       0x74 c:/program files (x86)/atollic/truestudio for stm32 9.3.0/armtools/bin/../lib/gcc/arm-atollic-eabi/6.3.1/armv6-m\libgcc.a(eqdf2.o)
                0x08000f10                __eqdf2
                0x08000f10                __nedf2
 .text          0x08000f84       0xc8 c:/program files (x86)/atollic/truestudio for stm32 9.3.0/armtools/bin/../lib/gcc/arm-atollic-eabi/6.3.1/armv6-m\libgcc.a(gedf2.o)
                0x08000f84                __gedf2
                0x08000f84                __gtdf2
 .text          0x0800104c       0xc4 c:/program files (x86)/atollic/truestudio for stm32 9.3.0/armtools/bin/../lib/gcc/arm-atollic-eabi/6.3.1/armv6-m\libgcc.a(ledf2.o)
                0x0800104c                __ledf2
                0x0800104c                __ltdf2
 .text          0x08001110      0x500 c:/program files (x86)/atollic/truestudio for stm32 9.3.0/armtools/bin/../lib/gcc/arm-atollic-eabi/6.3.1/armv6-m\libgcc.a(muldf3.o)
                0x08001110                __aeabi_dmul
 .text          0x08001610       0x84 c:/program files (x86)/atollic/truestudio for stm32 9.3.0/armtools/bin/../lib/gcc/arm-atollic-eabi/6.3.1/armv6-m\libgcc.a(floatsidf.o)
                0x08001610                __aeabi_i2d
 .text          0x08001694       0x74 c:/program files (x86)/atollic/truestudio for stm32 9.3.0/armtools/bin/../lib/gcc/arm-atollic-eabi/6.3.1/armv6-m\libgcc.a(_arm_cmpsf2.o)
                0x08001694                __aeabi_cfrcmple
                0x0800169c                __aeabi_cfcmple
                0x0800169c                __aeabi_cfcmpeq
                0x080016ac                __aeabi_fcmpeq
                0x080016b8                __aeabi_fcmplt
                0x080016cc                __aeabi_fcmple
                0x080016e0                __aeabi_fcmpgt
                0x080016f4                __aeabi_fcmpge
 .text          0x08001708       0x3c c:/program files (x86)/atollic/truestudio for stm32 9.3.0/armtools/bin/../lib/gcc/arm-atollic-eabi/6.3.1/armv6-m\libgcc.a(_clzsi2.o)
                0x08001708                __clzsi2
 .text          0x08001744       0x4c c:/program files (x86)/atollic/truestudio for stm32 9.3.0/armtools/bin/../lib/gcc/arm-atollic-eabi/6.3.1/armv6-m\libgcc.a(eqsf2.o)
                0x08001744                __nesf2
                0x08001744                __eqsf2
 .text          0x08001790       0x80 c:/program files (x86)/atollic/truestudio for stm32 9.3.0/armtools/bin/../lib/gcc/arm-atollic-eabi/6.3.1/armv6-m\libgcc.a(gesf2.o)
                0x08001790                __gesf2
                0x08001790                __gtsf2
 .text          0x08001810       0x84 c:/program files (x86)/atollic/truestudio for stm32 9.3.0/armtools/bin/../lib/gcc/arm-atollic-eabi/6.3.1/armv6-m\libgcc.a(lesf2.o)
                0x08001810                __lesf2
                0x08001810                __ltsf2
 *(.text*)
 .text.Reset_Handler
                0x08001894       0x50 Application\TrueSTUDIO\startup_stm32f072xb.o
                0x08001894                Reset_Handler
 .text.Default_Handler
                0x080018e4        0x2 Application\TrueSTUDIO\startup_stm32f072xb.o
                0x080018e4                USB_IRQHandler
                0x080018e4                SPI2_IRQHandler
                0x080018e4                SPI1_IRQHandler
                0x080018e4                TIM17_IRQHandler
                0x080018e4                EXTI0_1_IRQHandler
                0x080018e4                WWDG_IRQHandler
                0x080018e4                PVD_VDDIO2_IRQHandler
                0x080018e4                RTC_IRQHandler
                0x080018e4                I2C1_IRQHandler
                0x080018e4                TIM14_IRQHandler
                0x080018e4                TIM3_IRQHandler
                0x080018e4                USART2_IRQHandler
                0x080018e4                TIM6_DAC_IRQHandler
                0x080018e4                FLASH_IRQHandler
                0x080018e4                EXTI2_3_IRQHandler
                0x080018e4                TIM2_IRQHandler
                0x080018e4                TSC_IRQHandler
                0x080018e4                Default_Handler
                0x080018e4                RCC_CRS_IRQHandler
                0x080018e4                I2C2_IRQHandler
                0x080018e4                CEC_CAN_IRQHandler
                0x080018e4                TIM15_IRQHandler
                0x080018e4                TIM16_IRQHandler
                0x080018e4                TIM1_CC_IRQHandler
                0x080018e4                DMA1_Channel1_IRQHandler
                0x080018e4                TIM7_IRQHandler
                0x080018e4                ADC1_COMP_IRQHandler
 *fill*         0x080018e6        0x2 
 .text.start_serialport_task
                0x080018e8       0x18 Application\User\main.o
                0x080018e8                start_serialport_task
 .text.start_util_thread
                0x08001900       0x30 Application\User\main.o
                0x08001900                start_util_thread
 .text.start_ssr_thread
                0x08001930       0x28 Application\User\main.o
                0x08001930                start_ssr_thread
 .text.start_display_thread
                0x08001958       0x14 Application\User\main.o
                0x08001958                start_display_thread
 .text._Error_Handler.constprop.0
                0x0800196c       0x20 Application\User\main.o
 .text.SystemClock_Config
                0x0800198c       0x9c Application\User\main.o
                0x0800198c                SystemClock_Config
 .text.startup.main
                0x08001a28      0x41c Application\User\main.o
                0x08001a28                main
 .text.HAL_TIM_PeriodElapsedCallback
                0x08001e44       0x14 Application\User\main.o
                0x08001e44                HAL_TIM_PeriodElapsedCallback
 .text._Error_Handler
                0x08001e58       0x20 Application\User\main.o
                0x08001e58                _Error_Handler
 .text.HAL_MspInit
                0x08001e78       0x50 Application\User\stm32f0xx_hal_msp.o
                0x08001e78                HAL_MspInit
 .text.HAL_ADC_MspInit
                0x08001ec8       0x44 Application\User\stm32f0xx_hal_msp.o
                0x08001ec8                HAL_ADC_MspInit
 .text.HAL_I2C_MspInit
                0x08001f0c       0x4c Application\User\stm32f0xx_hal_msp.o
                0x08001f0c                HAL_I2C_MspInit
 .text.HAL_RTC_MspInit
                0x08001f58       0x20 Application\User\stm32f0xx_hal_msp.o
                0x08001f58                HAL_RTC_MspInit
 .text.HAL_SPI_MspInit
                0x08001f78       0xc4 Application\User\stm32f0xx_hal_msp.o
                0x08001f78                HAL_SPI_MspInit
 .text.HAL_UART_MspInit
                0x0800203c      0x1bc Application\User\stm32f0xx_hal_msp.o
                0x0800203c                HAL_UART_MspInit
 .text.HAL_InitTick
                0x080021f8       0x7c Application\User\stm32f0xx_hal_timebase_TIM.o
                0x080021f8                HAL_InitTick
 .text.NMI_Handler
                0x08002274        0x2 Application\User\stm32f0xx_it.o
                0x08002274                NMI_Handler
 .text.HardFault_Handler
                0x08002276        0x2 Application\User\stm32f0xx_it.o
                0x08002276                HardFault_Handler
 .text.SysTick_Handler
                0x08002278        0x8 Application\User\stm32f0xx_it.o
                0x08002278                SysTick_Handler
 .text.EXTI4_15_IRQHandler
                0x08002280       0x18 Application\User\stm32f0xx_it.o
                0x08002280                EXTI4_15_IRQHandler
 .text.DMA1_Channel2_3_IRQHandler
                0x08002298       0x18 Application\User\stm32f0xx_it.o
                0x08002298                DMA1_Channel2_3_IRQHandler
 .text.DMA1_Channel4_5_6_7_IRQHandler
                0x080022b0       0x2c Application\User\stm32f0xx_it.o
                0x080022b0                DMA1_Channel4_5_6_7_IRQHandler
 .text.TIM1_BRK_UP_TRG_COM_IRQHandler
                0x080022dc       0x10 Application\User\stm32f0xx_it.o
                0x080022dc                TIM1_BRK_UP_TRG_COM_IRQHandler
 .text.USART1_IRQHandler
                0x080022ec       0x10 Application\User\stm32f0xx_it.o
                0x080022ec                USART1_IRQHandler
 .text.USART3_4_IRQHandler
                0x080022fc       0x10 Application\User\stm32f0xx_it.o
                0x080022fc                USART3_4_IRQHandler
 .text.SystemInit
                0x0800230c       0x60 Drivers\CMSIS\system_stm32f0xx.o
                0x0800230c                SystemInit
 .text.HAL_Init
                0x0800236c       0x20 Drivers\STM32F0xx_HAL_Driver\stm32f0xx_hal.o
                0x0800236c                HAL_Init
 .text.HAL_IncTick
                0x0800238c       0x10 Drivers\STM32F0xx_HAL_Driver\stm32f0xx_hal.o
                0x0800238c                HAL_IncTick
 .text.HAL_GetTick
                0x0800239c        0xc Drivers\STM32F0xx_HAL_Driver\stm32f0xx_hal.o
                0x0800239c                HAL_GetTick
 .text.HAL_Delay
                0x080023a8       0x20 Drivers\STM32F0xx_HAL_Driver\stm32f0xx_hal.o
                0x080023a8                HAL_Delay
 .text.HAL_ADC_Init
                0x080023c8      0x14c Drivers\STM32F0xx_HAL_Driver\stm32f0xx_hal_adc.o
                0x080023c8                HAL_ADC_Init
 .text.HAL_ADC_ConfigChannel
                0x08002514      0x100 Drivers\STM32F0xx_HAL_Driver\stm32f0xx_hal_adc.o
                0x08002514                HAL_ADC_ConfigChannel
 .text.HAL_NVIC_SetPriority
                0x08002614       0x60 Drivers\STM32F0xx_HAL_Driver\stm32f0xx_hal_cortex.o
                0x08002614                HAL_NVIC_SetPriority
 .text.HAL_NVIC_EnableIRQ
                0x08002674       0x14 Drivers\STM32F0xx_HAL_Driver\stm32f0xx_hal_cortex.o
                0x08002674                HAL_NVIC_EnableIRQ
 .text.HAL_SYSTICK_Config
                0x08002688       0x34 Drivers\STM32F0xx_HAL_Driver\stm32f0xx_hal_cortex.o
                0x08002688                HAL_SYSTICK_Config
 .text.HAL_SYSTICK_CLKSourceConfig
                0x080026bc       0x1c Drivers\STM32F0xx_HAL_Driver\stm32f0xx_hal_cortex.o
                0x080026bc                HAL_SYSTICK_CLKSourceConfig
 .text.HAL_DMA_Init
                0x080026d8       0x6c Drivers\STM32F0xx_HAL_Driver\stm32f0xx_hal_dma.o
                0x080026d8                HAL_DMA_Init
 .text.HAL_DMA_Start_IT
                0x08002744       0x76 Drivers\STM32F0xx_HAL_Driver\stm32f0xx_hal_dma.o
                0x08002744                HAL_DMA_Start_IT
 .text.HAL_DMA_Abort_IT
                0x080027ba       0x46 Drivers\STM32F0xx_HAL_Driver\stm32f0xx_hal_dma.o
                0x080027ba                HAL_DMA_Abort_IT
 .text.HAL_DMA_IRQHandler
                0x08002800       0x92 Drivers\STM32F0xx_HAL_Driver\stm32f0xx_hal_dma.o
                0x08002800                HAL_DMA_IRQHandler
 *fill*         0x08002892        0x2 
 .text.HAL_GPIO_Init
                0x08002894      0x178 Drivers\STM32F0xx_HAL_Driver\stm32f0xx_hal_gpio.o
                0x08002894                HAL_GPIO_Init
 .text.HAL_GPIO_WritePin
                0x08002a0c        0xc Drivers\STM32F0xx_HAL_Driver\stm32f0xx_hal_gpio.o
                0x08002a0c                HAL_GPIO_WritePin
 .text.HAL_GPIO_EXTI_IRQHandler
                0x08002a18       0x18 Drivers\STM32F0xx_HAL_Driver\stm32f0xx_hal_gpio.o
                0x08002a18                HAL_GPIO_EXTI_IRQHandler
 .text.HAL_I2C_Init
                0x08002a30       0xac Drivers\STM32F0xx_HAL_Driver\stm32f0xx_hal_i2c.o
                0x08002a30                HAL_I2C_Init
 .text.HAL_I2CEx_ConfigAnalogFilter
                0x08002adc       0x4c Drivers\STM32F0xx_HAL_Driver\stm32f0xx_hal_i2c_ex.o
                0x08002adc                HAL_I2CEx_ConfigAnalogFilter
 .text.HAL_I2CEx_ConfigDigitalFilter
                0x08002b28       0x48 Drivers\STM32F0xx_HAL_Driver\stm32f0xx_hal_i2c_ex.o
                0x08002b28                HAL_I2CEx_ConfigDigitalFilter
 .text.HAL_RCC_OscConfig
                0x08002b70      0x464 Drivers\STM32F0xx_HAL_Driver\stm32f0xx_hal_rcc.o
                0x08002b70                HAL_RCC_OscConfig
 .text.HAL_RCC_GetSysClockFreq
                0x08002fd4       0x88 Drivers\STM32F0xx_HAL_Driver\stm32f0xx_hal_rcc.o
                0x08002fd4                HAL_RCC_GetSysClockFreq
 .text.HAL_RCC_ClockConfig
                0x0800305c      0x15c Drivers\STM32F0xx_HAL_Driver\stm32f0xx_hal_rcc.o
                0x0800305c                HAL_RCC_ClockConfig
 .text.HAL_RCC_GetHCLKFreq
                0x080031b8        0xc Drivers\STM32F0xx_HAL_Driver\stm32f0xx_hal_rcc.o
                0x080031b8                HAL_RCC_GetHCLKFreq
 .text.HAL_RCC_GetPCLK1Freq
                0x080031c4       0x20 Drivers\STM32F0xx_HAL_Driver\stm32f0xx_hal_rcc.o
                0x080031c4                HAL_RCC_GetPCLK1Freq
 .text.HAL_RCC_GetClockConfig
                0x080031e4       0x38 Drivers\STM32F0xx_HAL_Driver\stm32f0xx_hal_rcc.o
                0x080031e4                HAL_RCC_GetClockConfig
 .text.HAL_RCCEx_PeriphCLKConfig
                0x0800321c      0x140 Drivers\STM32F0xx_HAL_Driver\stm32f0xx_hal_rcc_ex.o
                0x0800321c                HAL_RCCEx_PeriphCLKConfig
 .text.HAL_RTC_WaitForSynchro
                0x0800335c       0x34 Drivers\STM32F0xx_HAL_Driver\stm32f0xx_hal_rtc.o
                0x0800335c                HAL_RTC_WaitForSynchro
 .text.RTC_EnterInitMode
                0x08003390       0x38 Drivers\STM32F0xx_HAL_Driver\stm32f0xx_hal_rtc.o
                0x08003390                RTC_EnterInitMode
 .text.HAL_RTC_Init
                0x080033c8       0xa8 Drivers\STM32F0xx_HAL_Driver\stm32f0xx_hal_rtc.o
                0x080033c8                HAL_RTC_Init
 .text.SPI_WaitFifoStateUntilTimeout.part.1
                0x08003470       0x60 Drivers\STM32F0xx_HAL_Driver\stm32f0xx_hal_spi.o
 .text.SPI_WaitFlagStateUntilTimeout.constprop.9
                0x080034d0       0x2e Drivers\STM32F0xx_HAL_Driver\stm32f0xx_hal_spi.o
 .text.SPI_WaitFifoStateUntilTimeout.constprop.10
                0x080034fe       0x48 Drivers\STM32F0xx_HAL_Driver\stm32f0xx_hal_spi.o
 .text.SPI_EndRxTxTransaction
                0x08003546       0x46 Drivers\STM32F0xx_HAL_Driver\stm32f0xx_hal_spi.o
 .text.SPI_EndRxTransaction
                0x0800358c       0x7a Drivers\STM32F0xx_HAL_Driver\stm32f0xx_hal_spi.o
 *fill*         0x08003606        0x2 
 .text.HAL_SPI_Init
                0x08003608       0xbc Drivers\STM32F0xx_HAL_Driver\stm32f0xx_hal_spi.o
                0x08003608                HAL_SPI_Init
 .text.HAL_SPI_Transmit
                0x080036c4      0x1aa Drivers\STM32F0xx_HAL_Driver\stm32f0xx_hal_spi.o
                0x080036c4                HAL_SPI_Transmit
 *fill*         0x0800386e        0x2 
 .text.HAL_SPI_TransmitReceive
                0x08003870      0x268 Drivers\STM32F0xx_HAL_Driver\stm32f0xx_hal_spi.o
                0x08003870                HAL_SPI_TransmitReceive
 .text.HAL_SPI_Receive
                0x08003ad8      0x17c Drivers\STM32F0xx_HAL_Driver\stm32f0xx_hal_spi.o
                0x08003ad8                HAL_SPI_Receive
 .text.HAL_TIM_Base_MspInit
                0x08003c54        0x2 Drivers\STM32F0xx_HAL_Driver\stm32f0xx_hal_tim.o
                0x08003c54                HAL_TIM_Base_MspInit
 .text.HAL_TIM_Base_Start_IT
                0x08003c56       0x14 Drivers\STM32F0xx_HAL_Driver\stm32f0xx_hal_tim.o
                0x08003c56                HAL_TIM_Base_Start_IT
 .text.HAL_TIM_OC_DelayElapsedCallback
                0x08003c6a        0x2 Drivers\STM32F0xx_HAL_Driver\stm32f0xx_hal_tim.o
                0x08003c6a                HAL_TIM_OC_DelayElapsedCallback
 .text.HAL_TIM_IC_CaptureCallback
                0x08003c6c        0x2 Drivers\STM32F0xx_HAL_Driver\stm32f0xx_hal_tim.o
                0x08003c6c                HAL_TIM_IC_CaptureCallback
 .text.HAL_TIM_PWM_PulseFinishedCallback
                0x08003c6e        0x2 Drivers\STM32F0xx_HAL_Driver\stm32f0xx_hal_tim.o
                0x08003c6e                HAL_TIM_PWM_PulseFinishedCallback
 .text.HAL_TIM_TriggerCallback
                0x08003c70        0x2 Drivers\STM32F0xx_HAL_Driver\stm32f0xx_hal_tim.o
                0x08003c70                HAL_TIM_TriggerCallback
 .text.HAL_TIM_IRQHandler
                0x08003c72      0x148 Drivers\STM32F0xx_HAL_Driver\stm32f0xx_hal_tim.o
                0x08003c72                HAL_TIM_IRQHandler
 *fill*         0x08003dba        0x2 
 .text.TIM_Base_SetConfig
                0x08003dbc       0xa0 Drivers\STM32F0xx_HAL_Driver\stm32f0xx_hal_tim.o
                0x08003dbc                TIM_Base_SetConfig
 .text.HAL_TIM_Base_Init
                0x08003e5c       0x36 Drivers\STM32F0xx_HAL_Driver\stm32f0xx_hal_tim.o
                0x08003e5c                HAL_TIM_Base_Init
 .text.HAL_TIMEx_CommutationCallback
                0x08003e92        0x2 Drivers\STM32F0xx_HAL_Driver\stm32f0xx_hal_tim_ex.o
                0x08003e92                HAL_TIMEx_CommutationCallback
 .text.HAL_TIMEx_BreakCallback
                0x08003e94        0x2 Drivers\STM32F0xx_HAL_Driver\stm32f0xx_hal_tim_ex.o
                0x08003e94                HAL_TIMEx_BreakCallback
 *fill*         0x08003e96        0x2 
 .text.UART_EndRxTransfer
                0x08003e98       0x20 Drivers\STM32F0xx_HAL_Driver\stm32f0xx_hal_uart.o
 .text.HAL_UART_Transmit_DMA
                0x08003eb8       0x8c Drivers\STM32F0xx_HAL_Driver\stm32f0xx_hal_uart.o
                0x08003eb8                HAL_UART_Transmit_DMA
 .text.HAL_UART_Receive_DMA
                0x08003f44       0x9c Drivers\STM32F0xx_HAL_Driver\stm32f0xx_hal_uart.o
                0x08003f44                HAL_UART_Receive_DMA
 .text.UART_DMATransmitCplt
                0x08003fe0       0x30 Drivers\STM32F0xx_HAL_Driver\stm32f0xx_hal_uart.o
 .text.HAL_UART_TxHalfCpltCallback
                0x08004010        0x2 Drivers\STM32F0xx_HAL_Driver\stm32f0xx_hal_uart.o
                0x08004010                HAL_UART_TxHalfCpltCallback
 .text.UART_DMATxHalfCplt
                0x08004012        0xa Drivers\STM32F0xx_HAL_Driver\stm32f0xx_hal_uart.o
 .text.UART_DMAReceiveCplt
                0x0800401c       0x44 Drivers\STM32F0xx_HAL_Driver\stm32f0xx_hal_uart.o
 .text.HAL_UART_RxHalfCpltCallback
                0x08004060        0x2 Drivers\STM32F0xx_HAL_Driver\stm32f0xx_hal_uart.o
                0x08004060                HAL_UART_RxHalfCpltCallback
 .text.UART_DMARxHalfCplt
                0x08004062        0xa Drivers\STM32F0xx_HAL_Driver\stm32f0xx_hal_uart.o
 .text.HAL_UART_ErrorCallback
                0x0800406c        0x2 Drivers\STM32F0xx_HAL_Driver\stm32f0xx_hal_uart.o
                0x0800406c                HAL_UART_ErrorCallback
 .text.UART_DMAError
                0x0800406e       0x5a Drivers\STM32F0xx_HAL_Driver\stm32f0xx_hal_uart.o
 .text.UART_DMAAbortOnError
                0x080040c8       0x16 Drivers\STM32F0xx_HAL_Driver\stm32f0xx_hal_uart.o
 *fill*         0x080040de        0x2 
 .text.UART_SetConfig
                0x080040e0      0x16c Drivers\STM32F0xx_HAL_Driver\stm32f0xx_hal_uart.o
                0x080040e0                UART_SetConfig
 .text.UART_AdvFeatureConfig
                0x0800424c       0xd0 Drivers\STM32F0xx_HAL_Driver\stm32f0xx_hal_uart.o
                0x0800424c                UART_AdvFeatureConfig
 .text.UART_WaitOnFlagUntilTimeout
                0x0800431c       0x64 Drivers\STM32F0xx_HAL_Driver\stm32f0xx_hal_uart.o
                0x0800431c                UART_WaitOnFlagUntilTimeout
 .text.UART_CheckIdleState
                0x08004380       0x7c Drivers\STM32F0xx_HAL_Driver\stm32f0xx_hal_uart.o
                0x08004380                UART_CheckIdleState
 .text.HAL_UART_Init
                0x080043fc       0x6c Drivers\STM32F0xx_HAL_Driver\stm32f0xx_hal_uart.o
                0x080043fc                HAL_UART_Init
 .text.UART_Transmit_IT
                0x08004468       0x64 Drivers\STM32F0xx_HAL_Driver\stm32f0xx_hal_uart.o
                0x08004468                UART_Transmit_IT
 .text.UART_EndTransmit_IT
                0x080044cc       0x1c Drivers\STM32F0xx_HAL_Driver\stm32f0xx_hal_uart.o
                0x080044cc                UART_EndTransmit_IT
 .text.UART_Receive_IT
                0x080044e8       0x7c Drivers\STM32F0xx_HAL_Driver\stm32f0xx_hal_uart.o
                0x080044e8                UART_Receive_IT
 .text.HAL_UART_IRQHandler
                0x08004564      0x138 Drivers\STM32F0xx_HAL_Driver\stm32f0xx_hal_uart.o
                0x08004564                HAL_UART_IRQHandler
 .text.HAL_UARTEx_WakeupCallback
                0x0800469c        0x2 Drivers\STM32F0xx_HAL_Driver\stm32f0xx_hal_uart_ex.o
                0x0800469c                HAL_UARTEx_WakeupCallback
 .text.osKernelStart
                0x0800469e        0xa Middlewares\FreeRTOS\cmsis_os.o
                0x0800469e                osKernelStart
 .text.osThreadCreate
                0x080046a8       0x30 Middlewares\FreeRTOS\cmsis_os.o
                0x080046a8                osThreadCreate
 .text.osDelay  0x080046d8       0x10 Middlewares\FreeRTOS\cmsis_os.o
                0x080046d8                osDelay
 .text.osMutexCreate
                0x080046e8        0xa Middlewares\FreeRTOS\cmsis_os.o
                0x080046e8                osMutexCreate
 .text.osSystickHandler
                0x080046f2       0x10 Middlewares\FreeRTOS\cmsis_os.o
                0x080046f2                osSystickHandler
 *fill*         0x08004702        0x2 
 .text.unlikely.prvInsertBlockIntoFreeList
                0x08004704       0x48 Middlewares\FreeRTOS\heap_4.o
 .text.pvPortMalloc
                0x0800474c      0x104 Middlewares\FreeRTOS\heap_4.o
                0x0800474c                pvPortMalloc
 .text.vPortFree
                0x08004850       0x48 Middlewares\FreeRTOS\heap_4.o
                0x08004850                vPortFree
 .text.vListInitialise
                0x08004898       0x16 Middlewares\FreeRTOS\list.o
                0x08004898                vListInitialise
 .text.vListInitialiseItem
                0x080048ae        0x6 Middlewares\FreeRTOS\list.o
                0x080048ae                vListInitialiseItem
 .text.vListInsertEnd
                0x080048b4       0x18 Middlewares\FreeRTOS\list.o
                0x080048b4                vListInsertEnd
 .text.vListInsert
                0x080048cc       0x2e Middlewares\FreeRTOS\list.o
                0x080048cc                vListInsert
 .text.uxListRemove
                0x080048fa       0x20 Middlewares\FreeRTOS\list.o
                0x080048fa                uxListRemove
 *fill*         0x0800491a        0x2 
 .text.prvTaskExitError
                0x0800491c       0x14 Middlewares\FreeRTOS\port.o
 .text.vPortStartFirstTask
                0x08004930       0x34 Middlewares\FreeRTOS\port.o
 .text.pxPortInitialiseStack
                0x08004964       0x20 Middlewares\FreeRTOS\port.o
                0x08004964                pxPortInitialiseStack
 .text.SVC_Handler
                0x08004984        0x2 Middlewares\FreeRTOS\port.o
                0x08004984                SVC_Handler
 *fill*         0x08004986        0x2 
 .text.vPortYield
                0x08004988       0x18 Middlewares\FreeRTOS\port.o
                0x08004988                vPortYield
 .text.vPortEnterCritical
                0x080049a0       0x18 Middlewares\FreeRTOS\port.o
                0x080049a0                vPortEnterCritical
 .text.vPortExitCritical
                0x080049b8       0x1c Middlewares\FreeRTOS\port.o
                0x080049b8                vPortExitCritical
 .text.ulSetInterruptMaskFromISR
                0x080049d4        0xa Middlewares\FreeRTOS\port.o
                0x080049d4                ulSetInterruptMaskFromISR
 .text.vClearInterruptMaskFromISR
                0x080049de        0x6 Middlewares\FreeRTOS\port.o
                0x080049de                vClearInterruptMaskFromISR
 *fill*         0x080049e4        0xc 
 .text.PendSV_Handler
                0x080049f0       0x44 Middlewares\FreeRTOS\port.o
                0x080049f0                PendSV_Handler
 .text.xPortSysTickHandler
                0x08004a34       0x24 Middlewares\FreeRTOS\port.o
                0x08004a34                xPortSysTickHandler
 .text.vPortSetupTimerInterrupt
                0x08004a58       0x28 Middlewares\FreeRTOS\port.o
                0x08004a58                vPortSetupTimerInterrupt
 .text.xPortStartScheduler
                0x08004a80       0x34 Middlewares\FreeRTOS\port.o
                0x08004a80                xPortStartScheduler
 .text.unlikely.prvCopyDataToQueue
                0x08004ab4       0x70 Middlewares\FreeRTOS\queue.o
 .text.prvUnlockQueue
                0x08004b24       0x6a Middlewares\FreeRTOS\queue.o
 .text.xQueueGenericReset
                0x08004b8e       0x68 Middlewares\FreeRTOS\queue.o
                0x08004b8e                xQueueGenericReset
 .text.xQueueGenericCreate
                0x08004bf6       0x3a Middlewares\FreeRTOS\queue.o
                0x08004bf6                xQueueGenericCreate
 .text.xQueueGenericSend
                0x08004c30      0x11e Middlewares\FreeRTOS\queue.o
                0x08004c30                xQueueGenericSend
 .text.xQueueCreateMutex
                0x08004d4e       0x24 Middlewares\FreeRTOS\queue.o
                0x08004d4e                xQueueCreateMutex
 *fill*         0x08004d72        0x2 
 .text.prvResetNextTaskUnblockTime
                0x08004d74       0x28 Middlewares\FreeRTOS\tasks.o
 .text.prvAddCurrentTaskToDelayedList
                0x08004d9c       0x70 Middlewares\FreeRTOS\tasks.o
 .text.xTaskCreate
                0x08004e0c      0x188 Middlewares\FreeRTOS\tasks.o
                0x08004e0c                xTaskCreate
 .text.vTaskStartScheduler
                0x08004f94       0x54 Middlewares\FreeRTOS\tasks.o
                0x08004f94                vTaskStartScheduler
 .text.vTaskSuspendAll
                0x08004fe8       0x10 Middlewares\FreeRTOS\tasks.o
                0x08004fe8                vTaskSuspendAll
 .text.xTaskIncrementTick
                0x08004ff8       0xfc Middlewares\FreeRTOS\tasks.o
                0x08004ff8                xTaskIncrementTick
 .text.xTaskResumeAll
                0x080050f4       0xd0 Middlewares\FreeRTOS\tasks.o
                0x080050f4                xTaskResumeAll
 .text.vTaskDelay
                0x080051c4       0x34 Middlewares\FreeRTOS\tasks.o
                0x080051c4                vTaskDelay
 .text.prvIdleTask
                0x080051f8       0x68 Middlewares\FreeRTOS\tasks.o
 .text.vTaskSwitchContext
                0x08005260       0x6c Middlewares\FreeRTOS\tasks.o
                0x08005260                vTaskSwitchContext
 .text.vTaskPlaceOnEventList
                0x080052cc       0x24 Middlewares\FreeRTOS\tasks.o
                0x080052cc                vTaskPlaceOnEventList
 .text.xTaskRemoveFromEventList
                0x080052f0       0x78 Middlewares\FreeRTOS\tasks.o
                0x080052f0                xTaskRemoveFromEventList
 .text.vTaskSetTimeOutState
                0x08005368       0x20 Middlewares\FreeRTOS\tasks.o
                0x08005368                vTaskSetTimeOutState
 .text.xTaskCheckForTimeOut
                0x08005388       0x60 Middlewares\FreeRTOS\tasks.o
                0x08005388                xTaskCheckForTimeOut
 .text.vTaskMissedYield
                0x080053e8        0xc Middlewares\FreeRTOS\tasks.o
                0x080053e8                vTaskMissedYield
 .text.xTaskGetSchedulerState
                0x080053f4       0x20 Middlewares\FreeRTOS\tasks.o
                0x080053f4                xTaskGetSchedulerState
 .text.xTaskPriorityDisinherit
                0x08005414       0x6c Middlewares\FreeRTOS\tasks.o
                0x08005414                xTaskPriorityDisinherit
 .text.u8g2_DrawBox
                0x08005480       0x48 lib\u8g_v2\u8g2_box.o
                0x08005480                u8g2_DrawBox
 .text.u8g2_send_buffer
                0x080054c8       0x56 lib\u8g_v2\u8g2_buffer.o
 .text.u8g2_ClearBuffer
                0x0800551e       0x1a lib\u8g_v2\u8g2_buffer.o
                0x0800551e                u8g2_ClearBuffer
 .text.u8g2_SetBufferCurrTileRow
                0x08005538       0x1a lib\u8g_v2\u8g2_buffer.o
                0x08005538                u8g2_SetBufferCurrTileRow
 .text.u8g2_FirstPage
                0x08005552       0x1c lib\u8g_v2\u8g2_buffer.o
                0x08005552                u8g2_FirstPage
 .text.u8g2_NextPage
                0x0800556e       0x44 lib\u8g_v2\u8g2_buffer.o
                0x0800556e                u8g2_NextPage
 *fill*         0x080055b2        0x2 
 .text.u8g2_m_16_8_2
                0x080055b4        0xc lib\u8g_v2\u8g2_d_memory.o
                0x080055b4                u8g2_m_16_8_2
 .text.u8g2_Setup_st7920_s_128x64_2
                0x080055c0       0x38 lib\u8g_v2\u8g2_d_setup.o
                0x080055c0                u8g2_Setup_st7920_s_128x64_2
 .text.u8g2_font_get_word
                0x080055f8        0xe lib\u8g_v2\u8g2_font.o
 .text.u8g2_add_vector_y
                0x08005606       0x22 lib\u8g_v2\u8g2_font.o
 .text.u8g2_add_vector_x
                0x08005628       0x22 lib\u8g_v2\u8g2_font.o
 .text.u8g2_font_calc_vref_font
                0x0800564a        0x4 lib\u8g_v2\u8g2_font.o
                0x0800564a                u8g2_font_calc_vref_font
 .text.u8g2_read_font_info
                0x0800564e       0x6a lib\u8g_v2\u8g2_font.o
                0x0800564e                u8g2_read_font_info
 .text.u8g2_font_decode_get_unsigned_bits
                0x080056b8       0x36 lib\u8g_v2\u8g2_font.o
                0x080056b8                u8g2_font_decode_get_unsigned_bits
 .text.u8g2_font_setup_decode
                0x080056ee       0x38 lib\u8g_v2\u8g2_font.o
 .text.u8g2_font_decode_get_signed_bits
                0x08005726       0x16 lib\u8g_v2\u8g2_font.o
                0x08005726                u8g2_font_decode_get_signed_bits
 .text.u8g2_font_decode_len
                0x0800573c       0xb2 lib\u8g_v2\u8g2_font.o
                0x0800573c                u8g2_font_decode_len
 .text.u8g2_font_decode_glyph
                0x080057ee      0x154 lib\u8g_v2\u8g2_font.o
                0x080057ee                u8g2_font_decode_glyph
 .text.u8g2_font_get_glyph_data
                0x08005942       0x6c lib\u8g_v2\u8g2_font.o
                0x08005942                u8g2_font_get_glyph_data
 .text.u8g2_DrawGlyph
                0x080059ae       0x5e lib\u8g_v2\u8g2_font.o
                0x080059ae                u8g2_DrawGlyph
 .text.u8g2_draw_string
                0x08005a0c       0x70 lib\u8g_v2\u8g2_font.o
 .text.u8g2_DrawStr
                0x08005a7c       0x10 lib\u8g_v2\u8g2_font.o
                0x08005a7c                u8g2_DrawStr
 .text.u8g2_UpdateRefHeight
                0x08005a8c       0x62 lib\u8g_v2\u8g2_font.o
                0x08005a8c                u8g2_UpdateRefHeight
 *fill*         0x08005aee        0x2 
 .text.u8g2_SetFontPosBaseline
                0x08005af0        0xc lib\u8g_v2\u8g2_font.o
                0x08005af0                u8g2_SetFontPosBaseline
 .text.u8g2_SetFont
                0x08005afc       0x1a lib\u8g_v2\u8g2_font.o
                0x08005afc                u8g2_SetFont
 .text.u8g2_draw_hv_line_2dir
                0x08005b16       0x18 lib\u8g_v2\u8g2_hvline.o
                0x08005b16                u8g2_draw_hv_line_2dir
 .text.u8g2_DrawHVLine
                0x08005b2e       0xe0 lib\u8g_v2\u8g2_hvline.o
                0x08005b2e                u8g2_DrawHVLine
 .text.u8g2_DrawPixel
                0x08005c0e       0x36 lib\u8g_v2\u8g2_hvline.o
                0x08005c0e                u8g2_DrawPixel
 .text.u8g2_SetDrawColor
                0x08005c44       0x10 lib\u8g_v2\u8g2_hvline.o
                0x08005c44                u8g2_SetDrawColor
 .text.u8g2_is_intersection_decision_tree
                0x08005c54       0x1e lib\u8g_v2\u8g2_intersection.o
                0x08005c54                u8g2_is_intersection_decision_tree
 .text.u8g2_IsIntersection
                0x08005c72       0x32 lib\u8g_v2\u8g2_intersection.o
                0x08005c72                u8g2_IsIntersection
 .text.u8g2_DrawLine
                0x08005ca4       0xf0 lib\u8g_v2\u8g2_line.o
                0x08005ca4                u8g2_DrawLine
 .text.u8g2_ll_hvline_horizontal_right_lsb
                0x08005d94       0x7a lib\u8g_v2\u8g2_ll_hvline.o
                0x08005d94                u8g2_ll_hvline_horizontal_right_lsb
 .text.u8g2_update_dimension_common
                0x08005e0e       0x64 lib\u8g_v2\u8g2_setup.o
 .text.u8g2_draw_l90_r0
                0x08005e72        0xe lib\u8g_v2\u8g2_setup.o
                0x08005e72                u8g2_draw_l90_r0
 .text.u8g2_apply_clip_window
                0x08005e80       0x72 lib\u8g_v2\u8g2_setup.o
 .text.u8g2_update_page_win_r0
                0x08005ef2       0x28 lib\u8g_v2\u8g2_setup.o
                0x08005ef2                u8g2_update_page_win_r0
 .text.u8g2_update_dimension_r0
                0x08005f1a        0x8 lib\u8g_v2\u8g2_setup.o
                0x08005f1a                u8g2_update_dimension_r0
 .text.u8g2_SetMaxClipWindow
                0x08005f22       0x1c lib\u8g_v2\u8g2_setup.o
                0x08005f22                u8g2_SetMaxClipWindow
 .text.u8g2_SetupBuffer
                0x08005f3e       0x42 lib\u8g_v2\u8g2_setup.o
                0x08005f3e                u8g2_SetupBuffer
 .text.u8x8_ascii_next
                0x08005f80       0x14 lib\u8g_v2\u8x8_8x8.o
                0x08005f80                u8x8_ascii_next
 .text.u8x8_utf8_init
                0x08005f94        0x8 lib\u8g_v2\u8x8_8x8.o
                0x08005f94                u8x8_utf8_init
 .text.u8x8_byte_SendBytes
                0x08005f9c        0xe lib\u8g_v2\u8x8_byte.o
                0x08005f9c                u8x8_byte_SendBytes
 .text.u8x8_byte_SendByte
                0x08005faa       0x10 lib\u8g_v2\u8x8_byte.o
                0x08005faa                u8x8_byte_SendByte
 .text.u8x8_cad_SendCmd
                0x08005fba        0xe lib\u8g_v2\u8x8_cad.o
                0x08005fba                u8x8_cad_SendCmd
 .text.u8x8_cad_SendData
                0x08005fc8        0xe lib\u8g_v2\u8x8_cad.o
                0x08005fc8                u8x8_cad_SendData
 .text.u8x8_cad_StartTransfer
                0x08005fd6        0xe lib\u8g_v2\u8x8_cad.o
                0x08005fd6                u8x8_cad_StartTransfer
 .text.u8x8_cad_EndTransfer
                0x08005fe4        0xe lib\u8g_v2\u8x8_cad.o
                0x08005fe4                u8x8_cad_EndTransfer
 .text.u8x8_cad_SendSequence
                0x08005ff2       0x5e lib\u8g_v2\u8x8_cad.o
                0x08005ff2                u8x8_cad_SendSequence
 .text.u8x8_cad_st7920_spi
                0x08006050      0x114 lib\u8g_v2\u8x8_cad.o
                0x08006050                u8x8_cad_st7920_spi
 .text.u8x8_d_st7920_common
                0x08006164       0xb8 lib\u8g_v2\u8x8_d_st7920.o
                0x08006164                u8x8_d_st7920_common
 .text.u8x8_d_st7920_128x64
                0x0800621c       0x1c lib\u8g_v2\u8x8_d_st7920.o
                0x0800621c                u8x8_d_st7920_128x64
 .text.u8x8_d_helper_display_setup_memory
                0x08006238        0xa lib\u8g_v2\u8x8_display.o
                0x08006238                u8x8_d_helper_display_setup_memory
 .text.u8x8_d_helper_display_init
                0x08006242       0x5e lib\u8g_v2\u8x8_display.o
                0x08006242                u8x8_d_helper_display_init
 .text.u8x8_DrawTile
                0x080062a0       0x1a lib\u8g_v2\u8x8_display.o
                0x080062a0                u8x8_DrawTile
 .text.u8x8_SetupMemory
                0x080062ba        0xe lib\u8g_v2\u8x8_display.o
                0x080062ba                u8x8_SetupMemory
 .text.u8x8_InitDisplay
                0x080062c8        0xe lib\u8g_v2\u8x8_display.o
                0x080062c8                u8x8_InitDisplay
 .text.u8x8_SetPowerSave
                0x080062d6        0xe lib\u8g_v2\u8x8_display.o
                0x080062d6                u8x8_SetPowerSave
 .text.u8x8_RefreshDisplay
                0x080062e4        0xe lib\u8g_v2\u8x8_display.o
                0x080062e4                u8x8_RefreshDisplay
 .text.u8x8_gpio_call
                0x080062f2        0xa lib\u8g_v2\u8x8_gpio.o
                0x080062f2                u8x8_gpio_call
 .text.u8x8_dummy_cb
                0x080062fc        0x4 lib\u8g_v2\u8x8_setup.o
                0x080062fc                u8x8_dummy_cb
 .text.u8x8_SetupDefaults
                0x08006300       0x2c lib\u8g_v2\u8x8_setup.o
                0x08006300                u8x8_SetupDefaults
 .text.u8x8_Setup
                0x0800632c       0x20 lib\u8g_v2\u8x8_setup.o
                0x0800632c                u8x8_Setup
 .text.debug_cons_init_handle
                0x0800634c       0x2c src-roc\debug.o
                0x0800634c                debug_cons_init_handle
 .text.debug_cons_print
                0x08006378       0x3c src-roc\debug.o
                0x08006378                debug_cons_print
 .text.debug_cons_print_char
                0x080063b4       0x38 src-roc\debug.o
                0x080063b4                debug_cons_print_char
 .text.debug_cons_println
                0x080063ec       0x14 src-roc\debug.o
                0x080063ec                debug_cons_println
 .text.HAL_UART_TxCpltCallback
                0x08006400        0xc src-roc\debug.o
                0x08006400                HAL_UART_TxCpltCallback
 .text.debug_rcv_proc_cmd
                0x0800640c       0x18 src-roc\debug.o
                0x0800640c                debug_rcv_proc_cmd
 .text.HAL_UART_RxCpltCallback
                0x08006424       0x50 src-roc\debug.o
                0x08006424                HAL_UART_RxCpltCallback
 .text.display_init
                0x08006474       0xa4 src-roc\display.o
                0x08006474                display_init
 .text.display_util_draw_selector
                0x08006518       0x50 src-roc\display.o
                0x08006518                display_util_draw_selector
 .text.roc_menu_open
                0x08006568       0x58 src-roc\menu.o
                0x08006568                roc_menu_open
 .text.roc_menu_run_task
                0x080065c0       0x64 src-roc\menu.o
                0x080065c0                roc_menu_run_task
 .text.roc_menu_credits_update
                0x08006624       0x1c src-roc\menus\menu_credits.o
                0x08006624                roc_menu_credits_update
 .text.roc_menu_credits_redraw
                0x08006640       0xa0 src-roc\menus\menu_credits.o
                0x08006640                roc_menu_credits_redraw
 .text.roc_menu_main_redraw
                0x080066e0       0x84 src-roc\menus\menu_main.o
                0x080066e0                roc_menu_main_redraw
 .text.roc_menu_main_update
                0x08006764       0x70 src-roc\menus\menu_main.o
                0x08006764                roc_menu_main_update
 .text.roc_menu_reflow_redraw
                0x080067d4      0x178 src-roc\menus\menu_reflow.o
                0x080067d4                roc_menu_reflow_redraw
 .text.roc_menu_reflow_update_hw
                0x0800694c       0x94 src-roc\menus\menu_reflow.o
 .text.roc_menu_reflow_update
                0x080069e0       0x70 src-roc\menus\menu_reflow.o
                0x080069e0                roc_menu_reflow_update
 .text.roc_menu_reflow_set_profile
                0x08006a50        0xc src-roc\menus\menu_reflow.o
                0x08006a50                roc_menu_reflow_set_profile
 .text.roc_menu_reflow_start
                0x08006a5c       0x34 src-roc\menus\menu_reflow.o
                0x08006a5c                roc_menu_reflow_start
 .text.roc_menu_reflow_update_heater_status
                0x08006a90        0xc src-roc\menus\menu_reflow.o
                0x08006a90                roc_menu_reflow_update_heater_status
 .text.roc_menu_reflow_confirm_redraw
                0x08006a9c       0xbc src-roc\menus\menu_reflow_confirm.o
                0x08006a9c                roc_menu_reflow_confirm_redraw
 .text.roc_menu_reflow_confirm_update
                0x08006b58       0x70 src-roc\menus\menu_reflow_confirm.o
                0x08006b58                roc_menu_reflow_confirm_update
 .text.roc_menu_reflow_confirm_set_profile
                0x08006bc8        0xc src-roc\menus\menu_reflow_confirm.o
                0x08006bc8                roc_menu_reflow_confirm_set_profile
 .text.roc_menu_reflow_profiles_redraw
                0x08006bd4      0x294 src-roc\menus\menu_reflow_profiles.o
                0x08006bd4                roc_menu_reflow_profiles_redraw
 .text.roc_menu_reflow_profiles_update
                0x08006e68      0x10c src-roc\menus\menu_reflow_profiles.o
                0x08006e68                roc_menu_reflow_profiles_update
 .text.roc_menu_reflow_profiles_set_mode
                0x08006f74       0x34 src-roc\menus\menu_reflow_profiles.o
                0x08006f74                roc_menu_reflow_profiles_set_mode
 .text.roc_menu_startup_update
                0x08006fa8       0x12 src-roc\menus\menu_startup.o
                0x08006fa8                roc_menu_startup_update
 *fill*         0x08006fba        0x2 
 .text.roc_menu_startup_redraw
                0x08006fbc       0x64 src-roc\menus\menu_startup.o
                0x08006fbc                roc_menu_startup_redraw
 .text.reflow_profiles_get_count
                0x08007020        0x4 src-roc\reflow_profiles.o
                0x08007020                reflow_profiles_get_count
 .text.reflow_profiles_get_profile
                0x08007024       0x14 src-roc\reflow_profiles.o
                0x08007024                reflow_profiles_get_profile
 .text.reflow_profiles_get_profile_name
                0x08007038       0x1a src-roc\reflow_profiles.o
                0x08007038                reflow_profiles_get_profile_name
 .text.reflow_profiles_get_time
                0x08007052       0x10 src-roc\reflow_profiles.o
                0x08007052                reflow_profiles_get_time
 .text.reflow_profiles_get_temp
                0x08007062       0x10 src-roc\reflow_profiles.o
                0x08007062                reflow_profiles_get_temp
 .text.reflow_profiles_get_max_temp
                0x08007072       0x2a src-roc\reflow_profiles.o
                0x08007072                reflow_profiles_get_max_temp
 .text.reflow_profiles_get_total_time
                0x0800709c        0xe src-roc\reflow_profiles.o
                0x0800709c                reflow_profiles_get_total_time
 .text.reflow_profiles_get_profile_cooldown_time
                0x080070aa        0x4 src-roc\reflow_profiles.o
                0x080070aa                reflow_profiles_get_profile_cooldown_time
 .text.reflow_profiles_get_profile_sample_count
                0x080070ae        0x4 src-roc\reflow_profiles.o
                0x080070ae                reflow_profiles_get_profile_sample_count
 *fill*         0x080070b2        0x2 
 .text.HAL_GPIO_EXTI_Callback
                0x080070b4       0x60 src-roc\rot_encoder.o
                0x080070b4                HAL_GPIO_EXTI_Callback
 .text.update_GPIO
                0x08007114       0x18 src-roc\ssr.o
 .text.ssr_toggle
                0x0800712c       0x18 src-roc\ssr.o
                0x0800712c                ssr_toggle
 .text.ssr_enable
                0x08007144       0x14 src-roc\ssr.o
                0x08007144                ssr_enable
 .text.ssr_disable
                0x08007158       0x14 src-roc\ssr.o
                0x08007158                ssr_disable
 .text.ssr_get_state
                0x0800716c        0xc src-roc\ssr.o
                0x0800716c                ssr_get_state
 .text.tc_init  0x08007178        0xc src-roc\tc.o
                0x08007178                tc_init
 .text.tc_read_temp
                0x08007184       0xc8 src-roc\tc.o
                0x08007184                tc_read_temp
 .text.tempctrl_update
                0x0800724c       0x20 src-roc\tempctrl.o
                0x0800724c                tempctrl_update
 .text.tempctrl_tick
                0x0800726c       0x34 src-roc\tempctrl.o
                0x0800726c                tempctrl_tick
 .text.tempctrl_ssr_tick
                0x080072a0       0x54 src-roc\tempctrl.o
                0x080072a0                tempctrl_ssr_tick
 .text.tempctrl_enable
                0x080072f4        0xc src-roc\tempctrl.o
                0x080072f4                tempctrl_enable
 .text.tempctrl_disable
                0x08007300        0xc src-roc\tempctrl.o
                0x08007300                tempctrl_disable
 .text.u8g_hw_port_byte_cb
                0x0800730c       0x78 src-roc\u8g_arm.o
                0x0800730c                u8g_hw_port_byte_cb
 .text.u8g_hw_port_delay_ns
                0x08007384       0x1a src-roc\u8g_arm.o
                0x08007384                u8g_hw_port_delay_ns
 *fill*         0x0800739e        0x2 
 .text.u8g_hw_port_delay_100ns
                0x080073a0       0x38 src-roc\u8g_arm.o
                0x080073a0                u8g_hw_port_delay_100ns
 .text.u8g_hw_port_delay_10us
                0x080073d8       0x16 src-roc\u8g_arm.o
                0x080073d8                u8g_hw_port_delay_10us
 *fill*         0x080073ee        0x2 
 .text.u8g_hw_port_gpio_delay_cb
                0x080073f0       0xb4 src-roc\u8g_arm.o
                0x080073f0                u8g_hw_port_gpio_delay_cb
 .text.__libc_init_array
                0x080074a4       0x48 c:/program files (x86)/atollic/truestudio for stm32 9.3.0/armtools/bin/../lib/gcc/arm-atollic-eabi/6.3.1/../../../../arm-atollic-eabi/lib/armv6-m\libc_nano.a(lib_a-init.o)
                0x080074a4                __libc_init_array
 .text.memcpy   0x080074ec       0x12 c:/program files (x86)/atollic/truestudio for stm32 9.3.0/armtools/bin/../lib/gcc/arm-atollic-eabi/6.3.1/../../../../arm-atollic-eabi/lib/armv6-m\libc_nano.a(lib_a-memcpy-stub.o)
                0x080074ec                memcpy
 .text.memset   0x080074fe       0x10 c:/program files (x86)/atollic/truestudio for stm32 9.3.0/armtools/bin/../lib/gcc/arm-atollic-eabi/6.3.1/../../../../arm-atollic-eabi/lib/armv6-m\libc_nano.a(lib_a-memset.o)
                0x080074fe                memset
 *fill*         0x0800750e        0x2 
 .text.sprintf  0x08007510       0x44 c:/program files (x86)/atollic/truestudio for stm32 9.3.0/armtools/bin/../lib/gcc/arm-atollic-eabi/6.3.1/../../../../arm-atollic-eabi/lib/armv6-m\libc_nano.a(lib_a-sprintf.o)
                0x08007510                sprintf
                0x08007510                siprintf
 .text.strcpy   0x08007554       0x10 c:/program files (x86)/atollic/truestudio for stm32 9.3.0/armtools/bin/../lib/gcc/arm-atollic-eabi/6.3.1/../../../../arm-atollic-eabi/lib/armv6-m\libc_nano.a(lib_a-strcpy.o)
                0x08007554                strcpy
 .text._malloc_r
                0x08007564       0xbc c:/program files (x86)/atollic/truestudio for stm32 9.3.0/armtools/bin/../lib/gcc/arm-atollic-eabi/6.3.1/../../../../arm-atollic-eabi/lib/armv6-m\libc_nano.a(lib_a-nano-mallocr.o)
                0x08007564                _malloc_r
 .text.__ssputs_r
                0x08007620       0xc4 c:/program files (x86)/atollic/truestudio for stm32 9.3.0/armtools/bin/../lib/gcc/arm-atollic-eabi/6.3.1/../../../../arm-atollic-eabi/lib/armv6-m\libc_nano.a(lib_a-nano-svfprintf.o)
                0x08007620                __ssputs_r
 .text._svfprintf_r
                0x080076e4      0x208 c:/program files (x86)/atollic/truestudio for stm32 9.3.0/armtools/bin/../lib/gcc/arm-atollic-eabi/6.3.1/../../../../arm-atollic-eabi/lib/armv6-m\libc_nano.a(lib_a-nano-svfprintf.o)
                0x080076e4                _svfiprintf_r
                0x080076e4                _svfprintf_r
 .text._printf_common
                0x080078ec       0xda c:/program files (x86)/atollic/truestudio for stm32 9.3.0/armtools/bin/../lib/gcc/arm-atollic-eabi/6.3.1/../../../../arm-atollic-eabi/lib/armv6-m\libc_nano.a(lib_a-nano-vfprintf_i.o)
                0x080078ec                _printf_common
 *fill*         0x080079c6        0x2 
 .text._printf_i
                0x080079c8      0x234 c:/program files (x86)/atollic/truestudio for stm32 9.3.0/armtools/bin/../lib/gcc/arm-atollic-eabi/6.3.1/../../../../arm-atollic-eabi/lib/armv6-m\libc_nano.a(lib_a-nano-vfprintf_i.o)
                0x080079c8                _printf_i
 .text._sbrk_r  0x08007bfc       0x24 c:/program files (x86)/atollic/truestudio for stm32 9.3.0/armtools/bin/../lib/gcc/arm-atollic-eabi/6.3.1/../../../../arm-atollic-eabi/lib/armv6-m\libc_nano.a(lib_a-sbrkr.o)
                0x08007bfc                _sbrk_r
 .text.memchr   0x08007c20       0x16 c:/program files (x86)/atollic/truestudio for stm32 9.3.0/armtools/bin/../lib/gcc/arm-atollic-eabi/6.3.1/../../../../arm-atollic-eabi/lib/armv6-m\libc_nano.a(lib_a-memchr-stub.o)
                0x08007c20                memchr
 .text.memmove  0x08007c36       0x24 c:/program files (x86)/atollic/truestudio for stm32 9.3.0/armtools/bin/../lib/gcc/arm-atollic-eabi/6.3.1/../../../../arm-atollic-eabi/lib/armv6-m\libc_nano.a(lib_a-memmove.o)
                0x08007c36                memmove
 .text.__malloc_lock
                0x08007c5a        0x2 c:/program files (x86)/atollic/truestudio for stm32 9.3.0/armtools/bin/../lib/gcc/arm-atollic-eabi/6.3.1/../../../../arm-atollic-eabi/lib/armv6-m\libc_nano.a(lib_a-mlock.o)
                0x08007c5a                __malloc_lock
 .text.__malloc_unlock
                0x08007c5c        0x2 c:/program files (x86)/atollic/truestudio for stm32 9.3.0/armtools/bin/../lib/gcc/arm-atollic-eabi/6.3.1/../../../../arm-atollic-eabi/lib/armv6-m\libc_nano.a(lib_a-mlock.o)
                0x08007c5c                __malloc_unlock
 *fill*         0x08007c5e        0x2 
 .text._free_r  0x08007c60       0x94 c:/program files (x86)/atollic/truestudio for stm32 9.3.0/armtools/bin/../lib/gcc/arm-atollic-eabi/6.3.1/../../../../arm-atollic-eabi/lib/armv6-m\libc_nano.a(lib_a-nano-freer.o)
                0x08007c60                _free_r
 .text._realloc_r
                0x08007cf4       0x4c c:/program files (x86)/atollic/truestudio for stm32 9.3.0/armtools/bin/../lib/gcc/arm-atollic-eabi/6.3.1/../../../../arm-atollic-eabi/lib/armv6-m\libc_nano.a(lib_a-nano-reallocr.o)
                0x08007cf4                _realloc_r
 .text._malloc_usable_size_r
                0x08007d40       0x10 c:/program files (x86)/atollic/truestudio for stm32 9.3.0/armtools/bin/../lib/gcc/arm-atollic-eabi/6.3.1/../../../../arm-atollic-eabi/lib/armv6-m\libc_nano.a(lib_a-nano-msizer.o)
                0x08007d40                _malloc_usable_size_r
 .text._sbrk    0x08007d50       0x20 c:/program files (x86)/atollic/truestudio for stm32 9.3.0/armtools/bin/../lib/gcc/arm-atollic-eabi/6.3.1/../../../../arm-atollic-eabi/lib/armv6-m\libnosys.a(sbrk.o)
                0x08007d50                _sbrk
 *(.glue_7)
 .glue_7        0x08007d70        0x0 linker stubs
 *(.glue_7t)
 .glue_7t       0x08007d70        0x0 linker stubs
 *(.eh_frame)
 .eh_frame      0x08007d70        0x0 c:/program files (x86)/atollic/truestudio for stm32 9.3.0/armtools/bin/../lib/gcc/arm-atollic-eabi/6.3.1/armv6-m/crtbegin.o
 *(.init)
 .init          0x08007d70        0x4 c:/program files (x86)/atollic/truestudio for stm32 9.3.0/armtools/bin/../lib/gcc/arm-atollic-eabi/6.3.1/armv6-m/crti.o
                0x08007d70                _init
 .init          0x08007d74        0x8 c:/program files (x86)/atollic/truestudio for stm32 9.3.0/armtools/bin/../lib/gcc/arm-atollic-eabi/6.3.1/armv6-m/crtn.o
 *(.fini)
 .fini          0x08007d7c        0x4 c:/program files (x86)/atollic/truestudio for stm32 9.3.0/armtools/bin/../lib/gcc/arm-atollic-eabi/6.3.1/armv6-m/crti.o
                0x08007d7c                _fini
 .fini          0x08007d80        0x8 c:/program files (x86)/atollic/truestudio for stm32 9.3.0/armtools/bin/../lib/gcc/arm-atollic-eabi/6.3.1/armv6-m/crtn.o
                0x08007d88                . = ALIGN (0x4)
                0x08007d88                _etext = .

.vfp11_veneer   0x08007d88        0x0
 .vfp11_veneer  0x08007d88        0x0 linker stubs

.v4_bx          0x08007d88        0x0
 .v4_bx         0x08007d88        0x0 linker stubs

.iplt           0x08007d88        0x0
 .iplt          0x08007d88        0x0 c:/program files (x86)/atollic/truestudio for stm32 9.3.0/armtools/bin/../lib/gcc/arm-atollic-eabi/6.3.1/armv6-m/crtbegin.o

.rodata         0x08007d88     0x159c
                0x08007d88                . = ALIGN (0x4)
 *(.rodata)
 .rodata        0x08007d88       0x50 Application\User\main.o
 .rodata        0x08007dd8       0x20 Drivers\STM32F0xx_HAL_Driver\stm32f0xx_hal_rcc.o
 .rodata        0x08007df8       0x80 c:/program files (x86)/atollic/truestudio for stm32 9.3.0/armtools/bin/../lib/gcc/arm-atollic-eabi/6.3.1/armv6-m\libgcc.a(divsf3.o)
 .rodata        0x08007e78       0x40 c:/program files (x86)/atollic/truestudio for stm32 9.3.0/armtools/bin/../lib/gcc/arm-atollic-eabi/6.3.1/armv6-m\libgcc.a(mulsf3.o)
 .rodata        0x08007eb8       0x40 c:/program files (x86)/atollic/truestudio for stm32 9.3.0/armtools/bin/../lib/gcc/arm-atollic-eabi/6.3.1/armv6-m\libgcc.a(muldf3.o)
 *(.rodata*)
 .rodata.start_display_thread.str1.1
                0x08007ef8       0x28 Application\User\main.o
 .rodata.start_serialport_task.str1.1
                0x08007f20       0x25 Application\User\main.o
 .rodata.start_util_thread.str1.1
                0x08007f45       0x79 Application\User\main.o
 .rodata.str1.1
                0x08007fbe       0x32 Application\User\main.o
 .rodata.HAL_SPI_MspInit.str1.1
                0x08007ff0       0x21 Application\User\stm32f0xx_hal_msp.o
 .rodata.AHBPrescTable
                0x08008011       0x10 Drivers\CMSIS\system_stm32f0xx.o
                0x08008011                AHBPrescTable
 .rodata.APBPrescTable
                0x08008021        0x8 Drivers\CMSIS\system_stm32f0xx.o
                0x08008021                APBPrescTable
 .rodata.CSWTCH.50
                0x08008029        0x4 Drivers\STM32F0xx_HAL_Driver\stm32f0xx_hal_uart.o
 .rodata.vTaskStartScheduler.str1.1
                0x0800802d        0x5 Middlewares\FreeRTOS\tasks.o
 .rodata.u8g2_font_6x10_tf
                0x08008032      0x7e1 lib\u8g_v2\u8g2_fonts.o
                0x08008032                u8g2_font_6x10_tf
 .rodata.u8g2_font_tenfatguys_tf
                0x08008813      0x8bc lib\u8g_v2\u8g2_fonts.o
                0x08008813                u8g2_font_tenfatguys_tf
 *fill*         0x080090cf        0x1 
 .rodata.u8g2_cb_r0
                0x080090d0        0xc lib\u8g_v2\u8g2_setup.o
                0x080090d0                u8g2_cb_r0
 .rodata.u8x8_d_st7920_init_seq
                0x080090dc       0x13 lib\u8g_v2\u8x8_d_st7920.o
 .rodata.u8x8_d_st7920_powersave0_seq
                0x080090ef        0x7 lib\u8g_v2\u8x8_d_st7920.o
 .rodata.u8x8_d_st7920_powersave1_seq
                0x080090f6        0xb lib\u8g_v2\u8x8_d_st7920.o
 *fill*         0x08009101        0x3 
 .rodata.u8x8_st7920_128x64_display_info
                0x08009104       0x18 lib\u8g_v2\u8x8_d_st7920.o
 .rodata.debug_cons_println.str1.1
                0x0800911c        0x2 src-roc\debug.o
 .rodata.debug_rcv_proc_cmd.str1.1
                0x0800911e       0x15 src-roc\debug.o
 .rodata.roc_menu_open.str1.1
                0x08009133       0x43 src-roc\menu.o
 .rodata.roc_menu_credits_redraw.str1.1
                0x08009176       0x4a src-roc\menus\menu_credits.o
 .rodata.menu_items
                0x080091c0        0xc src-roc\menus\menu_main.o
 .rodata.roc_menu_main_redraw.str1.1
                0x080091cc        0xe src-roc\menus\menu_main.o
 .rodata.str1.1
                0x080091da       0x18 src-roc\menus\menu_main.o
                                 0x1f (size before relaxing)
 .rodata.roc_menu_reflow_redraw.str1.1
                0x080091f2       0x46 src-roc\menus\menu_reflow.o
                                 0x4d (size before relaxing)
 .rodata.roc_menu_reflow_confirm_redraw.str1.1
                0x08009238       0x27 src-roc\menus\menu_reflow_confirm.o
                                 0x2e (size before relaxing)
 .rodata.roc_menu_reflow_profiles_redraw.str1.1
                0x0800925f       0x2e src-roc\menus\menu_reflow_profiles.o
                                 0x47 (size before relaxing)
 .rodata.roc_menu_startup_redraw.str1.1
                0x0800928d       0x2e src-roc\menus\menu_startup.o
                                 0x1d (size before relaxing)
 *fill*         0x0800928d        0x3 
 .rodata.__sf_fake_stderr
                0x08009290       0x20 c:/program files (x86)/atollic/truestudio for stm32 9.3.0/armtools/bin/../lib/gcc/arm-atollic-eabi/6.3.1/../../../../arm-atollic-eabi/lib/armv6-m\libc_nano.a(lib_a-findfp.o)
                0x08009290                __sf_fake_stderr
 .rodata.__sf_fake_stdin
                0x080092b0       0x20 c:/program files (x86)/atollic/truestudio for stm32 9.3.0/armtools/bin/../lib/gcc/arm-atollic-eabi/6.3.1/../../../../arm-atollic-eabi/lib/armv6-m\libc_nano.a(lib_a-findfp.o)
                0x080092b0                __sf_fake_stdin
 .rodata.__sf_fake_stdout
                0x080092d0       0x20 c:/program files (x86)/atollic/truestudio for stm32 9.3.0/armtools/bin/../lib/gcc/arm-atollic-eabi/6.3.1/../../../../arm-atollic-eabi/lib/armv6-m\libc_nano.a(lib_a-findfp.o)
                0x080092d0                __sf_fake_stdout
 .rodata._svfprintf_r.str1.1
                0x080092f0       0x11 c:/program files (x86)/atollic/truestudio for stm32 9.3.0/armtools/bin/../lib/gcc/arm-atollic-eabi/6.3.1/../../../../arm-atollic-eabi/lib/armv6-m\libc_nano.a(lib_a-nano-svfprintf.o)
 .rodata._printf_i.str1.1
                0x08009301       0x22 c:/program files (x86)/atollic/truestudio for stm32 9.3.0/armtools/bin/../lib/gcc/arm-atollic-eabi/6.3.1/../../../../arm-atollic-eabi/lib/armv6-m\libc_nano.a(lib_a-nano-vfprintf_i.o)
                0x08009324                . = ALIGN (0x4)
 *fill*         0x08009323        0x1 

.rel.dyn        0x08009324        0x0
 .rel.iplt      0x08009324        0x0 c:/program files (x86)/atollic/truestudio for stm32 9.3.0/armtools/bin/../lib/gcc/arm-atollic-eabi/6.3.1/armv6-m/crtbegin.o

.ARM.extab
 *(.ARM.extab* .gnu.linkonce.armextab.*)

.ARM            0x08009324        0x0
                0x08009324                __exidx_start = .
 *(.ARM.exidx*)
                0x08009324                __exidx_end = .

.preinit_array  0x08009324        0x0
                0x08009324                PROVIDE (__preinit_array_start, .)
 *(.preinit_array*)
                0x08009324                PROVIDE (__preinit_array_end, .)

.init_array     0x08009324        0x4
                0x08009324                PROVIDE (__init_array_start, .)
 *(SORT(.init_array.*))
 *(.init_array*)
 .init_array    0x08009324        0x4 c:/program files (x86)/atollic/truestudio for stm32 9.3.0/armtools/bin/../lib/gcc/arm-atollic-eabi/6.3.1/armv6-m/crtbegin.o
                0x08009328                PROVIDE (__init_array_end, .)

.fini_array     0x08009328        0x4
                [!provide]                PROVIDE (__fini_array_start, .)
 *(SORT(.fini_array.*))
 *(.fini_array*)
 .fini_array    0x08009328        0x4 c:/program files (x86)/atollic/truestudio for stm32 9.3.0/armtools/bin/../lib/gcc/arm-atollic-eabi/6.3.1/armv6-m/crtbegin.o
                [!provide]                PROVIDE (__fini_array_end, .)
                0x0800932c                _sidata = LOADADDR (.data)

.data           0x20000000       0xa4 load address 0x0800932c
                0x20000000                . = ALIGN (0x4)
                0x20000000                _sdata = .
 *(.data)
 *(.data*)
 .data.SystemCoreClock
                0x20000000        0x4 Drivers\CMSIS\system_stm32f0xx.o
                0x20000000                SystemCoreClock
 .data.uxCriticalNesting
                0x20000004        0x4 Middlewares\FreeRTOS\port.o
 .data.menu_item_count
                0x20000008        0x1 src-roc\menus\menu_reflow_profiles.o
 .data.DEFAULT_PROFILE
                0x20000009       0x34 src-roc\reflow_profiles.o
                0x20000009                DEFAULT_PROFILE
 *fill*         0x2000003d        0x3 
 .data._impure_ptr
                0x20000040        0x4 c:/program files (x86)/atollic/truestudio for stm32 9.3.0/armtools/bin/../lib/gcc/arm-atollic-eabi/6.3.1/../../../../arm-atollic-eabi/lib/armv6-m\libc_nano.a(lib_a-impure.o)
                0x20000040                _impure_ptr
 .data.impure_data
                0x20000044       0x60 c:/program files (x86)/atollic/truestudio for stm32 9.3.0/armtools/bin/../lib/gcc/arm-atollic-eabi/6.3.1/../../../../arm-atollic-eabi/lib/armv6-m\libc_nano.a(lib_a-impure.o)
                0x200000a4                . = ALIGN (0x4)
                0x200000a4                _edata = .

.igot.plt       0x200000a4        0x0 load address 0x080093d0
 .igot.plt      0x200000a4        0x0 c:/program files (x86)/atollic/truestudio for stm32 9.3.0/armtools/bin/../lib/gcc/arm-atollic-eabi/6.3.1/armv6-m/crtbegin.o
                0x200000a4                . = ALIGN (0x4)

.bss            0x200000a4     0x27b8 load address 0x080093d0
                0x200000a4                _sbss = .
                0x200000a4                __bss_start__ = _sbss
 *(.bss)
 .bss           0x200000a4       0x1c c:/program files (x86)/atollic/truestudio for stm32 9.3.0/armtools/bin/../lib/gcc/arm-atollic-eabi/6.3.1/armv6-m/crtbegin.o
 *(.bss*)
 .bss.error_code
                0x200000c0        0x1 Application\User\main.o
                0x200000c0                error_code
 *fill*         0x200000c1        0x1 
 .bss.ssr_counter
                0x200000c2        0x2 Application\User\main.o
                0x200000c2                ssr_counter
 .bss.pxEnd     0x200000c4        0x4 Middlewares\FreeRTOS\heap_4.o
 .bss.ucHeap    0x200000c8     0x2000 Middlewares\FreeRTOS\heap_4.o
 .bss.xBlockAllocatedBit
                0x200020c8        0x4 Middlewares\FreeRTOS\heap_4.o
 .bss.xFreeBytesRemaining
                0x200020cc        0x4 Middlewares\FreeRTOS\heap_4.o
 .bss.xMinimumEverFreeBytesRemaining
                0x200020d0        0x4 Middlewares\FreeRTOS\heap_4.o
 .bss.xStart    0x200020d4        0x8 Middlewares\FreeRTOS\heap_4.o
 .bss.pxCurrentTCB
                0x200020dc        0x4 Middlewares\FreeRTOS\tasks.o
                0x200020dc                pxCurrentTCB
 .bss.pxDelayedTaskList
                0x200020e0        0x4 Middlewares\FreeRTOS\tasks.o
 .bss.pxOverflowDelayedTaskList
                0x200020e4        0x4 Middlewares\FreeRTOS\tasks.o
 .bss.pxReadyTasksLists
                0x200020e8       0x8c Middlewares\FreeRTOS\tasks.o
 .bss.uxCurrentNumberOfTasks
                0x20002174        0x4 Middlewares\FreeRTOS\tasks.o
 .bss.uxDeletedTasksWaitingCleanUp
                0x20002178        0x4 Middlewares\FreeRTOS\tasks.o
 .bss.uxPendedTicks
                0x2000217c        0x4 Middlewares\FreeRTOS\tasks.o
 .bss.uxSchedulerSuspended
                0x20002180        0x4 Middlewares\FreeRTOS\tasks.o
 .bss.uxTaskNumber
                0x20002184        0x4 Middlewares\FreeRTOS\tasks.o
 .bss.uxTopReadyPriority
                0x20002188        0x4 Middlewares\FreeRTOS\tasks.o
 .bss.xDelayedTaskList1
                0x2000218c       0x14 Middlewares\FreeRTOS\tasks.o
 .bss.xDelayedTaskList2
                0x200021a0       0x14 Middlewares\FreeRTOS\tasks.o
 .bss.xIdleTaskHandle
                0x200021b4        0x4 Middlewares\FreeRTOS\tasks.o
 .bss.xNextTaskUnblockTime
                0x200021b8        0x4 Middlewares\FreeRTOS\tasks.o
 .bss.xNumOfOverflows
                0x200021bc        0x4 Middlewares\FreeRTOS\tasks.o
 .bss.xPendingReadyList
                0x200021c0       0x14 Middlewares\FreeRTOS\tasks.o
 .bss.xSchedulerRunning
                0x200021d4        0x4 Middlewares\FreeRTOS\tasks.o
 .bss.xSuspendedTaskList
                0x200021d8       0x14 Middlewares\FreeRTOS\tasks.o
 .bss.xTasksWaitingTermination
                0x200021ec       0x14 Middlewares\FreeRTOS\tasks.o
 .bss.xTickCount
                0x20002200        0x4 Middlewares\FreeRTOS\tasks.o
 .bss.xYieldPending
                0x20002204        0x4 Middlewares\FreeRTOS\tasks.o
 .bss.buf.10047
                0x20002208      0x100 lib\u8g_v2\u8g2_d_memory.o
 .bss.buf.5493  0x20002308       0x10 lib\u8g_v2\u8x8_cad.o
 .bss.debug_cons_handle
                0x20002318        0x4 src-roc\debug.o
                0x20002318                debug_cons_handle
 .bss.uart_char_buf_index
                0x2000231c        0x1 src-roc\debug.o
                0x2000231c                uart_char_buf_index
 .bss.uart_state
                0x2000231d        0x1 src-roc\debug.o
                0x2000231d                uart_state
 .bss.current_menu_id
                0x2000231e        0x1 src-roc\menu.o
 .bss.rot_enc_sw
                0x2000231f        0x1 src-roc\menu.o
                0x2000231f                rot_enc_sw
 .bss.rot_enc_turns
                0x20002320        0x2 src-roc\menu.o
                0x20002320                rot_enc_turns
 .bss.selected_item_index
                0x20002322        0x1 src-roc\menus\menu_main.o
 .bss.heater_enabled
                0x20002323        0x1 src-roc\menus\menu_reflow.o
 .bss.hw_update_ticks
                0x20002324        0x2 src-roc\menus\menu_reflow.o
 *fill*         0x20002326        0x2 
 .bss.selected_reflow_profile
                0x20002328        0x4 src-roc\menus\menu_reflow.o
 .bss.set_temp  0x2000232c        0x2 src-roc\menus\menu_reflow.o
 *fill*         0x2000232e        0x2 
 .bss.temp_1_info
                0x20002330        0x8 src-roc\menus\menu_reflow.o
 .bss.temp_2_info
                0x20002338        0x8 src-roc\menus\menu_reflow.o
 .bss.time_since_start
                0x20002340        0x2 src-roc\menus\menu_reflow.o
 .bss.time_total
                0x20002342        0x2 src-roc\menus\menu_reflow.o
 .bss.time_update_ticks
                0x20002344        0x2 src-roc\menus\menu_reflow.o
 .bss.timer_started
                0x20002346        0x1 src-roc\menus\menu_reflow.o
 .bss.selected_item_index
                0x20002347        0x1 src-roc\menus\menu_reflow_confirm.o
 .bss.selected_reflow_profile
                0x20002348        0x4 src-roc\menus\menu_reflow_confirm.o
 .bss.menu_mode
                0x2000234c        0x1 src-roc\menus\menu_reflow_profiles.o
 .bss.scroll_item_0
                0x2000234d        0x1 src-roc\menus\menu_reflow_profiles.o
 .bss.selected_item_index
                0x2000234e        0x1 src-roc\menus\menu_reflow_profiles.o
 *fill*         0x2000234f        0x1 
 .bss.selected_profile
                0x20002350        0x4 src-roc\menus\menu_reflow_profiles.o
 .bss.selected_profile_id
                0x20002354        0x1 src-roc\menus\menu_reflow_profiles.o
 .bss.a_toggled
                0x20002355        0x1 src-roc\rot_encoder.o
 .bss.b_toggled
                0x20002356        0x1 src-roc\rot_encoder.o
 .bss.ssr_state
                0x20002357        0x1 src-roc\ssr.o
 .bss.ctrl_active
                0x20002358        0x1 src-roc\tempctrl.o
 *fill*         0x20002359        0x1 
 .bss.current_avg_temp
                0x2000235a        0x2 src-roc\tempctrl.o
 .bss.current_goal_temp
                0x2000235c        0x2 src-roc\tempctrl.o
 .bss.heater_mode
                0x2000235e        0x1 src-roc\tempctrl.o
 *fill*         0x2000235f        0x1 
 .bss.__malloc_free_list
                0x20002360        0x4 c:/program files (x86)/atollic/truestudio for stm32 9.3.0/armtools/bin/../lib/gcc/arm-atollic-eabi/6.3.1/../../../../arm-atollic-eabi/lib/armv6-m\libc_nano.a(lib_a-nano-mallocr.o)
                0x20002360                __malloc_free_list
 .bss.__malloc_sbrk_start
                0x20002364        0x4 c:/program files (x86)/atollic/truestudio for stm32 9.3.0/armtools/bin/../lib/gcc/arm-atollic-eabi/6.3.1/../../../../arm-atollic-eabi/lib/armv6-m\libc_nano.a(lib_a-nano-mallocr.o)
                0x20002364                __malloc_sbrk_start
 .bss.heap_end.4116
                0x20002368        0x4 c:/program files (x86)/atollic/truestudio for stm32 9.3.0/armtools/bin/../lib/gcc/arm-atollic-eabi/6.3.1/../../../../arm-atollic-eabi/lib/armv6-m\libnosys.a(sbrk.o)
 *(COMMON)
 COMMON         0x2000236c      0x43c Application\User\main.o
                0x2000236c                hrtc
                0x2000238c                hspi1
                0x200023f0                hdma_usart1_rx
                0x20002434                hi2c2
                0x20002480                hdma_usart3_rx
                0x200024c4                hdma_spi1_tx
                0x20002508                u8g2
                0x20002590                utilThreadHandle
                0x20002594                mutex_uart1Handle
                0x20002598                serialPortTaskHandle
                0x2000259c                huart1
                0x2000260c                huart3
                0x2000267c                displayThreadHandle
                0x20002680                hdma_usart1_tx
                0x200026c4                display_cs_pin
                0x200026c8                display_cs_port
                0x200026cc                hdma_usart3_tx
                0x20002710                hdma_spi1_rx
                0x20002754                ssrThreadHandle
                0x20002758                mutex_uart3Handle
                0x2000275c                hadc
 COMMON         0x200027a8       0x40 Application\User\stm32f0xx_hal_timebase_TIM.o
                0x200027a8                htim1
 COMMON         0x200027e8        0x4 Drivers\STM32F0xx_HAL_Driver\stm32f0xx_hal.o
                0x200027e8                uwTick
 COMMON         0x200027ec       0x45 src-roc\debug.o
                0x200027ec                uart_char_buf
                0x2000282c                uart_mutex
                0x20002830                uart_rcv_buf
 *fill*         0x20002831        0x3 
 COMMON         0x20002834       0x20 src-roc\display.o
                0x20002834                display_spi_sck_port
                0x20002838                display_dc_pin
                0x2000283c                display_spi_handle
                0x20002840                display_spi_mosi_pin
                0x20002844                display_rst_port
                0x20002848                display_dc_port
                0x2000284c                display_spi_sck_pin
                0x2000284e                display_rst_pin
                0x20002850                display_spi_mosi_port
 COMMON         0x20002854        0x4 src-roc\tc.o
                0x20002854                hspi
 COMMON         0x20002858        0x4 c:/program files (x86)/atollic/truestudio for stm32 9.3.0/armtools/bin/../lib/gcc/arm-atollic-eabi/6.3.1/../../../../arm-atollic-eabi/lib/armv6-m\libc_nano.a(lib_a-reent.o)
                0x20002858                errno
                0x2000285c                . = ALIGN (0x4)
                0x2000285c                _ebss = .
                0x2000285c                __bss_end__ = _ebss

._user_heap_stack
                0x2000285c      0x600 load address 0x080093d0
                0x2000285c                . = ALIGN (0x4)
                0x2000285c                PROVIDE (end, .)
                [!provide]                PROVIDE (_end, .)
                0x20002a5c                . = (. + _Min_Heap_Size)
 *fill*         0x2000285c      0x200 
                0x20002e5c                . = (. + _Min_Stack_Size)
 *fill*         0x20002a5c      0x400 
                0x20002e5c                . = ALIGN (0x4)

/DISCARD/
 libc.a(*)
 libm.a(*)
 libgcc.a(*)

.ARM.attributes
                0x00000000       0x28
 *(.ARM.attributes)
 .ARM.attributes
                0x00000000       0x1e c:/program files (x86)/atollic/truestudio for stm32 9.3.0/armtools/bin/../lib/gcc/arm-atollic-eabi/6.3.1/armv6-m/crti.o
 .ARM.attributes
                0x0000001e       0x2c c:/program files (x86)/atollic/truestudio for stm32 9.3.0/armtools/bin/../lib/gcc/arm-atollic-eabi/6.3.1/armv6-m/crtbegin.o
 .ARM.attributes
                0x0000004a       0x21 Application\TrueSTUDIO\startup_stm32f072xb.o
 .ARM.attributes
                0x0000006b       0x31 Application\User\main.o
 .ARM.attributes
                0x0000009c       0x31 Application\User\stm32f0xx_hal_msp.o
 .ARM.attributes
                0x000000cd       0x31 Application\User\stm32f0xx_hal_timebase_TIM.o
 .ARM.attributes
                0x000000fe       0x31 Application\User\stm32f0xx_it.o
 .ARM.attributes
                0x0000012f       0x31 Drivers\CMSIS\system_stm32f0xx.o
 .ARM.attributes
                0x00000160       0x31 Drivers\STM32F0xx_HAL_Driver\stm32f0xx_hal.o
 .ARM.attributes
                0x00000191       0x31 Drivers\STM32F0xx_HAL_Driver\stm32f0xx_hal_adc.o
 .ARM.attributes
                0x000001c2       0x31 Drivers\STM32F0xx_HAL_Driver\stm32f0xx_hal_cortex.o
 .ARM.attributes
                0x000001f3       0x31 Drivers\STM32F0xx_HAL_Driver\stm32f0xx_hal_dma.o
 .ARM.attributes
                0x00000224       0x31 Drivers\STM32F0xx_HAL_Driver\stm32f0xx_hal_gpio.o
 .ARM.attributes
                0x00000255       0x31 Drivers\STM32F0xx_HAL_Driver\stm32f0xx_hal_i2c.o
 .ARM.attributes
                0x00000286       0x31 Drivers\STM32F0xx_HAL_Driver\stm32f0xx_hal_i2c_ex.o
 .ARM.attributes
                0x000002b7       0x31 Drivers\STM32F0xx_HAL_Driver\stm32f0xx_hal_rcc.o
 .ARM.attributes
                0x000002e8       0x31 Drivers\STM32F0xx_HAL_Driver\stm32f0xx_hal_rcc_ex.o
 .ARM.attributes
                0x00000319       0x31 Drivers\STM32F0xx_HAL_Driver\stm32f0xx_hal_rtc.o
 .ARM.attributes
                0x0000034a       0x31 Drivers\STM32F0xx_HAL_Driver\stm32f0xx_hal_spi.o
 .ARM.attributes
                0x0000037b       0x31 Drivers\STM32F0xx_HAL_Driver\stm32f0xx_hal_tim.o
 .ARM.attributes
                0x000003ac       0x31 Drivers\STM32F0xx_HAL_Driver\stm32f0xx_hal_tim_ex.o
 .ARM.attributes
                0x000003dd       0x31 Drivers\STM32F0xx_HAL_Driver\stm32f0xx_hal_uart.o
 .ARM.attributes
                0x0000040e       0x31 Drivers\STM32F0xx_HAL_Driver\stm32f0xx_hal_uart_ex.o
 .ARM.attributes
                0x0000043f       0x31 Middlewares\FreeRTOS\cmsis_os.o
 .ARM.attributes
                0x00000470       0x31 Middlewares\FreeRTOS\heap_4.o
 .ARM.attributes
                0x000004a1       0x31 Middlewares\FreeRTOS\list.o
 .ARM.attributes
                0x000004d2       0x31 Middlewares\FreeRTOS\port.o
 .ARM.attributes
                0x00000503       0x31 Middlewares\FreeRTOS\queue.o
 .ARM.attributes
                0x00000534       0x31 Middlewares\FreeRTOS\tasks.o
 .ARM.attributes
                0x00000565       0x31 lib\u8g_v2\u8g2_box.o
 .ARM.attributes
                0x00000596       0x31 lib\u8g_v2\u8g2_buffer.o
 .ARM.attributes
                0x000005c7       0x31 lib\u8g_v2\u8g2_d_memory.o
 .ARM.attributes
                0x000005f8       0x31 lib\u8g_v2\u8g2_d_setup.o
 .ARM.attributes
                0x00000629       0x31 lib\u8g_v2\u8g2_font.o
 .ARM.attributes
                0x0000065a       0x31 lib\u8g_v2\u8g2_fonts.o
 .ARM.attributes
                0x0000068b       0x31 lib\u8g_v2\u8g2_hvline.o
 .ARM.attributes
                0x000006bc       0x31 lib\u8g_v2\u8g2_intersection.o
 .ARM.attributes
                0x000006ed       0x31 lib\u8g_v2\u8g2_line.o
 .ARM.attributes
                0x0000071e       0x31 lib\u8g_v2\u8g2_ll_hvline.o
 .ARM.attributes
                0x0000074f       0x31 lib\u8g_v2\u8g2_setup.o
 .ARM.attributes
                0x00000780       0x31 lib\u8g_v2\u8x8_8x8.o
 .ARM.attributes
                0x000007b1       0x31 lib\u8g_v2\u8x8_byte.o
 .ARM.attributes
                0x000007e2       0x31 lib\u8g_v2\u8x8_cad.o
 .ARM.attributes
                0x00000813       0x31 lib\u8g_v2\u8x8_d_st7920.o
 .ARM.attributes
                0x00000844       0x31 lib\u8g_v2\u8x8_display.o
 .ARM.attributes
                0x00000875       0x31 lib\u8g_v2\u8x8_gpio.o
 .ARM.attributes
                0x000008a6       0x31 lib\u8g_v2\u8x8_setup.o
 .ARM.attributes
                0x000008d7       0x31 src-roc\debug.o
 .ARM.attributes
                0x00000908       0x31 src-roc\display.o
 .ARM.attributes
                0x00000939       0x31 src-roc\menu.o
 .ARM.attributes
                0x0000096a       0x31 src-roc\menus\menu_credits.o
 .ARM.attributes
                0x0000099b       0x31 src-roc\menus\menu_main.o
 .ARM.attributes
                0x000009cc       0x31 src-roc\menus\menu_reflow.o
 .ARM.attributes
                0x000009fd       0x31 src-roc\menus\menu_reflow_confirm.o
 .ARM.attributes
                0x00000a2e       0x31 src-roc\menus\menu_reflow_profiles.o
 .ARM.attributes
                0x00000a5f       0x31 src-roc\menus\menu_startup.o
 .ARM.attributes
                0x00000a90       0x31 src-roc\reflow_profiles.o
 .ARM.attributes
                0x00000ac1       0x31 src-roc\rot_encoder.o
 .ARM.attributes
                0x00000af2       0x31 src-roc\ssr.o
 .ARM.attributes
                0x00000b23       0x31 src-roc\tc.o
 .ARM.attributes
                0x00000b54       0x31 src-roc\tempctrl.o
 .ARM.attributes
                0x00000b85       0x31 src-roc\u8g_arm.o
 .ARM.attributes
                0x00000bb6       0x2c c:/program files (x86)/atollic/truestudio for stm32 9.3.0/armtools/bin/../lib/gcc/arm-atollic-eabi/6.3.1/../../../../arm-atollic-eabi/lib/armv6-m\libc_nano.a(lib_a-init.o)
 .ARM.attributes
                0x00000be2       0x2c c:/program files (x86)/atollic/truestudio for stm32 9.3.0/armtools/bin/../lib/gcc/arm-atollic-eabi/6.3.1/../../../../arm-atollic-eabi/lib/armv6-m\libc_nano.a(lib_a-memcpy-stub.o)
 .ARM.attributes
                0x00000c0e       0x2c c:/program files (x86)/atollic/truestudio for stm32 9.3.0/armtools/bin/../lib/gcc/arm-atollic-eabi/6.3.1/../../../../arm-atollic-eabi/lib/armv6-m\libc_nano.a(lib_a-memset.o)
 .ARM.attributes
                0x00000c3a       0x2c c:/program files (x86)/atollic/truestudio for stm32 9.3.0/armtools/bin/../lib/gcc/arm-atollic-eabi/6.3.1/../../../../arm-atollic-eabi/lib/armv6-m\libc_nano.a(lib_a-sprintf.o)
 .ARM.attributes