stm32f0xx_hal_msp.c:71:6:HAL_MspInit	16	static
stm32f0xx_hal_msp.c:93:6:HAL_ADC_MspInit	32	static
stm32f0xx_hal_msp.c:123:6:HAL_ADC_MspDeInit	8	static
stm32f0xx_hal_msp.c:149:6:HAL_I2C_MspInit	32	static
stm32f0xx_hal_msp.c:179:6:HAL_I2C_MspDeInit	8	static
stm32f0xx_hal_msp.c:203:6:HAL_RTC_MspInit	0	static
stm32f0xx_hal_msp.c:220:6:HAL_RTC_MspDeInit	0	static
stm32f0xx_hal_msp.c:237:6:HAL_SPI_MspInit	48	static
stm32f0xx_hal_msp.c:301:6:HAL_SPI_MspDeInit	8	static
stm32f0xx_hal_msp.c:329:6:HAL_UART_MspInit	48	static
stm32f0xx_hal_msp.c:458:6:HAL_UART_MspDeInit	8	static
