reflow_profiles.c:71:9:reflow_profiles_get_count	0	static
reflow_profiles.c:79:9:reflow_profiles_get_profile_byte_size	0	static
reflow_profiles.c:87:10:reflow_profiles_get_profile	0	static
reflow_profiles.c:97:9:reflow_profiles_get_profile_name_length	0	static
reflow_profiles.c:105:6:reflow_profiles_get_profile_name	0	static
reflow_profiles.c:118:10:reflow_profiles_get_time	0	static
reflow_profiles.c:126:10:reflow_profiles_get_temp	0	static
reflow_profiles.c:134:10:reflow_profiles_get_max_temp	24	static
reflow_profiles.c:151:10:reflow_profiles_get_total_time	8	static
reflow_profiles.c:159:9:reflow_profiles_get_profile_cooldown_time	0	static
reflow_profiles.c:167:9:reflow_profiles_get_profile_sample_count	0	static
